--------- beginning of main
10-02 20:28:27.119  1640  1653 E memtrack: Couldn't load memtrack module
10-02 20:28:27.119  1640  1653 W android.os.Debug: failed to get memory consumption info: -1
10-02 20:28:30.214  1431 13967 W audio_hw_generic: in_read_worker only could write 0 / 240 frames
--------- beginning of system
10-02 20:28:30.221  1640  1657 E BatteryExternalStatsWorker: modem info is invalid: ModemActivityInfo{ mTimestamp=0 mSleepTimeMs=0 mIdleTimeMs=0 mTxTimeMs[]=[0, 0, 0, 0, 0] mRxTimeMs=0 mEnergyUsed=0}
10-02 20:28:31.354  1903  1903 I Finsky  : [2] ytx.onStartJob(3): SCH: onJobSchedulerWakeup with jobId 9004
10-02 20:28:31.356  1903  1903 I Finsky  : [2] ypg.a(19): SCH: Scheduling fallback job with id: 9034, and delay: 43200000 ms
10-02 20:28:31.358  1903  1903 I Finsky  : [2] ypg.a(9): SCH: Scheduling fallback in 64799998 (absolute: 165931408)
10-02 20:28:31.371  1903  1903 I Finsky  : [2] ypp.handleMessage(8): SCH: DeviceState: DeviceState{currentTime=1601663311369, isCharging=true, isIdle=false, netAny=true, netNotRoaming=true, netUnmetered=true, batteryPercent=100.0}
10-02 20:28:31.375  1903  4803 I Finsky  : [1730] ysc.a(5): SCH: Jobs in database: 1-1337 2-48879 3-20 3-21 3-22 12-1 24-77777777 26-1414141414 
10-02 20:28:31.381  1903  1903 I Finsky  : [2] ypq.a(16): SCH: Running job: 12-1
10-02 20:28:31.382  1903  1903 I Finsky  : [2] ContentSyncJob.a(16): [ContentSync] job started
10-02 20:28:31.383  1903  1903 I Finsky  : [2] ypp.handleMessage(61): SCH: RunningQueue size: 1, PendingQueue size: 0
10-02 20:28:31.383  1903  1903 I Finsky  : [2] ypp.handleMessage(64): SCH: Running queue: 12-1 
10-02 20:28:31.405  1903  4835 I Finsky  : [1741] dwx.a(22): Completed 0 account content syncs with 0 successful.
10-02 20:28:31.405  1903  1903 I Finsky  : [2] ContentSyncJob.a(1): [ContentSync] Installation state replication succeeded.
10-02 20:28:31.405  1903  1903 I Finsky  : [2] yrb.a(13): SCH: jobFinished: 12-1. TimeElapsed: 24ms.
10-02 20:28:31.406  1903  1903 I Finsky  : [2] ypq.a(36): SCH: Job 12-1 finished. Not rescheduling.
10-02 20:28:31.406  1903  1903 I Finsky  : [2] ypp.handleMessage(61): SCH: RunningQueue size: 0, PendingQueue size: 0
10-02 20:28:31.406  1903  1903 I Finsky  : [2] ypp.handleMessage(25): SCH: Executor finished
10-02 20:28:31.413  1903  1903 I Finsky  : [2] ysc.a(5): SCH: Jobs in database: 1-1337 2-48879 3-20 3-21 3-22 24-77777777 26-1414141414 
10-02 20:28:31.416  1903  1903 I Finsky  : [2] yqo.a(77): SCH: ConstraintMapping: 24-77777777,  -> L: 0ms, D: 78589806ms, C: false, I: true, N: 0
10-02 20:28:31.416  1903  1903 I Finsky  : [2] yqo.a(77): SCH: ConstraintMapping: 1-1337,  -> L: 34645522ms, D: 77845522ms, C: false, I: false, N: 1
10-02 20:28:31.416  1903  1903 I Finsky  : [2] yqo.a(77): SCH: ConstraintMapping: 3-22,  -> L: 0ms, D: 82181993ms, C: true, I: true, N: 1
10-02 20:28:31.417  1903  1903 I Finsky  : [2] yqo.a(77): SCH: ConstraintMapping: 3-20,  -> L: 0ms, D: 82181975ms, C: false, I: true, N: 2
10-02 20:28:31.417  1903  1903 I Finsky  : [2] yqo.a(77): SCH: ConstraintMapping: 2-48879, 3-21,  -> L: 0ms, D: 82181981ms, C: true, I: true, N: 2
10-02 20:28:31.417  1903  1903 I Finsky  : [2] yqo.a(77): SCH: ConstraintMapping: 26-1414141414,  -> L: 24580982ms, D: 25480982ms, C: false, I: false, N: 0
10-02 20:28:31.422  1903  1903 I Finsky  : [2] yqo.a(36): SCH: Cancelling existing jobscheduler jobs: 9005 9006 9001 9011 9008 
10-02 20:28:31.422  1903  1903 I Finsky  : [2] yqo.a(12): SCH: Throttling wakeup for job 9000 (expected to run in 0 ms) due to recent wakeup
10-02 20:28:31.422  1903  1903 I Finsky  : [2] yqo.a(29): SCH: Scheduling job Id: 9000, L: 30000, D: 78589806, C: false, I: true, N: 0
10-02 20:28:31.423  1903  1903 I Finsky  : [2] yqo.a(29): SCH: Scheduling job Id: 9002, L: 34645522, D: 77845522, C: false, I: false, N: 1
10-02 20:28:31.423  1903  1903 I Finsky  : [2] yqo.a(12): SCH: Throttling wakeup for job 9003 (expected to run in 0 ms) due to recent wakeup
10-02 20:28:31.423  1903  1903 I Finsky  : [2] yqo.a(29): SCH: Scheduling job Id: 9003, L: 30000, D: 82181993, C: true, I: true, N: 1
10-02 20:28:31.424  1903  1903 I Finsky  : [2] yqo.a(12): SCH: Throttling wakeup for job 9007 (expected to run in 0 ms) due to recent wakeup
10-02 20:28:31.424  1903  1903 I Finsky  : [2] yqo.a(29): SCH: Scheduling job Id: 9007, L: 30000, D: 82181975, C: false, I: true, N: 2
10-02 20:28:31.424  1903  1903 I Finsky  : [2] yqo.a(12): SCH: Throttling wakeup for job 9009 (expected to run in 0 ms) due to recent wakeup
10-02 20:28:31.424  1903  1903 I Finsky  : [2] yqo.a(29): SCH: Scheduling job Id: 9009, L: 30000, D: 82181981, C: true, I: true, N: 2
10-02 20:28:31.425  1903  1903 I Finsky  : [2] yqo.a(29): SCH: Scheduling job Id: 9010, L: 24580982, D: 25480982, C: false, I: false, N: 0
10-02 20:28:42.348  1640  3778 W ActivityManager: Background start not allowed: service Intent { cmp=com.google.android.apps.messaging/.shared.datamodel.action.execution.ActionExecutorImpl$EmptyService } to com.google.android.apps.messaging/.shared.datamodel.action.execution.ActionExecutorImpl$EmptyService from pid=4384 uid=10068 pkg=com.google.android.apps.messaging
10-02 20:28:42.349  4384  4384 W BugleDataModel: ActionExecutorImpl: Action started execution, but we can't guarantee it will complete, the app may be killed. Action: class com.google.android.apps.messaging.shared.datamodel.action.CountryCodeDetectorAction-CountryCodeDetectorAction:101022238003
10-02 20:28:42.349  4384  4384 W BugleDataModel: java.lang.IllegalStateException: Not allowed to start service Intent { cmp=com.google.android.apps.messaging/.shared.datamodel.action.execution.ActionExecutorImpl$EmptyService }: app is in background uid UidRecord{5ca5cdf u0a68 CEM  idle procs:2 seq(0,0,0)}
10-02 20:28:42.349  4384  4384 W BugleDataModel: 	at android.app.ContextImpl.startServiceCommon(ContextImpl.java:1521)
10-02 20:28:42.349  4384  4384 W BugleDataModel: 	at android.app.ContextImpl.startService(ContextImpl.java:1477)
10-02 20:28:42.349  4384  4384 W BugleDataModel: 	at android.content.ContextWrapper.startService(ContextWrapper.java:650)
10-02 20:28:42.349  4384  4384 W BugleDataModel: 	at com.google.android.apps.messaging.shared.datamodel.action.execution.ActionExecutorImpl.a(PG:102)
10-02 20:28:42.349  4384  4384 W BugleDataModel: 	at com.google.android.apps.messaging.shared.datamodel.action.execution.ActionExecutorImpl.a(PG:97)
10-02 20:28:42.349  4384  4384 W BugleDataModel: 	at hpr.d(PG:118)
10-02 20:28:42.349  4384  4384 W BugleDataModel: 	at hpo.run(Unknown Source:4)
10-02 20:28:42.349  4384  4384 W BugleDataModel: 	at akmf.run(PG:2)
10-02 20:28:42.349  4384  4384 W BugleDataModel: 	at android.os.Handler.handleCallback(Handler.java:790)
10-02 20:28:42.349  4384  4384 W BugleDataModel: 	at android.os.Handler.dispatchMessage(Handler.java:99)
10-02 20:28:42.349  4384  4384 W BugleDataModel: 	at android.os.Looper.loop(Looper.java:164)
10-02 20:28:42.349  4384  4384 W BugleDataModel: 	at android.app.ActivityThread.main(ActivityThread.java:6494)
10-02 20:28:42.349  4384  4384 W BugleDataModel: 	at java.lang.reflect.Method.invoke(Native Method)
10-02 20:28:42.349  4384  4384 W BugleDataModel: 	at com.android.internal.os.RuntimeInit$MethodAndArgsCaller.run(RuntimeInit.java:438)
10-02 20:28:42.349  4384  4384 W BugleDataModel: 	at com.android.internal.os.ZygoteInit.main(ZygoteInit.java:807)
10-02 20:28:42.351  1640  3778 W ActivityManager: Background start not allowed: service Intent { cmp=com.google.android.apps.messaging/.shared.datamodel.action.execution.ActionExecutorImpl$EmptyService } to com.google.android.apps.messaging/.shared.datamodel.action.execution.ActionExecutorImpl$EmptyService from pid=4384 uid=10068 pkg=com.google.android.apps.messaging
10-02 20:28:42.351  4384  4384 W BugleDataModel: ActionExecutorImpl: Action started execution, but we can't guarantee it will complete, the app may be killed. Action: class com.google.android.apps.messaging.shared.datamodel.action.SelfParticipantsRefreshAction-SelfParticipantsRefreshAction:101022238004
10-02 20:28:42.351  4384  4384 W BugleDataModel: java.lang.IllegalStateException: Not allowed to start service Intent { cmp=com.google.android.apps.messaging/.shared.datamodel.action.execution.ActionExecutorImpl$EmptyService }: app is in background uid UidRecord{5ca5cdf u0a68 CEM  idle procs:2 seq(0,0,0)}
10-02 20:28:42.351  4384  4384 W BugleDataModel: 	at android.app.ContextImpl.startServiceCommon(ContextImpl.java:1521)
10-02 20:28:42.351  4384  4384 W BugleDataModel: 	at android.app.ContextImpl.startService(ContextImpl.java:1477)
10-02 20:28:42.351  4384  4384 W BugleDataModel: 	at android.content.ContextWrapper.startService(ContextWrapper.java:650)
10-02 20:28:42.351  4384  4384 W BugleDataModel: 	at com.google.android.apps.messaging.shared.datamodel.action.execution.ActionExecutorImpl.a(PG:102)
10-02 20:28:42.351  4384  4384 W BugleDataModel: 	at com.google.android.apps.messaging.shared.datamodel.action.execution.ActionExecutorImpl.a(PG:97)
10-02 20:28:42.351  4384  4384 W BugleDataModel: 	at hpr.d(PG:118)
10-02 20:28:42.351  4384  4384 W BugleDataModel: 	at hpo.run(Unknown Source:4)
10-02 20:28:42.351  4384  4384 W BugleDataModel: 	at akmf.run(PG:2)
10-02 20:28:42.351  4384  4384 W BugleDataModel: 	at android.os.Handler.handleCallback(Handler.java:790)
10-02 20:28:42.351  4384  4384 W BugleDataModel: 	at android.os.Handler.dispatchMessage(Handler.java:99)
10-02 20:28:42.351  4384  4384 W BugleDataModel: 	at android.os.Looper.loop(Looper.java:164)
10-02 20:28:42.351  4384  4384 W BugleDataModel: 	at android.app.ActivityThread.main(ActivityThread.java:6494)
10-02 20:28:42.351  4384  4384 W BugleDataModel: 	at java.lang.reflect.Method.invoke(Native Method)
10-02 20:28:42.351  4384  4384 W BugleDataModel: 	at com.android.internal.os.RuntimeInit$MethodAndArgsCaller.run(RuntimeInit.java:438)
10-02 20:28:42.351  4384  4384 W BugleDataModel: 	at com.android.internal.os.ZygoteInit.main(ZygoteInit.java:807)
10-02 20:28:42.354  4384  4854 I Bugle   : CountryCodeDetector: updateMainDeviceCountry from default subscription network country. detected country: us
10-02 20:28:42.356  4384  4854 I BugleDataModel: ParticipantRefresh: ContactContentObserver created
10-02 20:28:42.356  4384  4854 I BugleDataModel: ParticipantRefresh: Start participant refresh. refreshMode: SELF_ONLY
10-02 20:28:42.367  4384  4854 W ResourceType: For resource 0x7f1303be, entry index(958) is beyond type entryCount(715)
10-02 20:28:42.367  4384  4854 W ResourceType: For resource 0x7f1307a6, entry index(1958) is beyond type entryCount(715)
10-02 20:28:42.367  4384  4854 W ResourceType: For resource 0x7f1308ce, entry index(2254) is beyond type entryCount(715)
10-02 20:28:42.367  4384  4854 W ResourceType: For resource 0x7f13074c, entry index(1868) is beyond type entryCount(715)
10-02 20:28:42.367  4384  4854 W ResourceType: For resource 0x7f130767, entry index(1895) is beyond type entryCount(715)
10-02 20:28:42.367  4384  4854 W ResourceType: For resource 0x7f130654, entry index(1620) is beyond type entryCount(715)
10-02 20:28:42.367  4384  4854 W ResourceType: For resource 0x7f130652, entry index(1618) is beyond type entryCount(715)
10-02 20:28:42.368  4384  4854 W ResourceType: For resource 0x7f130665, entry index(1637) is beyond type entryCount(715)
10-02 20:28:42.368  4384  4854 W ResourceType: For resource 0x7f1304f6, entry index(1270) is beyond type entryCount(715)
10-02 20:28:42.368  4384  4854 W ResourceType: For resource 0x7f13079d, entry index(1949) is beyond type entryCount(715)
10-02 20:28:42.368  4384  4854 W ResourceType: For resource 0x7f130803, entry index(2051) is beyond type entryCount(715)
10-02 20:28:42.368  4384  4854 I BugleBackup: Registering preference change listener for "buglesub_1".
10-02 20:28:42.368  4384  4854 W ResourceType: For resource 0x7f1304f6, entry index(1270) is beyond type entryCount(715)
10-02 20:28:42.378  4384  4854 I Bugle   : CountryCodeDetector: updateMainDeviceCountry from default subscription network country. detected country: us
10-02 20:28:42.382  4384  4854 W ResourceType: For resource 0x7f1304f6, entry index(1270) is beyond type entryCount(715)
10-02 20:28:42.384  4384  4854 W BugleDataModel: SelfParticipantsData: Failed to update self participants' subscription info. updateCount: 0
10-02 20:28:42.388  4384  4854 W ResourceType: For resource 0x7f1304f6, entry index(1270) is beyond type entryCount(715)
10-02 20:28:42.394  4384  4854 W ResourceType: For resource 0x7f1304f6, entry index(1270) is beyond type entryCount(715)
10-02 20:28:42.397  4384  4854 W BugleDataModel: SelfParticipantsData: Failed to update self participants' subscription info. updateCount: 0
10-02 20:28:42.406  4384  4854 W ResourceType: For resource 0x7f1304f6, entry index(1270) is beyond type entryCount(715)
10-02 20:28:42.426  1640  1650 I ActivityManager: Start proc 4856:android.process.acore/u0a1 for content provider com.android.providers.contacts/.ContactsProvider2
10-02 20:28:42.427  4856  4856 W zygote  : Unexpected CPU variant for X86 using defaults: x86
10-02 20:28:42.437  1640  3778 I ActivityManager: Killing 3947:com.google.android.dialer/u0a20 (adj 906): empty #17
10-02 20:28:42.438  1640  1656 W zygote  : kill(-3947, 9) failed: No such process
10-02 20:28:42.450  4856  4856 I zygote  : The ClassLoaderContext is a special shared library.
10-02 20:28:42.478  1640  1656 W zygote  : kill(-3947, 9) failed: No such process
10-02 20:28:42.521  1640  1656 I chatty  : uid=1000(system) ActivityManager identical 1 line
10-02 20:28:42.566  1640  1656 W zygote  : kill(-3947, 9) failed: No such process
10-02 20:28:42.566  1640  1656 I zygote  : Successfully killed process cgroup uid 10020 pid 3947 in 127ms
10-02 20:28:42.659  4856  4856 I ContactsPerf: VoicemailContentProvider.onCreate start
10-02 20:28:42.667  4856  4872 D ContactsDatabaseHelper: WAL enabled for contacts2.db: true
10-02 20:28:42.669  4856  4856 I ContactsPerf: VoicemailContentProvider.onCreate finish
10-02 20:28:42.687  4856  4856 I zygote  : The ClassLoaderContext is a special shared library.
10-02 20:28:42.701  4856  4856 I zygote  : The ClassLoaderContext is a special shared library.
10-02 20:28:42.749  4856  4872 I ContactLocale: AddressBook Labels [[en_US]]: […, A, B, C, D, E, F, G, H, I, J, K, L, M, N, O, P, Q, R, S, T, U, V, W, X, Y, Z, Α, Β, Γ, Δ, Ε, Ζ, Η, Θ, Ι, Κ, Λ, Μ, Ν, Ξ, Ο, Π, Ρ, Σ, Τ, Υ, Φ, Χ, Ψ, Ω, …, А, Б, В, Г, Д, Ђ, Е, Є, Ж, З, И, І, Й, Ј, К, Л, Љ, М, Н, Њ, О, П, Р, С, Т, Ћ, У, Ф, Х, Ц, Ч, Џ, Ш, Щ, Ю, Я, …, א, ב, ג, ד, ה, ו, ז, ח, ט, י, כ, ל, מ, נ, ס, ע, פ, צ, ק, ר, ש, ת, …, ا, ب, ت, ث, ج, ح, خ, د, ذ, ر, ز, س, ش, ص, ض, ط, ظ, ع, غ, ف, ق, ك, ل, م, ن, ه, و, ي, …, ก, ข, ฃ, ค, ฅ, ฆ, ง, จ, ฉ, ช, ซ, ฌ, ญ, ฎ, ฏ, ฐ, ฑ, ฒ, ณ, ด, ต, ถ, ท, ธ, น, บ, ป, ผ, ฝ, พ, ฟ, ภ, ม, ย, ร, ฤ, ล, ฦ, ว, ศ, ษ, ส, ห, ฬ, อ, ฮ, …, ㄱ, ㄴ, ㄷ, ㄹ, ㅁ, ㅂ, ㅅ, ㅇ, ㅈ, ㅊ, ㅋ, ㅌ, ㅍ, ㅎ, …, あ, か, さ, た, な, は, ま, や, ら, わ, #, …]
10-02 20:28:42.759  4856  4872 D ContactsDatabaseHelper: WAL enabled for profile.db: false
10-02 20:28:42.893  1640  3778 D CountryDetector: The first listener is added
10-02 20:28:42.969  4384  4854 W ResourceType: For resource 0x7f1304f6, entry index(1270) is beyond type entryCount(715)
10-02 20:28:42.977 22468  1173 I NetworkScheduler.Stats: Task com.google.android.gms/com.google.android.gms.icing.proxy.IcingInternalCorporaUpdateService started execution. cause:9 exec_start_elapsed_seconds: 101142 [CONTEXT service_id=218 ]
10-02 20:28:42.993 22468  4837 I NetworkScheduler.Stats: Task com.google.android.gms/com.google.android.gms.icing.proxy.IcingInternalCorporaUpdateService finished executing. cause:9 result: 1 elapsed_millis: 52 uptime_millis: 52 exec_start_elapsed_seconds: 101142 [CONTEXT service_id=218 ]
10-02 20:28:42.999  4384  4854 I BugleDataModel: ParticipantRefresh: Number of participants refreshed: 0
10-02 20:28:43.052 22468  1173 I NetworkScheduler.Stats: Task com.google.android.gms/com.google.android.gms.icing.service.IcingGcmTaskService started execution. cause:5 exec_start_elapsed_seconds: 101143 [CONTEXT service_id=218 ]
10-02 20:28:43.056 22468  4837 I NetworkScheduler.Stats: Task com.google.android.gms/com.google.android.gms.icing.service.IcingGcmTaskService finished executing. cause:5 result: 1 elapsed_millis: 32 uptime_millis: 32 exec_start_elapsed_seconds: 101143 [CONTEXT service_id=218 ]
10-02 20:28:46.328  1640  1653 E memtrack: Couldn't load memtrack module
10-02 20:28:46.328  1640  1653 W android.os.Debug: failed to get memory consumption info: -1
10-02 20:28:47.117  1640  1653 E memtrack: Couldn't load memtrack module
10-02 20:28:47.117  1640  1653 W android.os.Debug: failed to get memory consumption info: -1
10-02 20:28:47.132  1640  1653 E memtrack: Couldn't load memtrack module
10-02 20:28:47.132  1640  1653 W android.os.Debug: failed to get memory consumption info: -1
10-02 20:28:52.719  1431 13967 W audio_hw_generic: in_read_worker only could write 0 / 240 frames
10-02 20:28:56.423  1431 13967 W audio_hw_generic: in_read_worker only could write 0 / 240 frames
10-02 20:29:00.088  1440  1456 D hwcomposer: hw_composer sent 18 syncs in 60s
10-02 20:29:02.122  1640  1653 E memtrack: Couldn't load memtrack module
10-02 20:29:02.122  1640  1653 W android.os.Debug: failed to get memory consumption info: -1
10-02 20:29:03.647  1640  1666 I PackageManager.DexOptimizer: Running dexopt (dexoptNeeded=1) on: /data/app/com.lock.app-uODd_i69lmGYtUSwOZP6KQ==/base.apk pkg=com.lock.app isa=x86 dexoptFlags=boot_complete,debuggable,public target-filter=quicken oatDir=/data/app/com.lock.app-uODd_i69lmGYtUSwOZP6KQ==/oat sharedLibraries=PCL[]
10-02 20:29:03.693  4905  4905 W dex2oat : Unexpected CPU variant for X86 using defaults: x86
10-02 20:29:03.693  4905  4905 W dex2oat : Mismatch between dex2oat instruction set features (ISA: X86 Feature string: -ssse3,-sse4.1,-sse4.2,-avx,-avx2,-popcnt) and those of dex2oat executable (ISA: X86 Feature string: ssse3,-sse4.1,-sse4.2,-avx,-avx2,-popcnt) for the command line:
10-02 20:29:03.694  4905  4905 W dex2oat : /system/bin/dex2oat --zip-fd=8 --zip-location=base.apk --input-vdex-fd=-1 --output-vdex-fd=10 --oat-fd=9 --oat-location=/data/app/com.lock.app-uODd_i69lmGYtUSwOZP6KQ==/oat/x86/base.odex --instruction-set=x86 --instruction-set-variant=x86 --instruction-set-features=default --runtime-arg -Xms64m --runtime-arg -Xmx512m --compiler-filter=quicken --swap-fd=11 --debuggable --classpath-dir=/data/app/com.lock.app-uODd_i69lmGYtUSwOZP6KQ== --class-loader-context=PCL[]
10-02 20:29:03.695  4905  4905 I dex2oat : /system/bin/dex2oat --input-vdex-fd=-1 --output-vdex-fd=10 --compiler-filter=quicken --debuggable --classpath-dir=/data/app/com.lock.app-uODd_i69lmGYtUSwOZP6KQ== --class-loader-context=PCL[]
10-02 20:29:03.702  4905  4905 W dex2oat : Could not reserve sentinel fault page
10-02 20:29:03.975  4905  4905 I dex2oat : dex2oat took 283.523ms (584.244ms cpu) (threads: 4) arena alloc=26KB (26632B) java alloc=877KB (898800B) native alloc=1694KB (1735520B) free=2MB (2458784B)
10-02 20:29:04.087  1518  3950 D installd: Applied hard quotas for 10114
10-02 20:29:04.090  1640  1666 V BackupManagerService: restoreAtInstall pkg=com.lock.app token=2a restoreSet=0
10-02 20:29:04.090  1640  1666 V BackupManagerService: Finishing install immediately
10-02 20:29:04.100  1518  3950 E         : Couldn't opendir /data/app/vmdl459579463.tmp: No such file or directory
10-02 20:29:04.100  1518  3950 E installd: Failed to delete /data/app/vmdl459579463.tmp: No such file or directory
10-02 20:29:04.168  1640  2171 I ActivityManager: START u0 {flg=0x10000000 cmp=com.lock.app/.StartShowActivity} from uid 2000
10-02 20:29:04.177  1640  1700 I InputReader: Reconfiguring input devices.  changes=0x00000010
10-02 20:29:04.202  1903  1903 I Finsky  : [2] vax.a(18): PackageMonitorReceiverImpl - Received: android.intent.action.PACKAGE_ADDED, [8AUzI1fiv-_AkTqPJZh8W7L2h3KFk2bGybzsW9Eihwk]
10-02 20:29:04.204  1903  1903 I Finsky  : [2] vby.d(9): Invalidating cached PackageState for com.lock.app
10-02 20:29:04.216 13858 13858 I GsaVoiceInteractionSrv: O received Intent { act=android.intent.action.PACKAGE_ADDED dat=package:com.lock.app flg=0x4000010 (has extras) }
10-02 20:29:04.236  1862  1862 D ImsResolver: maybeAddedImsService, packageName: com.lock.app
10-02 20:29:04.243  1862  1862 D CarrierSvcBindHelper: No carrier app for: 0
10-02 20:29:04.276  1862  1862 D CarrierConfigLoader: mHandler: 9 phoneId: 0
10-02 20:29:04.293  1903  1903 I Finsky  : [2] mbo.c(2): Frosting ID looked up on UI thread. Caller should move to a background thread.
10-02 20:29:04.302  1640  3778 I ActivityManager: Start proc 4917:com.lock.app/u0a114 for activity com.lock.app/.StartShowActivity
10-02 20:29:04.312  4917  4917 I zygote  : Not late-enabling -Xcheck:jni (already on)
10-02 20:29:04.314  1903  1903 I Finsky  : [2] aiem.a(6): Do not start WearSupportService due to Wear service optimization
10-02 20:29:04.315  1903  1903 I Finsky  : [2] aiem.a(6): Do not start WearSupportService due to Wear service optimization
10-02 20:29:04.335  1903  1903 I Finsky  : [2] aapw.a(1): Clearing split related stale data.
10-02 20:29:04.336  1903  4923 I Finsky  : [1745] egu.a(12): Asset module storage cleared for package com.lock.app.
10-02 20:29:04.343  1439 27318 D gralloc_ranchu: gralloc_alloc: Creating ashmem region of size 7753728
10-02 20:29:04.359  1640  2163 W BroadcastQueue: Background execution not allowed: receiving Intent { act=android.intent.action.PACKAGE_ADDED dat=package:com.lock.app flg=0x4000010 (has extras) } to com.android.vending/com.google.android.finsky.packagemanager.impl.PackageMonitorReceiverImpl$RegisteredReceiver
10-02 20:29:04.360  1640  1654 W BroadcastQueue: Background execution not allowed: receiving Intent { act=android.intent.action.PACKAGE_ADDED dat=package:com.lock.app flg=0x4000010 (has extras) } to com.google.android.gms/.games.chimera.GamesSystemBroadcastReceiverProxy
10-02 20:29:04.371  1903  1903 I Finsky  : [2] mbo.c(2): Frosting ID looked up on UI thread. Caller should move to a background thread.
10-02 20:29:04.388  1640  1654 W BroadcastQueue: Background execution not allowed: receiving Intent { act=android.intent.action.PACKAGE_ADDED dat=package:com.lock.app flg=0x4000010 (has extras) } to com.google.android.gms/.gass.chimera.PackageChangeBroadcastReceiver
10-02 20:29:04.389  1640  1654 W BroadcastQueue: Background execution not allowed: receiving Intent { act=android.intent.action.PACKAGE_ADDED dat=package:com.lock.app flg=0x4000010 (has extras) } to com.google.android.gms/.chimera.GmsIntentOperationService$PersistentTrustedReceiver
10-02 20:29:04.389  1640  1654 W BroadcastQueue: Background execution not allowed: receiving Intent { act=android.intent.action.PACKAGE_ADDED dat=package:com.lock.app flg=0x4000010 (has extras) } to com.google.android.googlequicksearchbox/com.google.android.apps.gsa.googlequicksearchbox.GelStubAppWatcher
10-02 20:29:04.431  1640  2171 D WificondControl: Scan result ready event
10-02 20:29:04.445  4917  4917 W zygote  : Suspending all threads took: 7.537ms
10-02 20:29:04.446  4917  4917 W zygote  : Unexpected CPU variant for X86 using defaults: x86
10-02 20:29:04.480  1903  4916 I Finsky  : [1743] mbb.run(16): Wrote row to frosting DB: 290
10-02 20:29:04.649  1903  1903 I Finsky  : [2] ysc.a(5): SCH: Jobs in database: 1-1337 2-48879 3-20 3-21 3-22 12-1 24-77777777 26-1414141414 
10-02 20:29:04.670  1903  1903 I Finsky  : [2] yqo.a(77): SCH: ConstraintMapping: 24-77777777,  -> L: 0ms, D: 78556556ms, C: false, I: true, N: 0
10-02 20:29:04.671  1903  1903 I Finsky  : [2] yqo.a(77): SCH: ConstraintMapping: 1-1337, 12-1,  -> L: 14668ms, D: 77812284ms, C: false, I: false, N: 1
10-02 20:29:04.672  1903  1903 I Finsky  : [2] yqo.a(77): SCH: ConstraintMapping: 3-22,  -> L: 0ms, D: 82148744ms, C: true, I: true, N: 1
10-02 20:29:04.672  1903  1903 I Finsky  : [2] yqo.a(77): SCH: ConstraintMapping: 3-20,  -> L: 0ms, D: 82148727ms, C: false, I: true, N: 2
10-02 20:29:04.673  1903  1903 I Finsky  : [2] yqo.a(77): SCH: ConstraintMapping: 2-48879, 3-21,  -> L: 0ms, D: 82148733ms, C: true, I: true, N: 2
10-02 20:29:04.673  1903  1903 I Finsky  : [2] yqo.a(77): SCH: ConstraintMapping: 26-1414141414,  -> L: 24547731ms, D: 25447731ms, C: false, I: false, N: 0
10-02 20:29:04.677  1903  4922 I Finsky  : [1744] gvm.a(15): [ContentSync] finished, scheduled=true
10-02 20:29:04.684  1903  4916 I Finsky  : [1743] mbb.run(16): Wrote row to frosting DB: 291
10-02 20:29:04.713  1640  2163 W ActivityManager: Slow operation: 83ms so far, now at attachApplicationLocked: after mServices.attachApplicationLocked
10-02 20:29:04.732  1640  1640 I Telecom : DefaultDialerCache: Refreshing default dialer for user 0: now com.google.android.dialer: DDC.oR@Aq8
10-02 20:29:04.732 13773 13892 D EGL_emulation: eglMakeCurrent: 0xa65af5a0: ver 2 0 (tinfo 0x8e050ec0)
10-02 20:29:04.732  2165  2313 D EGL_emulation: eglMakeCurrent: 0xa9105600: ver 2 0 (tinfo 0xa91035e0)
10-02 20:29:04.768 17088  4915 I ProvidersCache: Provider returned no roots. Possibly naughty: com.google.android.apps.docs.storage
10-02 20:29:04.772  1903  1903 I Finsky  : [2] yqo.a(36): SCH: Cancelling existing jobscheduler jobs: 9002 9009 9003 9000 9010 9007 
10-02 20:29:04.773  1903  1903 I Finsky  : [2] yqo.a(29): SCH: Scheduling job Id: 9001, L: 0, D: 78556556, C: false, I: true, N: 0
10-02 20:29:04.777 22468  4944 W GCM     : Unexpected forwarded intent: Intent { act=android.intent.action.PACKAGE_ADDED dat=package:com.lock.app flg=0x4000010 cmp=com.google.android.gms/.chimera.PersistentIntentOperationService (has extras) }
10-02 20:29:04.786 22468  4946 W GCM     : Unexpected forwarded intent: Intent { act=android.intent.action.PACKAGE_ADDED dat=package:com.lock.app flg=0x4000010 cmp=com.google.android.gms/.chimera.PersistentIntentOperationService (has extras) }
10-02 20:29:04.788  1903  1903 I Finsky  : [2] yqo.a(29): SCH: Scheduling job Id: 9004, L: 14668, D: 77812284, C: false, I: false, N: 1
10-02 20:29:04.791  1903  1903 I Finsky  : [2] yqo.a(29): SCH: Scheduling job Id: 9005, L: 0, D: 82148744, C: true, I: true, N: 1
10-02 20:29:04.792  4917  4917 W Frida-Gadget Loading: !!!!!!!!!!!!!!!!
10-02 20:29:04.792  1903  1903 I Finsky  : [2] yqo.a(29): SCH: Scheduling job Id: 9006, L: 0, D: 82148727, C: false, I: true, N: 2
10-02 20:29:04.792  1903  1903 I Finsky  : [2] yqo.a(29): SCH: Scheduling job Id: 9008, L: 0, D: 82148733, C: true, I: true, N: 2
10-02 20:29:04.794  1903  1903 I Finsky  : [2] yqo.a(29): SCH: Scheduling job Id: 9011, L: 24547731, D: 25447731, C: false, I: false, N: 0
10-02 20:29:04.801  1640  1653 W ResourceType: ResTable_typeSpec entry count inconsistent: given 39, previously 44
10-02 20:29:04.801  1640  1653 W ResourceType: ResTable_typeSpec entry count inconsistent: given 2556, previously 2559
10-02 20:29:04.803  1640  1653 W ResourceType: ResTable_typeSpec entry count inconsistent: given 2661, previously 2664
10-02 20:29:04.803  1640  1653 W ResourceType: ResTable_typeSpec entry count inconsistent: given 303, previously 1709
10-02 20:29:04.814  1745  1953 D EGL_emulation: eglMakeCurrent: 0xa9105720: ver 2 0 (tinfo 0xa9103360)
10-02 20:29:04.827  4917  4950 F Frida   : Failed to start: Error binding to address: Address already in use
10-02 20:29:04.831 22522  4953 I Auth    : [SupervisedAccountIntentOperation] onHandleIntent(): android.intent.action.PACKAGE_ADDED
10-02 20:29:04.834  1745  1953 D EGL_emulation: eglMakeCurrent: 0xa9105720: ver 2 0 (tinfo 0xa9103360)
10-02 20:29:04.866  1640  4156 W ActivityManager: Unable to start service Intent { act=com.google.android.gms.auth.key.retrieval.service.START pkg=com.google.android.gms } U=0: not found
10-02 20:29:04.854  1745  1953 I chatty  : uid=10028(com.android.systemui) RenderThread identical 1 line
10-02 20:29:04.860  1745  1953 D EGL_emulation: eglMakeCurrent: 0xa9105720: ver 2 0 (tinfo 0xa9103360)
10-02 20:29:04.868 22522  4955 I ChromeSync: [Sync,SyncIntentOperation] Handling the intent: Intent { act=android.intent.action.PACKAGE_ADDED dat=package:com.lock.app flg=0x4000010 cmp=com.google.android.gms/.chimera.GmsIntentOperationService (has extras) }.
10-02 20:29:04.871  1640  4156 W ActivityManager: Unbind failed: could not find connection for android.os.BinderProxy@23c172d
10-02 20:29:04.872  1745  1953 D EGL_emulation: eglMakeCurrent: 0xa9105720: ver 2 0 (tinfo 0xa9103360)
10-02 20:29:04.873 22522  4953 I FontLog : Package com.lock.app has no metadata [CONTEXT service_id=132 ]
10-02 20:29:04.875 22522 22804 E GmsClient: unable to connect to service: com.google.android.gms.auth.key.retrieval.service.START on com.google.android.gms
10-02 20:29:04.878  1745  1953 D EGL_emulation: eglMakeCurrent: 0xa9105720: ver 2 0 (tinfo 0xa9103360)
10-02 20:29:04.977  1745  1953 I chatty  : uid=10028(com.android.systemui) RenderThread identical 9 lines
10-02 20:29:04.990  1745  1953 D EGL_emulation: eglMakeCurrent: 0xa9105720: ver 2 0 (tinfo 0xa9103360)
10-02 20:29:05.070 22522  4955 I ChromeSync: [Persistence,AffiliationManager] One of affiliation or grouping data for android://azqHX7JtTQmU3M4FoXxA78b-HbEstGripifiaxlVZjetcJwT_9DEb9y5mdzw-w4wTOcYJ7TikARkksEQcvYG8Q==@com.lock.app/ was not found. Marking affiliation data as stale...
10-02 20:29:05.119  1745  1953 D EGL_emulation: eglMakeCurrent: 0xa9105720: ver 2 0 (tinfo 0xa9103360)
10-02 20:29:05.126  1745  1953 I chatty  : uid=10028(com.android.systemui) RenderThread identical 1 line
10-02 20:29:05.137  1745  1953 D EGL_emulation: eglMakeCurrent: 0xa9105720: ver 2 0 (tinfo 0xa9103360)
10-02 20:29:05.148  1640  1649 I zygote  : Background concurrent copying GC freed 36742(1872KB) AllocSpace objects, 27(1036KB) LOS objects, 28% free, 15MB/21MB, paused 390us total 1.048s
10-02 20:29:05.193 22522 22807 I Icing   : IndexChimeraService.getServiceInterface callingPackage=com.google.android.gms componentName=AppsCorpus serviceId=36
10-02 20:29:05.223 22522 24372 W Icing   : No valid account for uploading user actions
10-02 20:29:05.263  4917  4930 I zygote  : Do partial code cache collection, code=1092B, data=13KB
10-02 20:29:05.264  4917  4930 I zygote  : After code cache collection, code=1092B, data=13KB
10-02 20:29:05.264  4917  4930 I zygote  : Increasing code cache capacity to 128KB
10-02 20:29:05.266  4917  4930 I zygote  : Do partial code cache collection, code=1092B, data=31KB
10-02 20:29:05.266  4917  4930 I zygote  : After code cache collection, code=1092B, data=31KB
10-02 20:29:05.266  4917  4930 I zygote  : Increasing code cache capacity to 256KB
10-02 20:29:05.268  4917  4930 I zygote  : JIT allocated 71KB for compiled code of void android.widget.TextView.<init>(android.content.Context, android.util.AttributeSet, int, int)
10-02 20:29:05.268  4917  4930 I zygote  : Compiler allocated 4MB to compile void android.widget.TextView.<init>(android.content.Context, android.util.AttributeSet, int, int)
10-02 20:29:05.286 22522 24372 I Icing   : Usage reports ok 1, Failed Usage reports 0, indexed 0, rejected 0
10-02 20:29:05.313 22522 24372 I Icing   : Indexing com.google.android.gms-internal.3p:MobileApplication from com.google.android.gms using seqno 56
10-02 20:29:05.342 22522 24372 I Icing   : Indexing com.google.android.gms-apps from com.google.android.gms
10-02 20:29:05.353  1640  1654 W ActivityManager: Activity pause timeout for ActivityRecord{bbe1f9 u0 com.lock.app/.StartShowActivity t56 f}
10-02 20:29:05.380  1745  1953 D EGL_emulation: eglMakeCurrent: 0xa9105720: ver 2 0 (tinfo 0xa9103360)
10-02 20:29:05.392  1745  1953 I chatty  : uid=10028(com.android.systemui) RenderThread identical 1 line
10-02 20:29:05.407  1745  1953 D EGL_emulation: eglMakeCurrent: 0xa9105720: ver 2 0 (tinfo 0xa9103360)
10-02 20:29:05.409  1439 27318 D gralloc_ranchu: gralloc_alloc: Creating ashmem region of size 8298496
10-02 20:29:05.420  1439 27318 D gralloc_ranchu: gralloc_alloc: Creating ashmem region of size 8298496
10-02 20:29:05.423  1745  1953 D EGL_emulation: eglMakeCurrent: 0xa9105720: ver 2 0 (tinfo 0xa9103360)
10-02 20:29:05.434  1439  1475 D gralloc_ranchu: gralloc_alloc: Creating ashmem region of size 8298496
10-02 20:29:05.437 22522 24372 I Icing   : Indexing done com.google.android.gms-apps
10-02 20:29:05.455  1439 27318 D gralloc_ranchu: gralloc_alloc: Creating ashmem region of size 8298496
10-02 20:29:05.456  1439  1474 D gralloc_ranchu: gralloc_alloc: Creating ashmem region of size 8298496
10-02 20:29:05.475  1439 27318 D gralloc_ranchu: gralloc_alloc: Creating ashmem region of size 8298496
10-02 20:29:05.517 13773 13892 D EGL_emulation: eglMakeCurrent: 0xa65af5a0: ver 2 0 (tinfo 0x8e050ec0)
10-02 20:29:05.521  1449  1463 E SurfaceFlinger: ro.sf.lcd_density must be defined as a build property
10-02 20:29:05.522  4917  4963 D OpenGLRenderer: HWUI GL Pipeline
10-02 20:29:05.532 22468 22521 W GCoreFlp: No location to return for getLastLocation()
10-02 20:29:05.541  2165  2313 D EGL_emulation: eglMakeCurrent: 0xa9105600: ver 2 0 (tinfo 0xa91035e0)
10-02 20:29:05.586  4917  4964 D NetworkSecurityConfig: No Network Security Config specified, using platform default
10-02 20:29:05.654  1640  2171 E memtrack: Couldn't load memtrack module
10-02 20:29:05.654  1640  2171 W android.os.Debug: failed to get memory consumption info: -1
10-02 20:29:05.656  4917  4968 I zygote  : Waiting for a blocking GC Explicit
10-02 20:29:05.676  4917  4968 I zygote  : WaitForGcToComplete blocked Explicit on HeapTrim for 19.409ms
10-02 20:29:05.695  4917  4968 I zygote  : Explicit concurrent copying GC freed 455(63KB) AllocSpace objects, 0(0B) LOS objects, 27% free, 1366KB/1878KB, paused 513us total 19.430ms
10-02 20:29:05.822  4917  4963 D         : HostConnection::get() New Host Connection established 0x9421aac0, tid 4963
10-02 20:29:05.823  1439 27318 D gralloc_ranchu: gralloc_alloc: Creating ashmem region of size 5816320
10-02 20:29:05.837  1439 27318 D gralloc_ranchu: gralloc_alloc: Creating ashmem region of size 5816320
10-02 20:29:05.838  4917  4963 I zygote  : android::hardware::configstore::V1_0::ISurfaceFlingerConfigs::hasWideColorDisplay retrieved: 0
10-02 20:29:05.838  4917  4963 I OpenGLRenderer: Initialized EGL, version 1.4
10-02 20:29:05.838  4917  4963 D OpenGLRenderer: Swap behavior 1
10-02 20:29:05.839  4917  4963 W OpenGLRenderer: Failed to choose config with EGL_SWAP_BEHAVIOR_PRESERVED, retrying without...
10-02 20:29:05.839  4917  4963 D OpenGLRenderer: Swap behavior 0
10-02 20:29:05.849  4917  4963 D EGL_emulation: eglCreateContext: 0xa8f22d00: maj 2 min 0 rcv 2
10-02 20:29:05.850  1439 27318 D gralloc_ranchu: gralloc_alloc: Creating ashmem region of size 5816320
10-02 20:29:05.865  4917  4963 D EGL_emulation: eglMakeCurrent: 0xa8f22d00: ver 2 0 (tinfo 0xb0d9b600)
10-02 20:29:05.867  1449  1913 E SurfaceFlinger: ro.sf.lcd_density must be defined as a build property
10-02 20:29:05.931  4917  4963 D EGL_emulation: eglMakeCurrent: 0xa8f22d00: ver 2 0 (tinfo 0xb0d9b600)
10-02 20:29:06.055  2165  2313 W OpenGLRenderer: Incorrectly called buildLayer on View: ShortcutAndWidgetContainer, destroying layer...
10-02 20:29:06.213  1745  1745 W StaticLayout: maxLineHeight should not be -1.  maxLines:1 lineCount:1
10-02 20:29:06.226  1745  1953 D EGL_emulation: eglMakeCurrent: 0xa9105720: ver 2 0 (tinfo 0xa9103360)
10-02 20:29:08.208  1640  1650 E memtrack: Couldn't load memtrack module
10-02 20:29:08.208  1640  1650 W android.os.Debug: failed to get memory consumption info: -1
10-02 20:29:08.220  4917  4968 I zygote  : Explicit concurrent copying GC freed 4309(253KB) AllocSpace objects, 1(20KB) LOS objects, 27% free, 1336KB/1848KB, paused 198us total 9.263ms
10-02 20:29:09.114  1640  1650 E memtrack: Couldn't load memtrack module
10-02 20:29:09.114  1640  1650 W android.os.Debug: failed to get memory consumption info: -1
10-02 20:29:09.123  4917  4968 I zygote  : Explicit concurrent copying GC freed 3447(148KB) AllocSpace objects, 1(20KB) LOS objects, 27% free, 1332KB/1844KB, paused 316us total 6.846ms
10-02 20:29:09.905  1640  1650 E memtrack: Couldn't load memtrack module
10-02 20:29:09.905  1640  1650 W android.os.Debug: failed to get memory consumption info: -1
10-02 20:29:09.915  4917  4968 I zygote  : Explicit concurrent copying GC freed 3299(144KB) AllocSpace objects, 1(20KB) LOS objects, 27% free, 1348KB/1860KB, paused 199us total 7.344ms
10-02 20:29:10.671  1640  3778 E memtrack: Couldn't load memtrack module
10-02 20:29:10.671  1640  3778 W android.os.Debug: failed to get memory consumption info: -1
10-02 20:29:10.678  4917  4968 I zygote  : Explicit concurrent copying GC freed 18(22KB) AllocSpace objects, 0(0B) LOS objects, 27% free, 1332KB/1844KB, paused 186us total 5.697ms
10-02 20:29:11.336  1640  1650 E memtrack: Couldn't load memtrack module
10-02 20:29:11.336  1640  1650 W android.os.Debug: failed to get memory consumption info: -1
10-02 20:29:11.341  4917  4968 I zygote  : Explicit concurrent copying GC freed 3290(143KB) AllocSpace objects, 1(20KB) LOS objects, 27% free, 1349KB/1861KB, paused 248us total 4.760ms
10-02 20:29:11.989  1640  1650 E memtrack: Couldn't load memtrack module
10-02 20:29:11.989  1640  1650 W android.os.Debug: failed to get memory consumption info: -1
10-02 20:29:11.995  4917  4968 I zygote  : Explicit concurrent copying GC freed 3292(143KB) AllocSpace objects, 1(20KB) LOS objects, 27% free, 1333KB/1845KB, paused 167us total 4.722ms
10-02 20:29:12.597  1640  1650 E memtrack: Couldn't load memtrack module
10-02 20:29:12.597  1640  1650 W android.os.Debug: failed to get memory consumption info: -1
10-02 20:29:12.607  4917  4968 I zygote  : Explicit concurrent copying GC freed 3301(143KB) AllocSpace objects, 1(20KB) LOS objects, 27% free, 1333KB/1845KB, paused 243us total 8.448ms
10-02 20:29:12.610  1903  1923 I Finsky  : [1555] kuf.run(36): Stats for Executor: BlockingExecutor kwj@51eece8[Running, pool size = 1, active threads = 0, queued tasks = 0, completed tasks = 261]
10-02 20:29:12.610  1903  1923 I Finsky  : [1555] kuf.run(36): Stats for Executor: LightweightExecutor kwj@dc9bf01[Running, pool size = 3, active threads = 0, queued tasks = 0, completed tasks = 387]
10-02 20:29:12.792  1903  1923 I Finsky  : [1555] kuf.run(36): Stats for Executor: bgExecutor kwj@2ded1a6[Running, pool size = 4, active threads = 0, queued tasks = 0, completed tasks = 612]
10-02 20:29:13.118  1640  1653 E memtrack: Couldn't load memtrack module
10-02 20:29:13.118  1640  1653 W android.os.Debug: failed to get memory consumption info: -1
10-02 20:29:13.183  1640  3778 E memtrack: Couldn't load memtrack module
10-02 20:29:13.183  1640  3778 W android.os.Debug: failed to get memory consumption info: -1
10-02 20:29:13.189  4917  4968 I zygote  : Explicit concurrent copying GC freed 3295(144KB) AllocSpace objects, 1(20KB) LOS objects, 27% free, 1333KB/1845KB, paused 171us total 4.442ms
10-02 20:29:13.927  1640  3778 E memtrack: Couldn't load memtrack module
10-02 20:29:13.928  1640  3778 W android.os.Debug: failed to get memory consumption info: -1
10-02 20:29:13.936  4917  4968 I zygote  : Explicit concurrent copying GC freed 3293(144KB) AllocSpace objects, 1(20KB) LOS objects, 27% free, 1333KB/1845KB, paused 247us total 7.002ms
10-02 20:29:14.514  1640  3778 E memtrack: Couldn't load memtrack module
10-02 20:29:14.514  1640  3778 W android.os.Debug: failed to get memory consumption info: -1
10-02 20:29:14.522  4917  4968 I zygote  : Explicit concurrent copying GC freed 3291(144KB) AllocSpace objects, 1(20KB) LOS objects, 27% free, 1333KB/1845KB, paused 349us total 6.643ms
10-02 20:29:15.119  1640  1653 E memtrack: Couldn't load memtrack module
10-02 20:29:15.119  1640  1653 W android.os.Debug: failed to get memory consumption info: -1
10-02 20:29:16.491  1447  1447 I boot-pipe: done populating /dev/random
10-02 20:29:19.464  1903  1903 I Finsky  : [2] ytx.onStartJob(3): SCH: onJobSchedulerWakeup with jobId 9004
10-02 20:29:19.469  1903  1903 I Finsky  : [2] ypg.a(19): SCH: Scheduling fallback job with id: 9034, and delay: 43200000 ms
10-02 20:29:19.472  1903  1903 I Finsky  : [2] ypg.a(9): SCH: Scheduling fallback in 64799998 (absolute: 165979521)
10-02 20:29:19.484  1903  1903 I Finsky  : [2] ypp.handleMessage(8): SCH: DeviceState: DeviceState{currentTime=1601663359482, isCharging=true, isIdle=false, netAny=true, netNotRoaming=true, netUnmetered=true, batteryPercent=100.0}
10-02 20:29:19.488  1903  4922 I Finsky  : [1744] ysc.a(5): SCH: Jobs in database: 1-1337 2-48879 3-20 3-21 3-22 12-1 24-77777777 26-1414141414 
10-02 20:29:19.494  1903  1903 I Finsky  : [2] ypq.a(16): SCH: Running job: 12-1
10-02 20:29:19.497  1903  1903 I Finsky  : [2] ContentSyncJob.a(16): [ContentSync] job started
10-02 20:29:19.497  1903  1903 I Finsky  : [2] ypp.handleMessage(61): SCH: RunningQueue size: 1, PendingQueue size: 0
10-02 20:29:19.498  1903  1903 I Finsky  : [2] ypp.handleMessage(64): SCH: Running queue: 12-1 
10-02 20:29:19.534  1903  5009 I Finsky  : [1752] dwx.a(22): Completed 0 account content syncs with 0 successful.
10-02 20:29:19.535  1903  1903 I Finsky  : [2] ContentSyncJob.a(1): [ContentSync] Installation state replication succeeded.
10-02 20:29:19.535  1903  1903 I Finsky  : [2] yrb.a(13): SCH: jobFinished: 12-1. TimeElapsed: 41ms.
10-02 20:29:19.536  1903  1903 I Finsky  : [2] ypq.a(36): SCH: Job 12-1 finished. Not rescheduling.
10-02 20:29:19.536  1903  1903 I Finsky  : [2] ypp.handleMessage(61): SCH: RunningQueue size: 0, PendingQueue size: 0
10-02 20:29:19.537  1903  1903 I Finsky  : [2] ypp.handleMessage(25): SCH: Executor finished
10-02 20:29:19.547  1903  1903 I Finsky  : [2] ysc.a(5): SCH: Jobs in database: 1-1337 2-48879 3-20 3-21 3-22 24-77777777 26-1414141414 
10-02 20:29:19.550  1903  1903 I Finsky  : [2] yqo.a(77): SCH: ConstraintMapping: 24-77777777,  -> L: 0ms, D: 78541672ms, C: false, I: true, N: 0
10-02 20:29:19.551  1903  1903 I Finsky  : [2] yqo.a(77): SCH: ConstraintMapping: 1-1337,  -> L: 34597389ms, D: 77797389ms, C: false, I: false, N: 1
10-02 20:29:19.551  1903  1903 I Finsky  : [2] yqo.a(77): SCH: ConstraintMapping: 3-22,  -> L: 0ms, D: 82133859ms, C: true, I: true, N: 1
10-02 20:29:19.551  1903  1903 I Finsky  : [2] yqo.a(77): SCH: ConstraintMapping: 3-20,  -> L: 0ms, D: 82133841ms, C: false, I: true, N: 2
10-02 20:29:19.551  1903  1903 I Finsky  : [2] yqo.a(77): SCH: ConstraintMapping: 2-48879, 3-21,  -> L: 0ms, D: 82133847ms, C: true, I: true, N: 2
10-02 20:29:19.551  1903  1903 I Finsky  : [2] yqo.a(77): SCH: ConstraintMapping: 26-1414141414,  -> L: 24532847ms, D: 25432847ms, C: false, I: false, N: 0
10-02 20:29:19.562  1903  1903 I Finsky  : [2] yqo.a(36): SCH: Cancelling existing jobscheduler jobs: 9006 9011 9005 9001 9008 
10-02 20:29:19.562  1903  1903 I Finsky  : [2] yqo.a(12): SCH: Throttling wakeup for job 9000 (expected to run in 0 ms) due to recent wakeup
10-02 20:29:19.562  1903  1903 I Finsky  : [2] yqo.a(29): SCH: Scheduling job Id: 9000, L: 30000, D: 78541672, C: false, I: true, N: 0
10-02 20:29:19.564  1903  1903 I Finsky  : [2] yqo.a(29): SCH: Scheduling job Id: 9002, L: 34597389, D: 77797389, C: false, I: false, N: 1
10-02 20:29:19.564  1903  1903 I Finsky  : [2] yqo.a(12): SCH: Throttling wakeup for job 9003 (expected to run in 0 ms) due to recent wakeup
10-02 20:29:19.565  1903  1903 I Finsky  : [2] yqo.a(29): SCH: Scheduling job Id: 9003, L: 30000, D: 82133859, C: true, I: true, N: 1
10-02 20:29:19.566  1903  1903 I Finsky  : [2] yqo.a(12): SCH: Throttling wakeup for job 9007 (expected to run in 0 ms) due to recent wakeup
10-02 20:29:19.566  1903  1903 I Finsky  : [2] yqo.a(29): SCH: Scheduling job Id: 9007, L: 30000, D: 82133841, C: false, I: true, N: 2
10-02 20:29:19.567  1903  1903 I Finsky  : [2] yqo.a(12): SCH: Throttling wakeup for job 9009 (expected to run in 0 ms) due to recent wakeup
10-02 20:29:19.567  1903  1903 I Finsky  : [2] yqo.a(29): SCH: Scheduling job Id: 9009, L: 30000, D: 82133847, C: true, I: true, N: 2
10-02 20:29:19.569  1903  1903 I Finsky  : [2] yqo.a(29): SCH: Scheduling job Id: 9010, L: 24532847, D: 25432847, C: false, I: false, N: 0
10-02 20:29:19.756  1640  2171 I ActivityManager: START u0 {flg=0x14000000 cmp=tk.jianmo.study/.MainActivity} from uid 10106
10-02 20:29:19.847  1439 27318 D gralloc_ranchu: gralloc_alloc: Creating ashmem region of size 7753728
10-02 20:29:19.966 13773 13892 D EGL_emulation: eglMakeCurrent: 0xa65af5a0: ver 2 0 (tinfo 0x8e050ec0)
10-02 20:29:19.972  2165  2313 D EGL_emulation: eglMakeCurrent: 0xa9105600: ver 2 0 (tinfo 0xa91035e0)
10-02 20:29:19.992  1745  1953 D EGL_emulation: eglMakeCurrent: 0xa9105720: ver 2 0 (tinfo 0xa9103360)
10-02 20:29:20.498  4629  4629 W ViewRootImpl[MainActivity]: Window type can not be changed after the window is added; ignoring change of DecorView@3d6a7d0[MainActivity]
10-02 20:29:20.426  1745  1953 I chatty  : uid=10028(com.android.systemui) RenderThread identical 21 lines
10-02 20:29:20.437  1745  1953 D EGL_emulation: eglMakeCurrent: 0xa9105720: ver 2 0 (tinfo 0xa9103360)
10-02 20:29:20.544  1439 27318 D gralloc_ranchu: gralloc_alloc: Creating ashmem region of size 8298496
10-02 20:29:20.611  4629  4629 D         : HostConnection::get() New Host Connection established 0x93492200, tid 4629
10-02 20:29:20.666  4629  4629 D OpenGLRenderer: HWUI GL Pipeline
10-02 20:29:20.791  1640  1661 I ActivityManager: Displayed tk.jianmo.study/.MainActivity: +925ms (total +16s444ms)
10-02 20:29:20.891  1745  1953 D EGL_emulation: eglMakeCurrent: 0xa9105720: ver 2 0 (tinfo 0xa9103360)
10-02 20:29:20.904  1745  1953 D EGL_emulation: eglMakeCurrent: 0xa9105720: ver 2 0 (tinfo 0xa9103360)
10-02 20:29:20.907  1449  1449 W SurfaceFlinger: couldn't log to binary event log: overflow.
10-02 20:29:20.908  1449  1449 W SurfaceFlinger: couldn't log to binary event log: overflow.
10-02 20:29:20.924 13773  4628 I PBSessionCacheImpl: Deleted sessionId[60575895905840659] from persistence.
10-02 20:29:20.957  1640  2171 I WifiService: getWifiEnabledState uid=10032
10-02 20:29:20.963 13773 13844 W SearchServiceCore: Abort, client detached.
10-02 20:29:21.460  1439 27318 D gralloc_ranchu: gralloc_alloc: Creating ashmem region of size 8298496
10-02 20:29:21.893  1640  3131 E memtrack: Couldn't load memtrack module
10-02 20:29:21.893  1640  3131 W android.os.Debug: failed to get memory consumption info: -1
10-02 20:29:22.088  1640  3131 E memtrack: Couldn't load memtrack module
10-02 20:29:22.089  1640  3131 W android.os.Debug: failed to get memory consumption info: -1
10-02 20:29:22.339  1640  3131 E memtrack: Couldn't load memtrack module
10-02 20:29:22.339  1640  3131 W android.os.Debug: failed to get memory consumption info: -1
10-02 20:29:22.443  1640  3131 E memtrack: Couldn't load memtrack module
10-02 20:29:22.443  1640  3131 W android.os.Debug: failed to get memory consumption info: -1
10-02 20:29:22.485  1640  3131 E memtrack: Couldn't load memtrack module
10-02 20:29:22.485  1640  3131 W android.os.Debug: failed to get memory consumption info: -1
10-02 20:29:22.522  1640  3131 E memtrack: Couldn't load memtrack module
10-02 20:29:22.522  1640  3131 W android.os.Debug: failed to get memory consumption info: -1
10-02 20:29:22.559  1640  3131 E memtrack: Couldn't load memtrack module
10-02 20:29:22.560  1640  3131 W android.os.Debug: failed to get memory consumption info: -1
10-02 20:29:22.588  1640  3131 E memtrack: Couldn't load memtrack module
10-02 20:29:22.588  1640  3131 W android.os.Debug: failed to get memory consumption info: -1
10-02 20:29:22.618  1640  3131 E memtrack: Couldn't load memtrack module
10-02 20:29:22.618  1640  3131 W android.os.Debug: failed to get memory consumption info: -1
10-02 20:29:22.677  1640  3131 E memtrack: Couldn't load memtrack module
10-02 20:29:22.677  1640  3131 W android.os.Debug: failed to get memory consumption info: -1
10-02 20:29:22.720  1640  3131 E memtrack: Couldn't load memtrack module
10-02 20:29:22.720  1640  3131 W android.os.Debug: failed to get memory consumption info: -1
10-02 20:29:22.757  1640  3131 E memtrack: Couldn't load memtrack module
10-02 20:29:22.757  1640  3131 W android.os.Debug: failed to get memory consumption info: -1
10-02 20:29:22.788  1640  3131 E memtrack: Couldn't load memtrack module
10-02 20:29:22.788  1640  3131 W android.os.Debug: failed to get memory consumption info: -1
10-02 20:29:22.827  1640  3131 E memtrack: Couldn't load memtrack module
10-02 20:29:22.827  1640  3131 W android.os.Debug: failed to get memory consumption info: -1
10-02 20:29:22.872  1640  3131 E memtrack: Couldn't load memtrack module
10-02 20:29:22.873  1640  3131 W android.os.Debug: failed to get memory consumption info: -1
10-02 20:29:22.915  1640  3131 E memtrack: Couldn't load memtrack module
10-02 20:29:22.915  1640  3131 W android.os.Debug: failed to get memory consumption info: -1
10-02 20:29:22.938  1640  3131 E memtrack: Couldn't load memtrack module
10-02 20:29:22.938  1640  3131 W android.os.Debug: failed to get memory consumption info: -1
10-02 20:29:22.961  1640  3131 E memtrack: Couldn't load memtrack module
10-02 20:29:22.961  1640  3131 W android.os.Debug: failed to get memory consumption info: -1
10-02 20:29:22.993  1640  3131 E memtrack: Couldn't load memtrack module
10-02 20:29:22.993  1640  3131 W android.os.Debug: failed to get memory consumption info: -1
10-02 20:29:23.037  1640  3131 E memtrack: Couldn't load memtrack module
10-02 20:29:23.037  1640  3131 W android.os.Debug: failed to get memory consumption info: -1
10-02 20:29:23.076  1640  3131 E memtrack: Couldn't load memtrack module
10-02 20:29:23.076  1640  3131 W android.os.Debug: failed to get memory consumption info: -1
10-02 20:29:23.100  1640  3131 E memtrack: Couldn't load memtrack module
10-02 20:29:23.100  1640  3131 W android.os.Debug: failed to get memory consumption info: -1
10-02 20:29:23.136  1640  3131 E memtrack: Couldn't load memtrack module
