10-03 14:28:04.677  1640  1653 W android.os.Debug: failed to get memory consumption info: -1
10-03 14:28:07.841  1447  1447 I boot-pipe: done populating /dev/random
10-03 14:28:09.671  1640  1653 E memtrack: Couldn't load memtrack module
10-03 14:28:09.671  1640  1653 W android.os.Debug: failed to get memory consumption info: -1
10-03 14:28:10.670  1640  1653 E memtrack: Couldn't load memtrack module
10-03 14:28:10.670  1640  1653 W android.os.Debug: failed to get memory consumption info: -1
10-03 14:28:10.683  1640  1653 E memtrack: Couldn't load memtrack module
10-03 14:28:10.683  1640  1653 W android.os.Debug: failed to get memory consumption info: -1
10-03 14:28:13.671  1640  1653 E memtrack: Couldn't load memtrack module
10-03 14:28:13.671  1640  1653 W android.os.Debug: failed to get memory consumption info: -1
10-03 14:28:59.142  1431 13967 W audio_hw_generic: in_read_worker only could write 0 / 240 frames
10-03 14:29:00.018  1440  1456 D hwcomposer: hw_composer sent 6 syncs in 60s
10-03 14:29:01.896  1640  4056 D WificondControl: Scan result ready event
10-03 14:29:07.841  1447  1447 I boot-pipe: done populating /dev/random
10-03 14:29:48.675  1640  1653 E memtrack: Couldn't load memtrack module
10-03 14:29:48.675  1640  1653 W android.os.Debug: failed to get memory consumption info: -1
10-03 14:29:50.829  1431 13967 W audio_hw_generic: in_read_worker only could write 0 / 240 frames
10-03 14:29:59.787  1431 13967 W audio_hw_generic: in_read_worker only could write 0 / 240 frames
10-03 14:30:00.008  1440  1456 D hwcomposer: hw_composer sent 6 syncs in 60s
10-03 14:30:05.783  6045  6045 W zygote  : Unexpected CPU variant for X86 using defaults: x86
10-03 14:30:05.783  1640  1640 I ActivityManager: Start proc 6045:com.google.android.partnersetup/u0a17 for service com.google.android.partnersetup/.InstalledAppJobService
10-03 14:30:05.805  6045  6045 I zygote  : The ClassLoaderContext is a special shared library.
10-03 14:30:07.842  1447  1447 I boot-pipe: done populating /dev/random
10-03 14:30:09.675  1640  1653 E memtrack: Couldn't load memtrack module
10-03 14:30:09.675  1640  1653 W android.os.Debug: failed to get memory consumption info: -1
10-03 14:30:26.684  1640  2163 I ActivityManager: Killing 5474:com.google.android.deskclock/u0a67 (adj 906): empty for 3157s
10-03 14:30:26.685  1640  1656 W zygote  : kill(-5474, 9) failed: No such process
10-03 14:30:26.725  1640  1656 I chatty  : uid=1000(system) ActivityManager identical 1 line
10-03 14:30:26.765  1640  1656 W zygote  : kill(-5474, 9) failed: No such process
10-03 14:30:26.765  1640  1656 I zygote  : Successfully killed process cgroup uid 10067 pid 5474 in 80ms
10-03 14:30:31.367  1431 13967 W audio_hw_generic: in_read_worker only could write 0 / 240 frames
10-03 14:30:34.430  1431 13967 I chatty  : uid=1041(audioserver) audio@2.0-servi identical 3 lines
10-03 14:30:34.440  1431 13967 W audio_hw_generic: in_read_worker only could write 0 / 240 frames
10-03 14:30:36.675  1640  1653 E memtrack: Couldn't load memtrack module
10-03 14:30:36.675  1640  1653 W android.os.Debug: failed to get memory consumption info: -1
10-03 14:30:36.686  1640  1653 E memtrack: Couldn't load memtrack module
10-03 14:30:36.686  1640  1653 W android.os.Debug: failed to get memory consumption info: -1
10-03 14:30:50.279 13773 13876 I DeviceStateChecker: screenOn: true, isCharging: true
10-03 14:30:51.700  1431 13967 W audio_hw_generic: in_read_worker only could write 0 / 240 frames
10-03 14:30:51.720  1431 13967 I chatty  : uid=1041(audioserver) audio@2.0-servi identical 1 line
10-03 14:30:51.730  1431 13967 W audio_hw_generic: in_read_worker only could write 0 / 240 frames
10-03 14:31:00.017  1440  1456 D hwcomposer: hw_composer sent 12 syncs in 60s
10-03 14:31:07.842  1447  1447 I boot-pipe: done populating /dev/random
10-03 14:31:36.635  1640  1657 E BatteryExternalStatsWorker: modem info is invalid: ModemActivityInfo{ mTimestamp=0 mSleepTimeMs=0 mIdleTimeMs=0 mTxTimeMs[]=[0, 0, 0, 0, 0] mRxTimeMs=0 mEnergyUsed=0}
10-03 14:31:48.678  1640  1653 E memtrack: Couldn't load memtrack module
10-03 14:31:48.678  1640  1653 W android.os.Debug: failed to get memory consumption info: -1
10-03 14:32:00.009  1440  1456 D hwcomposer: hw_composer sent 6 syncs in 60s
10-03 14:32:00.896  1431 13967 W audio_hw_generic: in_read_worker only could write 0 / 240 frames
10-03 14:32:03.946  1903  1923 I Finsky  : [1555] kuf.run(36): Stats for Executor: BlockingExecutor kwj@51eece8[Running, pool size = 0, active threads = 0, queued tasks = 0, completed tasks = 266]
10-03 14:32:03.947  1903  1923 I Finsky  : [1555] kuf.run(36): Stats for Executor: LightweightExecutor kwj@dc9bf01[Running, pool size = 3, active threads = 0, queued tasks = 0, completed tasks = 387]
10-03 14:32:04.113  1903  1923 I Finsky  : [1555] kuf.run(36): Stats for Executor: bgExecutor kwj@2ded1a6[Running, pool size = 4, active threads = 0, queued tasks = 0, completed tasks = 634]
10-03 14:32:07.842  1447  1447 I boot-pipe: done populating /dev/random
10-03 14:32:09.677  1640  1653 E memtrack: Couldn't load memtrack module
10-03 14:32:09.677  1640  1653 W android.os.Debug: failed to get memory consumption info: -1
10-03 14:32:37.048  1431 13967 W audio_hw_generic: in_read_worker only could write 0 / 240 frames
10-03 14:32:55.542  1431 13967 W audio_hw_generic: in_read_worker only could write 0 / 240 frames
10-03 14:33:00.018  1440  1456 D hwcomposer: hw_composer sent 6 syncs in 60s
10-03 14:33:05.821  1640 14127 I ActivityManager: Start proc 6076:com.google.android.apps.wallpaper/u0a31 for broadcast com.google.android.apps.wallpaper/.module.DailyLoggingAlarmReceiver
10-03 14:33:05.824  6076  6076 W zygote  : Unexpected CPU variant for X86 using defaults: x86
10-03 14:33:06.403  1640  1650 I ActivityManager: Killing 1903:com.android.vending/u0a24 (adj 906): empty for 3316s
10-03 14:33:06.409  1640  1656 W zygote  : kill(-1903, 9) failed: No such process
10-03 14:33:06.485  1640  1656 I chatty  : uid=1000(system) ActivityManager identical 2 lines
10-03 14:33:06.525  1640  1656 W zygote  : kill(-1903, 9) failed: No such process
10-03 14:33:06.525  1640  1656 I zygote  : Successfully killed process cgroup uid 10024 pid 1903 in 117ms
10-03 14:33:07.843  1447  1447 I boot-pipe: done populating /dev/random
10-03 14:33:08.775  1640 14127 D WificondControl: Scan result ready event
10-03 14:33:08.777 17993 17993 I wpa_supplicant: nl80211: send_and_recv->nl_recvmsgs failed: -33
10-03 14:33:31.703  1640  1653 E memtrack: Couldn't load memtrack module
10-03 14:33:31.703  1640  1653 W android.os.Debug: failed to get memory consumption info: -1
10-03 14:33:36.681  1640  1653 E memtrack: Couldn't load memtrack module
10-03 14:33:36.681  1640  1653 W android.os.Debug: failed to get memory consumption info: -1
10-03 14:33:36.693  1640  1653 E memtrack: Couldn't load memtrack module
10-03 14:33:36.693  1640  1653 W android.os.Debug: failed to get memory consumption info: -1
10-03 14:33:48.685  1640  1653 E memtrack: Couldn't load memtrack module
10-03 14:33:48.685  1640  1653 W android.os.Debug: failed to get memory consumption info: -1
10-03 14:33:49.681  1640  1653 E memtrack: Couldn't load memtrack module
10-03 14:33:49.681  1640  1653 W android.os.Debug: failed to get memory consumption info: -1
10-03 14:33:50.296 13773 13876 I DeviceStateChecker: screenOn: true, isCharging: true
10-03 14:33:52.680  1640  1653 E memtrack: Couldn't load memtrack module
10-03 14:33:52.680  1640  1653 W android.os.Debug: failed to get memory consumption info: -1
10-03 14:34:00.020  1440  1456 D hwcomposer: hw_composer sent 12 syncs in 60s
10-03 14:34:02.308  1431 13967 W audio_hw_generic: in_read_worker only could write 0 / 240 frames
10-03 14:34:04.794  1640  1649 I zygote  : Background concurrent copying GC freed 11956(680KB) AllocSpace objects, 2(104KB) LOS objects, 30% free, 13MB/19MB, paused 276us total 115.640ms
10-03 14:34:04.826  1431 13967 W audio_hw_generic: in_read_worker only could write 0 / 240 frames
10-03 14:34:05.067  1431 13967 W audio_hw_generic: in_read_worker only could write 0 / 240 frames
10-03 14:34:07.843  1447  1447 I boot-pipe: done populating /dev/random
10-03 14:34:09.682  1640  1653 E memtrack: Couldn't load memtrack module
10-03 14:34:09.682  1640  1653 W android.os.Debug: failed to get memory consumption info: -1
10-03 14:35:00.018  1440  1456 D hwcomposer: hw_composer sent 6 syncs in 60s
10-03 14:35:03.731  1431 13967 W audio_hw_generic: in_read_worker only could write 0 / 240 frames
10-03 14:35:07.844  1447  1447 I boot-pipe: done populating /dev/random
10-03 14:35:10.856  1431 13967 W audio_hw_generic: in_read_worker only could write 0 / 240 frames
10-03 14:35:37.856  1431 13967 I chatty  : uid=1041(audioserver) audio@2.0-servi identical 2 lines
10-03 14:35:38.068  1431 13967 W audio_hw_generic: in_read_worker only could write 0 / 240 frames
10-03 14:35:49.691  1640  1653 E memtrack: Couldn't load memtrack module
10-03 14:35:49.691  1640  1653 W android.os.Debug: failed to get memory consumption info: -1
10-03 14:35:58.557  1431 13967 W audio_hw_generic: in_read_worker only could write 0 / 240 frames
10-03 14:36:00.013  1440  1456 D hwcomposer: hw_composer sent 6 syncs in 60s
10-03 14:36:07.844  1447  1447 I boot-pipe: done populating /dev/random
10-03 14:36:09.162  1431 13967 W audio_hw_generic: in_read_worker only could write 0 / 240 frames
10-03 14:36:09.684  1640  1653 E memtrack: Couldn't load memtrack module
10-03 14:36:09.684  1640  1653 W android.os.Debug: failed to get memory consumption info: -1
10-03 14:36:10.632  1431 13967 W audio_hw_generic: in_read_worker only could write 0 / 240 frames
10-03 14:36:32.685  1640  1653 E memtrack: Couldn't load memtrack module
10-03 14:36:32.685  1640  1653 W android.os.Debug: failed to get memory consumption info: -1
10-03 14:36:48.752  1640  1640 I ActivityManager: Start proc 6114:com.google.android.apps.messaging/u0a68 for service com.google.android.apps.messaging/androidx.work.impl.background.systemjob.SystemJobService
10-03 14:36:48.754  6114  6114 W zygote  : Unexpected CPU variant for X86 using defaults: x86
10-03 14:36:48.909  6114  6114 W ResourceType: ResTable_typeSpec entry count inconsistent: given 891, previously 906
10-03 14:36:48.910  6114  6114 W ResourceType: ResTable_typeSpec entry count inconsistent: given 715, previously 2338
10-03 14:36:48.912  6114  6114 W ResourceType: ResTable_typeSpec entry count inconsistent: given 278, previously 1369
10-03 14:36:48.977  6114  6114 I zygote  : Rejecting re-init on previously-failed class java.lang.Class<fqx>: java.lang.NoClassDefFoundError: Failed resolution of: Landroid/os/StrictMode$OnThreadViolationListener;
10-03 14:36:48.977  6114  6114 I zygote  :   at java.lang.Object java.lang.Class.newInstance() (Class.java:-2)
10-03 14:36:48.977  6114  6114 I zygote  :   at android.app.Application android.app.Instrumentation.newApplication(java.lang.Class, android.content.Context) (Instrumentation.java:1102)
10-03 14:36:48.977  6114  6114 I zygote  :   at android.app.Application android.app.Instrumentation.newApplication(java.lang.ClassLoader, java.lang.String, android.content.Context) (Instrumentation.java:1087)
10-03 14:36:48.977  6114  6114 I zygote  :   at android.app.Application android.app.LoadedApk.makeApplication(boolean, android.app.Instrumentation) (LoadedApk.java:983)
10-03 14:36:48.977  6114  6114 I zygote  :   at void android.app.ActivityThread.handleBindApplication(android.app.ActivityThread$AppBindData) (ActivityThread.java:5715)
10-03 14:36:48.977  6114  6114 I zygote  :   at void android.app.ActivityThread.-wrap1(android.app.ActivityThread, android.app.ActivityThread$AppBindData) (ActivityThread.java:-1)
10-03 14:36:48.977  6114  6114 I zygote  :   at void android.app.ActivityThread$H.handleMessage(android.os.Message) (ActivityThread.java:1656)
10-03 14:36:48.977  6114  6114 I zygote  :   at void android.os.Handler.dispatchMessage(android.os.Message) (Handler.java:106)
10-03 14:36:48.977  6114  6114 I zygote  :   at void android.os.Looper.loop() (Looper.java:164)
10-03 14:36:48.977  6114  6114 I zygote  :   at void android.app.ActivityThread.main(java.lang.String[]) (ActivityThread.java:6494)
10-03 14:36:48.977  6114  6114 I zygote  :   at java.lang.Object java.lang.reflect.Method.invoke(java.lang.Object, java.lang.Object[]) (Method.java:-2)
10-03 14:36:48.977  6114  6114 I zygote  :   at void com.android.internal.os.RuntimeInit$MethodAndArgsCaller.run() (RuntimeInit.java:438)
10-03 14:36:48.977  6114  6114 I zygote  :   at void com.android.internal.os.ZygoteInit.main(java.lang.String[]) (ZygoteInit.java:807)
10-03 14:36:48.977  6114  6114 I zygote  : Caused by: java.lang.ClassNotFoundException: Didn't find class "android.os.StrictMode$OnThreadViolationListener" on path: DexPathList[[zip file "/data/app/com.google.android.apps.messaging-kfPM0kdZOROvESyjNfWtNw==/base.apk", zip file "/data/app/com.google.android.apps.messaging-kfPM0kdZOROvESyjNfWtNw==/split_config.en.apk", zip file "/data/app/com.google.android.apps.messaging-kfPM0kdZOROvESyjNfWtNw==/split_config.x86.apk", zip file "/data/app/com.google.android.apps.messaging-kfPM0kdZOROvESyjNfWtNw==/split_config.xxhdpi.apk"],nativeLibraryDirectories=[/data/app/com.google.android.apps.messaging-kfPM0kdZOROvESyjNfWtNw==/lib/x86, /data/app/com.google.android.apps.messaging-kfPM0kdZOROvESyjNfWtNw==/base.apk!/lib/x86, /data/app/com.google.android.apps.messaging-kfPM0kdZOROvESyjNfWtNw==/split_config.en.apk!/lib/x86, /data/app/com.google.android.apps.messaging-kfPM0kdZOROvESyjNfWtNw==/split_config.x86.apk!/lib/x86, /data/app/com.google.android.apps.messaging-kfPM0kdZOROvESyjNfWtNw==/split_config.xxhdpi.apk!/lib/x
10-03 14:36:48.977  6114  6114 I zygote  :   at java.lang.Class dalvik.system.BaseDexClassLoader.findClass(java.lang.String) (BaseDexClassLoader.java:125)
10-03 14:36:48.977  6114  6114 I zygote  :   at java.lang.Class java.lang.ClassLoader.loadClass(java.lang.String, boolean) (ClassLoader.java:379)
10-03 14:36:48.977  6114  6114 I zygote  :   at java.lang.Class java.lang.ClassLoader.loadClass(java.lang.String) (ClassLoader.java:312)
10-03 14:36:48.977  6114  6114 I zygote  :   at java.lang.Object java.lang.Class.newInstance() (Class.java:-2)
10-03 14:36:48.977  6114  6114 I zygote  :   at android.app.Application android.app.Instrumentation.newApplication(java.lang.Class, android.content.Context) (Instrumentation.java:1102)
10-03 14:36:48.977  6114  6114 I zygote  :   at android.app.Application android.app.Instrumentation.newApplication(java.lang.ClassLoader, java.lang.String, android.content.Context) (Instrumentation.java:1087)
10-03 14:36:48.977  6114  6114 I zygote  :   at android.app.Application android.app.LoadedApk.makeApplication(boolean, android.app.Instrumentation) (LoadedApk.java:983)
10-03 14:36:48.977  6114  6114 I zygote  :   at void android.app.ActivityThread.handleBindApplication(android.app.ActivityThread$AppBindData) (ActivityThread.java:5715)
10-03 14:36:48.977  6114  6114 I zygote  :   at void android.app.ActivityThread.-wrap1(android.app.ActivityThread, android.app.ActivityThread$AppBindData) (ActivityThread.java:-1)
10-03 14:36:48.977  6114  6114 I zygote  :   at void android.app.ActivityThread$H.handleMessage(android.os.Message) (ActivityThread.java:1656)
10-03 14:36:48.977  6114  6114 I zygote  :   at void android.os.Handler.dispatchMessage(android.os.Message) (Handler.java:106)
10-03 14:36:48.977  6114  6114 I zygote  :   at void android.os.Looper.loop() (Looper.java:164)
10-03 14:36:48.977  6114  6114 I zygote  :   at void android.app.ActivityThread.main(java.lang.String[]) (ActivityThread.java:6494)
10-03 14:36:48.977  6114  6114 I zygote  :   at java.lang.Object java.lang.reflect.Method.invoke(java.lang.Object, java.lang.Object[]) (Method.java:-2)
10-03 14:36:48.977  6114  6114 I zygote  :   at void com.android.internal.os.RuntimeInit$MethodAndArgsCaller.run() (RuntimeInit.java:438)
10-03 14:36:48.977  6114  6114 I zygote  :   at void com.android.internal.os.ZygoteInit.main(java.lang.String[]) (ZygoteInit.java:807)
10-03 14:36:48.977  6114  6114 I zygote  : 
10-03 14:36:48.978  6114  6114 I zygote  : Rejecting re-init on previously-failed class java.lang.Class<fqx>: java.lang.NoClassDefFoundError: Failed resolution of: Landroid/os/StrictMode$OnThreadViolationListener;
10-03 14:36:48.978  6114  6114 I zygote  :   at java.lang.Object java.lang.Class.newInstance() (Class.java:-2)
10-03 14:36:48.978  6114  6114 I zygote  :   at android.app.Application android.app.Instrumentation.newApplication(java.lang.Class, android.content.Context) (Instrumentation.java:1102)
10-03 14:36:48.978  6114  6114 I zygote  :   at android.app.Application android.app.Instrumentation.newApplication(java.lang.ClassLoader, java.lang.String, android.content.Context) (Instrumentation.java:1087)
10-03 14:36:48.978  6114  6114 I zygote  :   at android.app.Application android.app.LoadedApk.makeApplication(boolean, android.app.Instrumentation) (LoadedApk.java:983)
10-03 14:36:48.978  6114  6114 I zygote  :   at void android.app.ActivityThread.handleBindApplication(android.app.ActivityThread$AppBindData) (ActivityThread.java:5715)
10-03 14:36:48.978  6114  6114 I zygote  :   at void android.app.ActivityThread.-wrap1(android.app.ActivityThread, android.app.ActivityThread$AppBindData) (ActivityThread.java:-1)
10-03 14:36:48.978  6114  6114 I zygote  :   at void android.app.ActivityThread$H.handleMessage(android.os.Message) (ActivityThread.java:1656)
10-03 14:36:48.978  6114  6114 I zygote  :   at void android.os.Handler.dispatchMessage(android.os.Message) (Handler.java:106)
10-03 14:36:48.978  6114  6114 I zygote  :   at void android.os.Looper.loop() (Looper.java:164)
10-03 14:36:48.978  6114  6114 I zygote  :   at void android.app.ActivityThread.main(java.lang.String[]) (ActivityThread.java:6494)
10-03 14:36:48.978  6114  6114 I zygote  :   at java.lang.Object java.lang.reflect.Method.invoke(java.lang.Object, java.lang.Object[]) (Method.java:-2)
10-03 14:36:48.978  6114  6114 I zygote  :   at void com.android.internal.os.RuntimeInit$MethodAndArgsCaller.run() (RuntimeInit.java:438)
10-03 14:36:48.978  6114  6114 I zygote  :   at void com.android.internal.os.ZygoteInit.main(java.lang.String[]) (ZygoteInit.java:807)
10-03 14:36:48.978  6114  6114 I zygote  : Caused by: java.lang.ClassNotFoundException: Didn't find class "android.os.StrictMode$OnThreadViolationListener" on path: DexPathList[[zip file "/data/app/com.google.android.apps.messaging-kfPM0kdZOROvESyjNfWtNw==/base.apk", zip file "/data/app/com.google.android.apps.messaging-kfPM0kdZOROvESyjNfWtNw==/split_config.en.apk", zip file "/data/app/com.google.android.apps.messaging-kfPM0kdZOROvESyjNfWtNw==/split_config.x86.apk", zip file "/data/app/com.google.android.apps.messaging-kfPM0kdZOROvESyjNfWtNw==/split_config.xxhdpi.apk"],nativeLibraryDirectories=[/data/app/com.google.android.apps.messaging-kfPM0kdZOROvESyjNfWtNw==/lib/x86, /data/app/com.google.android.apps.messaging-kfPM0kdZOROvESyjNfWtNw==/base.apk!/lib/x86, /data/app/com.google.android.apps.messaging-kfPM0kdZOROvESyjNfWtNw==/split_config.en.apk!/lib/x86, /data/app/com.google.android.apps.messaging-kfPM0kdZOROvESyjNfWtNw==/split_config.x86.apk!/lib/x86, /data/app/com.google.android.apps.messaging-kfPM0kdZOROvESyjNfWtNw==/split_config.xxhdpi.apk!/lib/x
10-03 14:36:48.978  6114  6114 I zygote  :   at java.lang.Class dalvik.system.BaseDexClassLoader.findClass(java.lang.String) (BaseDexClassLoader.java:125)
10-03 14:36:48.978  6114  6114 I zygote  :   at java.lang.Class java.lang.ClassLoader.loadClass(java.lang.String, boolean) (ClassLoader.java:379)
10-03 14:36:48.978  6114  6114 I zygote  :   at java.lang.Class java.lang.ClassLoader.loadClass(java.lang.String) (ClassLoader.java:312)
10-03 14:36:48.978  6114  6114 I zygote  :   at java.lang.Object java.lang.Class.newInstance() (Class.java:-2)
10-03 14:36:48.978  6114  6114 I zygote  :   at android.app.Application android.app.Instrumentation.newApplication(java.lang.Class, android.content.Context) (Instrumentation.java:1102)
10-03 14:36:48.978  6114  6114 I zygote  :   at android.app.Application android.app.Instrumentation.newApplication(java.lang.ClassLoader, java.lang.String, android.content.Context) (Instrumentation.java:1087)
10-03 14:36:48.978  6114  6114 I zygote  :   at android.app.Application android.app.LoadedApk.makeApplication(boolean, android.app.Instrumentation) (LoadedApk.java:983)
10-03 14:36:48.978  6114  6114 I zygote  :   at void android.app.ActivityThread.handleBindApplication(android.app.ActivityThread$AppBindData) (ActivityThread.java:5715)
10-03 14:36:48.978  6114  6114 I zygote  :   at void android.app.ActivityThread.-wrap1(android.app.ActivityThread, android.app.ActivityThread$AppBindData) (ActivityThread.java:-1)
10-03 14:36:48.978  6114  6114 I zygote  :   at void android.app.ActivityThread$H.handleMessage(android.os.Message) (ActivityThread.java:1656)
10-03 14:36:48.978  6114  6114 I zygote  :   at void android.os.Handler.dispatchMessage(android.os.Message) (Handler.java:106)
10-03 14:36:48.978  6114  6114 I zygote  :   at void android.os.Looper.loop() (Looper.java:164)
10-03 14:36:48.978  6114  6114 I zygote  :   at void android.app.ActivityThread.main(java.lang.String[]) (ActivityThread.java:6494)
10-03 14:36:48.978  6114  6114 I zygote  :   at java.lang.Object java.lang.reflect.Method.invoke(java.lang.Object, java.lang.Object[]) (Method.java:-2)
10-03 14:36:48.978  6114  6114 I zygote  :   at void com.android.internal.os.RuntimeInit$MethodAndArgsCaller.run() (RuntimeInit.java:438)
10-03 14:36:48.978  6114  6114 I zygote  :   at void com.android.internal.os.ZygoteInit.main(java.lang.String[]) (ZygoteInit.java:807)
10-03 14:36:48.978  6114  6114 I zygote  : 
10-03 14:36:48.979  6114  6114 I zygote  : Rejecting re-init on previously-failed class java.lang.Class<fqx>: java.lang.NoClassDefFoundError: Failed resolution of: Landroid/os/StrictMode$OnThreadViolationListener;
10-03 14:36:48.979  6114  6114 I zygote  :   at java.lang.Object java.lang.Class.newInstance() (Class.java:-2)
10-03 14:36:48.979  6114  6114 I zygote  :   at android.app.Application android.app.Instrumentation.newApplication(java.lang.Class, android.content.Context) (Instrumentation.java:1102)
10-03 14:36:48.979  6114  6114 I zygote  :   at android.app.Application android.app.Instrumentation.newApplication(java.lang.ClassLoader, java.lang.String, android.content.Context) (Instrumentation.java:1087)
10-03 14:36:48.979  6114  6114 I zygote  :   at android.app.Application android.app.LoadedApk.makeApplication(boolean, android.app.Instrumentation) (LoadedApk.java:983)
10-03 14:36:48.979  6114  6114 I zygote  :   at void android.app.ActivityThread.handleBindApplication(android.app.ActivityThread$AppBindData) (ActivityThread.java:5715)
10-03 14:36:48.979  6114  6114 I zygote  :   at void android.app.ActivityThread.-wrap1(android.app.ActivityThread, android.app.ActivityThread$AppBindData) (ActivityThread.java:-1)
10-03 14:36:48.979  6114  6114 I zygote  :   at void android.app.ActivityThread$H.handleMessage(android.os.Message) (ActivityThread.java:1656)
10-03 14:36:48.979  6114  6114 I zygote  :   at void android.os.Handler.dispatchMessage(android.os.Message) (Handler.java:106)
10-03 14:36:48.979  6114  6114 I zygote  :   at void android.os.Looper.loop() (Looper.java:164)
10-03 14:36:48.979  6114  6114 I zygote  :   at void android.app.ActivityThread.main(java.lang.String[]) (ActivityThread.java:6494)
10-03 14:36:48.979  6114  6114 I zygote  :   at java.lang.Object java.lang.reflect.Method.invoke(java.lang.Object, java.lang.Object[]) (Method.java:-2)
10-03 14:36:48.979  6114  6114 I zygote  :   at void com.android.internal.os.RuntimeInit$MethodAndArgsCaller.run() (RuntimeInit.java:438)
10-03 14:36:48.979  6114  6114 I zygote  :   at void com.android.internal.os.ZygoteInit.main(java.lang.String[]) (ZygoteInit.java:807)
10-03 14:36:48.979  6114  6114 I zygote  : Caused by: java.lang.ClassNotFoundException: Didn't find class "android.os.StrictMode$OnThreadViolationListener" on path: DexPathList[[zip file "/data/app/com.google.android.apps.messaging-kfPM0kdZOROvESyjNfWtNw==/base.apk", zip file "/data/app/com.google.android.apps.messaging-kfPM0kdZOROvESyjNfWtNw==/split_config.en.apk", zip file "/data/app/com.google.android.apps.messaging-kfPM0kdZOROvESyjNfWtNw==/split_config.x86.apk", zip file "/data/app/com.google.android.apps.messaging-kfPM0kdZOROvESyjNfWtNw==/split_config.xxhdpi.apk"],nativeLibraryDirectories=[/data/app/com.google.android.apps.messaging-kfPM0kdZOROvESyjNfWtNw==/lib/x86, /data/app/com.google.android.apps.messaging-kfPM0kdZOROvESyjNfWtNw==/base.apk!/lib/x86, /data/app/com.google.android.apps.messaging-kfPM0kdZOROvESyjNfWtNw==/split_config.en.apk!/lib/x86, /data/app/com.google.android.apps.messaging-kfPM0kdZOROvESyjNfWtNw==/split_config.x86.apk!/lib/x86, /data/app/com.google.android.apps.messaging-kfPM0kdZOROvESyjNfWtNw==/split_config.xxhdpi.apk!/lib/x
10-03 14:36:48.979  6114  6114 I zygote  :   at java.lang.Class dalvik.system.BaseDexClassLoader.findClass(java.lang.String) (BaseDexClassLoader.java:125)
10-03 14:36:48.979  6114  6114 I zygote  :   at java.lang.Class java.lang.ClassLoader.loadClass(java.lang.String, boolean) (ClassLoader.java:379)
10-03 14:36:48.979  6114  6114 I zygote  :   at java.lang.Class java.lang.ClassLoader.loadClass(java.lang.String) (ClassLoader.java:312)
10-03 14:36:48.979  6114  6114 I zygote  :   at java.lang.Object java.lang.Class.newInstance() (Class.java:-2)
10-03 14:36:48.979  6114  6114 I zygote  :   at android.app.Application android.app.Instrumentation.newApplication(java.lang.Class, android.content.Context) (Instrumentation.java:1102)
10-03 14:36:48.979  6114  6114 I zygote  :   at android.app.Application android.app.Instrumentation.newApplication(java.lang.ClassLoader, java.lang.String, android.content.Context) (Instrumentation.java:1087)
10-03 14:36:48.979  6114  6114 I zygote  :   at android.app.Application android.app.LoadedApk.makeApplication(boolean, android.app.Instrumentation) (LoadedApk.java:983)
10-03 14:36:48.979  6114  6114 I zygote  :   at void android.app.ActivityThread.handleBindApplication(android.app.ActivityThread$AppBindData) (ActivityThread.java:5715)
10-03 14:36:48.979  6114  6114 I zygote  :   at void android.app.ActivityThread.-wrap1(android.app.ActivityThread, android.app.ActivityThread$AppBindData) (ActivityThread.java:-1)
10-03 14:36:48.979  6114  6114 I zygote  :   at void android.app.ActivityThread$H.handleMessage(android.os.Message) (ActivityThread.java:1656)
10-03 14:36:48.979  6114  6114 I zygote  :   at void android.os.Handler.dispatchMessage(android.os.Message) (Handler.java:106)
10-03 14:36:48.979  6114  6114 I zygote  :   at void android.os.Looper.loop() (Looper.java:164)
10-03 14:36:48.979  6114  6114 I zygote  :   at void android.app.ActivityThread.main(java.lang.String[]) (ActivityThread.java:6494)
10-03 14:36:48.979  6114  6114 I zygote  :   at java.lang.Object java.lang.reflect.Method.invoke(java.lang.Object, java.lang.Object[]) (Method.java:-2)
10-03 14:36:48.979  6114  6114 I zygote  :   at void com.android.internal.os.RuntimeInit$MethodAndArgsCaller.run() (RuntimeInit.java:438)
10-03 14:36:48.979  6114  6114 I zygote  :   at void com.android.internal.os.ZygoteInit.main(java.lang.String[]) (ZygoteInit.java:807)
10-03 14:36:48.979  6114  6114 I zygote  : 
10-03 14:36:49.084  6114  6114 W zygote  : Verification of void ggy.attachBaseContext(android.content.Context) took 123.293ms
10-03 14:36:49.139  6114  6114 I MultiDex: VM with version 2.1.0 has multidex support
10-03 14:36:49.139  6114  6114 I MultiDex: install
10-03 14:36:49.140  6114  6114 I MultiDex: VM has multidex support, MultiDex support library is disabled.
10-03 14:36:49.140  6114  6114 I MultiDex: install
10-03 14:36:49.140  6114  6114 I MultiDex: VM has multidex support, MultiDex support library is disabled.
10-03 14:36:49.205  6114  6114 W ResourceType: For resource 0x7f1303b2, entry index(946) is beyond type entryCount(715)
10-03 14:36:49.206  6114  6114 W ResourceType: For resource 0x7f1303b1, entry index(945) is beyond type entryCount(715)
10-03 14:36:49.206  6114  6114 W ResourceType: For resource 0x7f13039a, entry index(922) is beyond type entryCount(715)
10-03 14:36:49.215  6114  6114 W ResourceType: For resource 0x7f1303a5, entry index(933) is beyond type entryCount(715)
10-03 14:36:49.215  6114  6114 W ResourceType: For resource 0x7f1303b8, entry index(952) is beyond type entryCount(715)
10-03 14:36:49.217  6114  6114 W ResourceType: For resource 0x7f13060e, entry index(1550) is beyond type entryCount(715)
10-03 14:36:49.265  6114  6114 W ResourceType: For resource 0x7f1303b2, entry index(946) is beyond type entryCount(715)
10-03 14:36:49.268  6114  6114 I FirebaseInitProvider: FirebaseApp initialization successful
10-03 14:36:49.282  6114  6138 W DynamiteModule: Local module descriptor class for com.google.android.gms.measurement.dynamite not found.
10-03 14:36:49.292  6114  6138 W zygote  : Unsupported class loader
10-03 14:36:49.303  6114  6138 W zygote  : Skipping duplicate class check due to unsupported classloader
10-03 14:36:49.311  6114  6138 I DynamiteModule: Considering local module com.google.android.gms.measurement.dynamite:0 and remote module com.google.android.gms.measurement.dynamite:17
10-03 14:36:49.312  6114  6138 I DynamiteModule: Selected remote version of com.google.android.gms.measurement.dynamite, version >= 17
10-03 14:36:49.315  6114  6138 V DynamiteModule: Dynamite loader version >= 2, using loadModule2NoCrashUtils
10-03 14:36:49.341  6114  6138 W zygote  : Unsupported class loader
10-03 14:36:49.359  6114  6138 W zygote  : Skipping duplicate class check due to unsupported classloader
10-03 14:36:49.376  6114  6138 W DynamiteModule: Local module descriptor class for com.google.android.gms.measurement.dynamite not found.
10-03 14:36:49.429  6114  6114 I ahvr    : SslGuard completed installation.
10-03 14:36:49.464  6114  6148 I PrimesApiImpl: background initialization
10-03 14:36:49.482  6114  6114 I Bugle   : BugleApplicationBase: Bugle version: 6.4.044 (acacia_rc10.phone_dynamic)
10-03 14:36:49.497  6114  6151 I Bugle   : GServicesValues:
10-03 14:36:49.497  6114  6151 I Bugle   : bugle_enable_primes_crash_metrics: true
10-03 14:36:49.497  6114  6151 I Bugle   : bugle_max_telemetry_upload_retries: 10
10-03 14:36:49.497  6114  6151 I Bugle   : bugle_sticker_set_list_version: 3
10-03 14:36:49.521  6114  6146 I CarrierServices: [1776] zow.a: Initializing Carrier Services Library.
10-03 14:36:49.536  6114  6146 I CarrierServices: [1776] zvx.b: Reinitialize CSLib Flags: com.google.android.ims.library
10-03 14:36:49.569  6114  6145 D MddListenableWorkerFactory: createWorker for class: com.google.android.libraries.mdi.download.workmanager.workers.PeriodicWorker
10-03 14:36:49.590  6114  6145 W ResourceType: For resource 0x7f130479, entry index(1145) is beyond type entryCount(715)
10-03 14:36:49.604  6114  6114 D MddPeriodicWorker: PeriodicWorker: startWork
10-03 14:36:49.659  6114  6142 W ResourceType: For resource 0x7f1303b2, entry index(946) is beyond type entryCount(715)
10-03 14:36:49.664  6114  6146 I CarrierServices: [1776] zow.b: Initializing Carrier Services Logging.
10-03 14:36:49.667  6114  6142 I FA      : App measurement initialized, version: 32000
10-03 14:36:49.667  6114  6142 I FA      : To enable debug logging run: adb shell setprop log.tag.FA VERBOSE
10-03 14:36:49.667  6114  6142 I FA      : To enable faster debug mode event logging run:
10-03 14:36:49.667  6114  6142 I FA      :   adb shell setprop debug.firebase.analytics.app com.google.android.apps.messaging
10-03 14:36:49.676  6114  6142 I zygote  : Deoptimizing java.lang.Object id.a(java.lang.Object) due to JIT inline cache
10-03 14:36:49.720  6114  6153 E PhFileGroupPop: Failed to add file group 
10-03 14:36:49.726  6114  6146 I LogSaver: LogSaver new instance with filename: carrier_services
10-03 14:36:49.731  6114  6153 E PhFileGroupPop: Failed to add file group 
10-03 14:36:49.732  6114  6153 I chatty  : uid=10068(com.google.android.apps.messaging) Blocking Thread identical 1 line
10-03 14:36:49.732  6114  6153 E PhFileGroupPop: Failed to add file group 
10-03 14:36:49.781  1431 13967 W audio_hw_generic: in_read_worker only could write 0 / 240 frames
10-03 14:36:49.801  1431 13967 I chatty  : uid=1041(audioserver) audio@2.0-servi identical 2 lines
10-03 14:36:49.811  1431 13967 W audio_hw_generic: in_read_worker only could write 0 / 240 frames
10-03 14:36:49.831  6114  6153 E PhFileGroupPop: Failed to add file group 
10-03 14:36:49.834  6114  6153 I chatty  : uid=10068(com.google.android.apps.messaging) Blocking Thread identical 5 lines
10-03 14:36:49.834  6114  6153 E PhFileGroupPop: Failed to add file group 
10-03 14:36:49.839  6114  6153 E anjw    : RuntimeException while executing runnable anmn{aeti@4ed07f8} with executor MoreExecutors.directExecutor()
10-03 14:36:49.839  6114  6153 E anjw    : java.lang.NullPointerException: Attempt to read from field 'java.lang.String aecq.b' on a null object reference
10-03 14:36:49.839  6114  6153 E anjw    : 	at aeti.a(Unknown Source:10)
10-03 14:36:49.839  6114  6153 E anjw    : 	at anmn.run(PG:7)
10-03 14:36:49.839  6114  6153 E anjw    : 	at anls.execute(PG:3)
10-03 14:36:49.839  6114  6153 E anjw    : 	at anjw.b(PG:69)
10-03 14:36:49.839  6114  6153 E anjw    : 	at anjw.a(PG:25)
10-03 14:36:49.839  6114  6153 E anjw    : 	at anmr.a(PG:2)
10-03 14:36:49.839  6114  6153 E anjw    : 	at aetk.a(PG:16)
10-03 14:36:49.839  6114  6153 E anjw    : 	at aegk.c(PG:127)
10-03 14:36:49.839  6114  6153 E anjw    : 	at aegk.a(PG:119)
10-03 14:36:49.839  6114  6153 E anjw    : 	at aegk.b(PG:90)
10-03 14:36:49.839  6114  6153 E anjw    : 	at aeub.a(Unknown Source:6)
10-03 14:36:49.839  6114  6153 E anjw    : 	at anoc.b(Unknown Source:2)
10-03 14:36:49.839  6114  6153 E anjw    : 	at annd.run(PG:11)
10-03 14:36:49.839  6114  6153 E anjw    : 	at anoe.run(PG:10)
10-03 14:36:49.839  6114  6153 E anjw    : 	at ajnt.run(PG:1)
10-03 14:36:49.839  6114  6153 E anjw    : 	at java.util.concurrent.ThreadPoolExecutor.runWorker(ThreadPoolExecutor.java:1162)
10-03 14:36:49.839  6114  6153 E anjw    : 	at java.util.concurrent.ThreadPoolExecutor$Worker.run(ThreadPoolExecutor.java:636)
10-03 14:36:49.839  6114  6153 E anjw    : 	at ajme.run(Unknown Source:24)
10-03 14:36:49.839  6114  6153 E anjw    : 	at java.lang.Thread.run(Thread.java:764)
10-03 14:36:49.840  6114  6153 E anjw    : RuntimeException while executing runnable anmn{aeti@acf8b36} with executor MoreExecutors.directExecutor()
10-03 14:36:49.840  6114  6153 E anjw    : java.lang.NullPointerException: Attempt to read from field 'java.lang.String aecq.b' on a null object reference
10-03 14:36:49.840  6114  6153 E anjw    : 	at aeti.a(Unknown Source:10)
10-03 14:36:49.840  6114  6153 E anjw    : 	at anmn.run(PG:7)
10-03 14:36:49.840  6114  6153 E anjw    : 	at anls.execute(PG:3)
10-03 14:36:49.840  6114  6153 E anjw    : 	at anjw.b(PG:69)
10-03 14:36:49.840  6114  6153 E anjw    : 	at anjw.a(PG:25)
10-03 14:36:49.840  6114  6153 E anjw    : 	at anmr.a(PG:2)
10-03 14:36:49.840  6114  6153 E anjw    : 	at aetk.a(PG:16)
10-03 14:36:49.840  6114  6153 E anjw    : 	at aegk.c(PG:127)
10-03 14:36:49.840  6114  6153 E anjw    : 	at aegk.a(PG:119)
10-03 14:36:49.840  6114  6153 E anjw    : 	at aegk.b(PG:90)
10-03 14:36:49.840  6114  6153 E anjw    : 	at aeub.a(Unknown Source:6)
10-03 14:36:49.840  6114  6153 E anjw    : 	at anoc.b(Unknown Source:2)
10-03 14:36:49.840  6114  6153 E anjw    : 	at annd.run(PG:11)
10-03 14:36:49.840  6114  6153 E anjw    : 	at anoe.run(PG:10)
10-03 14:36:49.840  6114  6153 E anjw    : 	at ajnt.run(PG:1)
10-03 14:36:49.840  6114  6153 E anjw    : 	at java.util.concurrent.ThreadPoolExecutor.runWorker(ThreadPoolExecutor.java:1162)
10-03 14:36:49.840  6114  6153 E anjw    : 	at java.util.concurrent.ThreadPoolExecutor$Worker.run(ThreadPoolExecutor.java:636)
10-03 14:36:49.840  6114  6153 E anjw    : 	at ajme.run(Unknown Source:24)
10-03 14:36:49.840  6114  6153 E anjw    : 	at java.lang.Thread.run(Thread.java:764)
10-03 14:36:49.872  6114  6120 I zygote  : Do partial code cache collection, code=28KB, data=25KB
10-03 14:36:49.876  6114  6120 I zygote  : After code cache collection, code=25KB, data=24KB
10-03 14:36:49.876  6114  6120 I zygote  : Increasing code cache capacity to 128KB
10-03 14:36:49.889  6114  6146 W ResourceType: For resource 0x7f13074f, entry index(1871) is beyond type entryCount(715)
10-03 14:36:49.889  6114  6146 W ResourceType: For resource 0x7f13055b, entry index(1371) is beyond type entryCount(715)
10-03 14:36:49.889  6114  6146 W ResourceType: For resource 0x7f130554, entry index(1364) is beyond type entryCount(715)
10-03 14:36:49.889  6114  6146 W ResourceType: For resource 0x7f13055d, entry index(1373) is beyond type entryCount(715)
10-03 14:36:49.889  6114  6146 W ResourceType: For resource 0x7f13043c, entry index(1084) is beyond type entryCount(715)
10-03 14:36:49.889  6114  6146 W ResourceType: For resource 0x7f130449, entry index(1097) is beyond type entryCount(715)
10-03 14:36:49.889  6114  6146 W ResourceType: For resource 0x7f130448, entry index(1096) is beyond type entryCount(715)
10-03 14:36:49.889  6114  6146 W ResourceType: For resource 0x7f13070d, entry index(1805) is beyond type entryCount(715)
10-03 14:36:49.889  6114  6146 W ResourceType: For resource 0x7f1306d5, entry index(1749) is beyond type entryCount(715)
10-03 14:36:49.890  6114  6146 W ResourceType: For resource 0x7f13070e, entry index(1806) is beyond type entryCount(715)
10-03 14:36:49.890  6114  6146 W ResourceType: For resource 0x7f13054d, entry index(1357) is beyond type entryCount(715)
10-03 14:36:49.890  6114  6146 W ResourceType: For resource 0x7f13078a, entry index(1930) is beyond type entryCount(715)
10-03 14:36:49.890  6114  6146 W ResourceType: For resource 0x7f13078f, entry index(1935) is beyond type entryCount(715)
10-03 14:36:49.890  6114  6146 W ResourceType: For resource 0x7f13080d, entry index(2061) is beyond type entryCount(715)
10-03 14:36:49.890  6114  6146 W ResourceType: For resource 0x7f1305b1, entry index(1457) is beyond type entryCount(715)
10-03 14:36:49.890  6114  6146 W ResourceType: For resource 0x7f1305b7, entry index(1463) is beyond type entryCount(715)
10-03 14:36:49.890  6114  6146 W ResourceType: For resource 0x7f130440, entry index(1088) is beyond type entryCount(715)
10-03 14:36:49.891  6114  6146 W ResourceType: For resource 0x7f13044a, entry index(1098) is beyond type entryCount(715)
10-03 14:36:49.891  6114  6146 W ResourceType: For resource 0x7f130711, entry index(1809) is beyond type entryCount(715)
10-03 14:36:49.891  6114  6146 W ResourceType: For resource 0x7f1302ea, entry index(746) is beyond type entryCount(715)
10-03 14:36:49.891  6114  6146 W ResourceType: For resource 0x7f13074c, entry index(1868) is beyond type entryCount(715)
10-03 14:36:49.891  6114  6146 W ResourceType: For resource 0x7f130767, entry index(1895) is beyond type entryCount(715)
10-03 14:36:49.891  6114  6146 W ResourceType: For resource 0x7f130654, entry index(1620) is beyond type entryCount(715)
10-03 14:36:49.891  6114  6146 W ResourceType: For resource 0x7f130652, entry index(1618) is beyond type entryCount(715)
10-03 14:36:49.891  6114  6146 W ResourceType: For resource 0x7f130665, entry index(1637) is beyond type entryCount(715)
10-03 14:36:49.891  6114  6146 W ResourceType: For resource 0x7f13064d, entry index(1613) is beyond type entryCount(715)
10-03 14:36:49.891  6114  6146 W ResourceType: For resource 0x7f130674, entry index(1652) is beyond type entryCount(715)
10-03 14:36:49.891  6114  6146 W ResourceType: For resource 0x7f130649, entry index(1609) is beyond type entryCount(715)
10-03 14:36:49.891  6114  6146 W ResourceType: For resource 0x7f13067c, entry index(1660) is beyond type entryCount(715)
10-03 14:36:49.891  6114  6146 W ResourceType: For resource 0x7f1307ce, entry index(1998) is beyond type entryCount(715)
10-03 14:36:49.891  6114  6146 W ResourceType: For resource 0x7f1307e0, entry index(2016) is beyond type entryCount(715)
10-03 14:36:49.891  6114  6146 W ResourceType: For resource 0x7f1308c7, entry index(2247) is beyond type entryCount(715)
10-03 14:36:49.893  6114  6146 I BugleBackup: Registering preference change listener for "bugle".
10-03 14:36:49.921  6114  6144 W BugleRcs: couldn't get package info for carrier services package with name com.google.android.ims
10-03 14:36:49.921  6114  6144 W BugleRcs: android.content.pm.PackageManager$NameNotFoundException: com.google.android.ims
10-03 14:36:49.921  6114  6144 W BugleRcs: 	at android.app.ApplicationPackageManager.getPackageInfoAsUser(ApplicationPackageManager.java:173)
10-03 14:36:49.921  6114  6144 W BugleRcs: 	at android.app.ApplicationPackageManager.getPackageInfo(ApplicationPackageManager.java:144)
10-03 14:36:49.921  6114  6144 W BugleRcs: 	at pxh.<init>(PG:8)
10-03 14:36:49.921  6114  6144 W BugleRcs: 	at pxh.a(PG:19)
10-03 14:36:49.921  6114  6144 W BugleRcs: 	at lsl.a(PG:27)
10-03 14:36:49.921  6114  6144 W BugleRcs: 	at fql.run(Unknown Source:15)
10-03 14:36:49.921  6114  6144 W BugleRcs: 	at akmf.run(PG:2)
10-03 14:36:49.921  6114  6144 W BugleRcs: 	at java.util.concurrent.Executors$RunnableAdapter.call(Executors.java:457)
10-03 14:36:49.921  6114  6144 W BugleRcs: 	at anod.b(PG:6)
10-03 14:36:49.921  6114  6144 W BugleRcs: 	at annd.run(PG:11)
10-03 14:36:49.921  6114  6144 W BugleRcs: 	at anoe.run(PG:10)
10-03 14:36:49.921  6114  6144 W BugleRcs: 	at ajnt.run(PG:1)
10-03 14:36:49.921  6114  6144 W BugleRcs: 	at java.util.concurrent.ThreadPoolExecutor.runWorker(ThreadPoolExecutor.java:1162)
10-03 14:36:49.921  6114  6144 W BugleRcs: 	at java.util.concurrent.ThreadPoolExecutor$Worker.run(ThreadPoolExecutor.java:636)
10-03 14:36:49.921  6114  6144 W BugleRcs: 	at ajme.run(Unknown Source:24)
10-03 14:36:49.921  6114  6144 W BugleRcs: 	at java.lang.Thread.run(Thread.java:764)
10-03 14:36:49.939 22468 22515 W ResourceType: ResTable_typeSpec entry count inconsistent: given 891, previously 906
10-03 14:36:49.939 22468 22515 W ResourceType: ResTable_typeSpec entry count inconsistent: given 715, previously 2338
10-03 14:36:49.939 22468 22515 W ResourceType: ResTable_typeSpec entry count inconsistent: given 278, previously 1369
10-03 14:36:50.028  6114  6120 I zygote  : Do partial code cache collection, code=62KB, data=47KB
10-03 14:36:50.028  6114  6120 I zygote  : After code cache collection, code=62KB, data=47KB
10-03 14:36:50.028  6114  6120 I zygote  : Increasing code cache capacity to 256KB
10-03 14:36:50.044  6114  6144 I Bugle   : TelephonyManagerFactory: Returning per-subscription TelephonyManager (>= N) subscription{id:1}
10-03 14:36:50.191  6114  6144 W ResourceType: For resource 0x7f130649, entry index(1609) is beyond type entryCount(715)
10-03 14:36:50.205  6114  6144 W ResourceType: For resource 0x7f1302ea, entry index(746) is beyond type entryCount(715)
10-03 14:36:50.207  6114  6144 W BugleRcsEngine: [1774] abgl.d: Carrier Services Apk was not found.
10-03 14:36:50.215  6114  6144 I BugleRcsEngine: [1774] abgl.a: Cannot get service version because CS.apk was not found, not pre-loaded or disabled.
10-03 14:36:50.240  6114  6144 W BugleRcsEngine: [1774] abgl.a: Service with meta data key: JibeServiceApiVersions is not compatible. Service Version 1 is not supported. Supported versions: []
10-03 14:36:50.248  6114  6144 I BugleRcsEngine: [1774] abgl.b: Not using CS JibeService because it is not compatible with AM.
10-03 14:36:50.267  1640  1654 I ActivityManager: Start proc 6171:com.google.android.apps.messaging:rcs/u0a68 for broadcast com.google.android.apps.messaging/com.google.android.ims.receiver.ProvisioningEventReceiver
10-03 14:36:50.268  6171  6171 W zygote  : Unexpected CPU variant for X86 using defaults: x86
10-03 14:36:50.296  6171  6171 W ResourceType: ResTable_typeSpec entry count inconsistent: given 891, previously 906
10-03 14:36:50.296  6171  6171 W ResourceType: ResTable_typeSpec entry count inconsistent: given 715, previously 2338
10-03 14:36:50.296  6171  6171 W ResourceType: ResTable_typeSpec entry count inconsistent: given 278, previously 1369
10-03 14:36:50.304  6171  6171 I zygote  : Rejecting re-init on previously-failed class java.lang.Class<fqx>: java.lang.NoClassDefFoundError: Failed resolution of: Landroid/os/StrictMode$OnThreadViolationListener;
10-03 14:36:50.304  6171  6171 I zygote  :   at java.lang.Object java.lang.Class.newInstance() (Class.java:-2)
10-03 14:36:50.304  6171  6171 I zygote  :   at android.app.Application android.app.Instrumentation.newApplication(java.lang.Class, android.content.Context) (Instrumentation.java:1102)
10-03 14:36:50.304  6171  6171 I zygote  :   at android.app.Application android.app.Instrumentation.newApplication(java.lang.ClassLoader, java.lang.String, android.content.Context) (Instrumentation.java:1087)
10-03 14:36:50.304  6171  6171 I zygote  :   at android.app.Application android.app.LoadedApk.makeApplication(boolean, android.app.Instrumentation) (LoadedApk.java:983)
10-03 14:36:50.304  6171  6171 I zygote  :   at void android.app.ActivityThread.handleBindApplication(android.app.ActivityThread$AppBindData) (ActivityThread.java:5715)
10-03 14:36:50.304  6171  6171 I zygote  :   at void android.app.ActivityThread.-wrap1(android.app.ActivityThread, android.app.ActivityThread$AppBindData) (ActivityThread.java:-1)
10-03 14:36:50.304  6171  6171 I zygote  :   at void android.app.ActivityThread$H.handleMessage(android.os.Message) (ActivityThread.java:1656)
10-03 14:36:50.304  6171  6171 I zygote  :   at void android.os.Handler.dispatchMessage(android.os.Message) (Handler.java:106)
10-03 14:36:50.304  6171  6171 I zygote  :   at void android.os.Looper.loop() (Looper.java:164)
10-03 14:36:50.304  6171  6171 I zygote  :   at void android.app.ActivityThread.main(java.lang.String[]) (ActivityThread.java:6494)
10-03 14:36:50.304  6171  6171 I zygote  :   at java.lang.Object java.lang.reflect.Method.invoke(java.lang.Object, java.lang.Object[]) (Method.java:-2)
10-03 14:36:50.304  6171  6171 I zygote  :   at void com.android.internal.os.RuntimeInit$MethodAndArgsCaller.run() (RuntimeInit.java:438)
10-03 14:36:50.304  6171  6171 I zygote  :   at void com.android.internal.os.ZygoteInit.main(java.lang.String[]) (ZygoteInit.java:807)
10-03 14:36:50.304  6171  6171 I zygote  : Caused by: java.lang.ClassNotFoundException: Didn't find class "android.os.StrictMode$OnThreadViolationListener" on path: DexPathList[[zip file "/data/app/com.google.android.apps.messaging-kfPM0kdZOROvESyjNfWtNw==/base.apk", zip file "/data/app/com.google.android.apps.messaging-kfPM0kdZOROvESyjNfWtNw==/split_config.en.apk", zip file "/data/app/com.google.android.apps.messaging-kfPM0kdZOROvESyjNfWtNw==/split_config.x86.apk", zip file "/data/app/com.google.android.apps.messaging-kfPM0kdZOROvESyjNfWtNw==/split_config.xxhdpi.apk"],nativeLibraryDirectories=[/data/app/com.google.android.apps.messaging-kfPM0kdZOROvESyjNfWtNw==/lib/x86, /data/app/com.google.android.apps.messaging-kfPM0kdZOROvESyjNfWtNw==/base.apk!/lib/x86, /data/app/com.google.android.apps.messaging-kfPM0kdZOROvESyjNfWtNw==/split_config.en.apk!/lib/x86, /data/app/com.google.android.apps.messaging-kfPM0kdZOROvESyjNfWtNw==/split_config.x86.apk!/lib/x86, /data/app/com.google.android.apps.messaging-kfPM0kdZOROvESyjNfWtNw==/split_config.xxhdpi.apk!/lib/x
10-03 14:36:50.304  6171  6171 I zygote  :   at java.lang.Class dalvik.system.BaseDexClassLoader.findClass(java.lang.String) (BaseDexClassLoader.java:125)
10-03 14:36:50.304  6171  6171 I zygote  :   at java.lang.Class java.lang.ClassLoader.loadClass(java.lang.String, boolean) (ClassLoader.java:379)
10-03 14:36:50.304  6171  6171 I zygote  :   at java.lang.Class java.lang.ClassLoader.loadClass(java.lang.String) (ClassLoader.java:312)
10-03 14:36:50.304  6171  6171 I zygote  :   at java.lang.Object java.lang.Class.newInstance() (Class.java:-2)
10-03 14:36:50.304  6171  6171 I zygote  :   at android.app.Application android.app.Instrumentation.newApplication(java.lang.Class, android.content.Context) (Instrumentation.java:1102)
10-03 14:36:50.304  6171  6171 I zygote  :   at android.app.Application android.app.Instrumentation.newApplication(java.lang.ClassLoader, java.lang.String, android.content.Context) (Instrumentation.java:1087)
10-03 14:36:50.304  6171  6171 I zygote  :   at android.app.Application android.app.LoadedApk.makeApplication(boolean, android.app.Instrumentation) (LoadedApk.java:983)
10-03 14:36:50.304  6171  6171 I zygote  :   at void android.app.ActivityThread.handleBindApplication(android.app.ActivityThread$AppBindData) (ActivityThread.java:5715)
10-03 14:36:50.304  6171  6171 I zygote  :   at void android.app.ActivityThread.-wrap1(android.app.ActivityThread, android.app.ActivityThread$AppBindData) (ActivityThread.java:-1)
10-03 14:36:50.305  6171  6171 I zygote  :   at void android.app.ActivityThread$H.handleMessage(android.os.Message) (ActivityThread.java:1656)
10-03 14:36:50.305  6171  6171 I zygote  :   at void android.os.Handler.dispatchMessage(android.os.Message) (Handler.java:106)
10-03 14:36:50.305  6171  6171 I zygote  :   at void android.os.Looper.loop() (Looper.java:164)
10-03 14:36:50.305  6171  6171 I zygote  :   at void android.app.ActivityThread.main(java.lang.String[]) (ActivityThread.java:6494)
10-03 14:36:50.305  6171  6171 I zygote  :   at java.lang.Object java.lang.reflect.Method.invoke(java.lang.Object, java.lang.Object[]) (Method.java:-2)
10-03 14:36:50.305  6171  6171 I zygote  :   at void com.android.internal.os.RuntimeInit$MethodAndArgsCaller.run() (RuntimeInit.java:438)
10-03 14:36:50.305  6171  6171 I zygote  :   at void com.android.internal.os.ZygoteInit.main(java.lang.String[]) (ZygoteInit.java:807)
