10-02 20:30:46.294  1640  1649 I zygote  : Background concurrent copying GC freed 40054(2MB) AllocSpace objects, 58(2MB) LOS objects, 30% free, 13MB/19MB, paused 272us total 172.940ms
10-02 20:30:48.122  1640  1653 E memtrack: Couldn't load memtrack module
10-02 20:30:48.122  1640  1653 W android.os.Debug: failed to get memory consumption info: -1
10-02 20:30:50.124  1640  1653 E memtrack: Couldn't load memtrack module
10-02 20:30:50.124  1640  1653 W android.os.Debug: failed to get memory consumption info: -1
10-02 20:30:51.124  1640  1653 E memtrack: Couldn't load memtrack module
10-02 20:30:51.124  1640  1653 W android.os.Debug: failed to get memory consumption info: -1
10-02 20:30:55.167  1431 13967 W audio_hw_generic: in_read_worker only could write 0 / 240 frames
10-02 20:30:57.123  1640  1653 E memtrack: Couldn't load memtrack module
10-02 20:30:57.123  1640  1653 W android.os.Debug: failed to get memory consumption info: -1
10-02 20:30:57.222  1640  1653 E memtrack: Couldn't load memtrack module
10-02 20:30:57.222  1640  1653 W android.os.Debug: failed to get memory consumption info: -1
10-02 20:30:58.331 13773 13876 I DeviceStateChecker: screenOn: true, isCharging: true
10-02 20:31:00.050  1440  1456 D hwcomposer: hw_composer sent 54 syncs in 60s
10-02 20:31:00.050  1745  1953 D EGL_emulation: eglMakeCurrent: 0xa9105720: ver 2 0 (tinfo 0xa9103360)
10-02 20:31:00.795  1640  1653 E memtrack: Couldn't load memtrack module
10-02 20:31:00.795  1640  1653 W android.os.Debug: failed to get memory consumption info: -1
10-02 20:31:00.806  1640  1653 E memtrack: Couldn't load memtrack module
10-02 20:31:00.806  1640  1653 W android.os.Debug: failed to get memory consumption info: -1
10-02 20:31:00.865 22468  1173 I NetworkScheduler.Stats: Task com.google.android.gms/com.google.android.gms.icing.service.IcingGcmTaskService started execution. cause:4 exec_start_elapsed_seconds: 101280 [CONTEXT service_id=218 ]
10-02 20:31:00.868 22468  3818 I NetworkScheduler.Stats: Task com.google.android.gms/com.google.android.gms.icing.service.IcingGcmTaskService finished executing. cause:4 result: 1 elapsed_millis: 30 uptime_millis: 30 exec_start_elapsed_seconds: 101280 [CONTEXT service_id=218 ]
10-02 20:31:01.550  1640  4141 I ActivityManager: Killing 4086:com.google.android.apps.docs/u0a53 (adj 906): empty #17
10-02 20:31:01.554  1640  1656 W zygote  : kill(-4086, 9) failed: No such process
10-02 20:31:01.598  1640  1656 I chatty  : uid=1000(system) ActivityManager identical 1 line
10-02 20:31:01.638  1640  1656 W zygote  : kill(-4086, 9) failed: No such process
10-02 20:31:01.638  1640  1656 I zygote  : Successfully killed process cgroup uid 10053 pid 4086 in 84ms
10-02 20:31:02.260  1431 13967 W audio_hw_generic: in_read_worker only could write 0 / 240 frames
10-02 20:31:02.361  1431 13967 I chatty  : uid=1041(audioserver) audio@2.0-servi identical 3 lines
10-02 20:31:02.663  1431 13967 W audio_hw_generic: in_read_worker only could write 0 / 240 frames
10-02 20:31:16.495  1447  1447 I boot-pipe: done populating /dev/random
10-02 20:31:26.430 22468 22478 I zygote  : Background concurrent copying GC freed 29362(1595KB) AllocSpace objects, 0(0B) LOS objects, 41% free, 8MB/14MB, paused 1.121ms total 307.039ms
10-02 20:31:32.127  1640  1653 E memtrack: Couldn't load memtrack module
10-02 20:31:32.127  1640  1653 W android.os.Debug: failed to get memory consumption info: -1
10-02 20:31:42.159  1431 13967 W audio_hw_generic: in_read_worker only could write 0 / 240 frames
10-02 20:31:49.162  1431 13967 I chatty  : uid=1041(audioserver) audio@2.0-servi identical 1 line
10-02 20:31:49.182  1431 13967 W audio_hw_generic: in_read_worker only could write 0 / 240 frames
10-02 20:32:00.021  1440  1456 D hwcomposer: hw_composer sent 12 syncs in 60s
10-02 20:32:03.852  1640  1892 D WificondControl: Scan result ready event
10-02 20:32:11.594  1640  4613 W ActivityManager: Ignoring remove of inactive process: ProcessRecord{a30c36d 0:tk.jianmo.study/u0a106}
10-02 20:32:11.891  1640  1686 W AppOps  : Finishing op nesting under-run: uid 1000 pkg android code 24 time=0 duration=0 nesting=0
10-02 20:32:12.277  1640  1649 I zygote  : Background concurrent copying GC freed 17190(889KB) AllocSpace objects, 0(0B) LOS objects, 30% free, 13MB/19MB, paused 359us total 152.468ms
10-02 20:32:16.496  1447  1447 I boot-pipe: done populating /dev/random
10-02 20:32:41.183  1431 13967 W audio_hw_generic: in_read_worker only could write 0 / 240 frames
10-02 20:32:41.183  1431 13967 I chatty  : uid=1041(audioserver) audio@2.0-servi identical 2 lines
10-02 20:32:41.183  1431 13967 W audio_hw_generic: in_read_worker only could write 0 / 240 frames
10-02 20:32:50.126  1640  1653 E memtrack: Couldn't load memtrack module
10-02 20:32:50.126  1640  1653 W android.os.Debug: failed to get memory consumption info: -1
10-02 20:32:51.133  1640  1653 E memtrack: Couldn't load memtrack module
10-02 20:32:51.133  1640  1653 W android.os.Debug: failed to get memory consumption info: -1
10-02 20:33:00.019  1440  1456 D hwcomposer: hw_composer sent 12 syncs in 60s
10-02 20:33:12.368  1431 13967 W audio_hw_generic: in_read_worker only could write 0 / 240 frames
10-02 20:33:16.496  1447  1447 I boot-pipe: done populating /dev/random
10-02 20:33:40.128  1640  1653 E memtrack: Couldn't load memtrack module
10-02 20:33:40.128  1640  1653 W android.os.Debug: failed to get memory consumption info: -1
10-02 20:33:55.440  1640  1760 D ConnectivityService: requestNetwork for uid/pid:10068/4384 NetworkRequest [ TRACK_DEFAULT id=128, [ Capabilities: INTERNET&NOT_RESTRICTED&TRUSTED&NOT_VPN] ]
10-02 20:33:55.538  1640  1710 D WIFI    : got request NetworkRequest [ TRACK_DEFAULT id=128, [ Capabilities: INTERNET&NOT_RESTRICTED&TRUSTED&NOT_VPN] ] with score 60
10-02 20:33:55.538  1640  1710 D WIFI_UT : got request NetworkRequest [ TRACK_DEFAULT id=128, [ Capabilities: INTERNET&NOT_RESTRICTED&TRUSTED&NOT_VPN] ] with score 60
10-02 20:33:55.540  1862  1862 D PhoneSwitcherNetworkRequstListener: got request NetworkRequest [ TRACK_DEFAULT id=128, [ Capabilities: INTERNET&NOT_RESTRICTED&TRUSTED&NOT_VPN] ] with score 60
10-02 20:33:55.607  4384  4429 D MddListenableWorkerFactory: createWorker for class: com.google.android.libraries.mdi.download.workmanager.workers.PeriodicWorker
10-02 20:33:55.630  4384  4384 D MddPeriodicWorker: PeriodicWorker: startWork
10-02 20:33:55.897  4384  5379 I zygote  : Deoptimizing java.lang.Object agjk.a() due to JIT inline cache
10-02 20:33:55.963  4384  5379 E PhFileGroupPop: Failed to add file group 
10-02 20:33:56.020  4384  5379 I chatty  : uid=10068(com.google.android.apps.messaging) Blocking Thread identical 6 lines
10-02 20:33:56.023  4384  5379 E PhFileGroupPop: Failed to add file group 
10-02 20:33:56.024  4384  4398 I zygote  : Waiting for a blocking GC ProfileSaver
10-02 20:33:56.024  4384  5379 E PhFileGroupPop: Failed to add file group 
10-02 20:33:56.025  4384  5379 I chatty  : uid=10068(com.google.android.apps.messaging) Blocking Thread identical 1 line
10-02 20:33:56.026  4384  5379 E PhFileGroupPop: Failed to add file group 
10-02 20:33:56.051  4384  5379 E anjw    : RuntimeException while executing runnable anmn{aeti@428fdc1} with executor MoreExecutors.directExecutor()
10-02 20:33:56.051  4384  5379 E anjw    : java.lang.NullPointerException: Attempt to read from field 'java.lang.String aecq.b' on a null object reference
10-02 20:33:56.051  4384  5379 E anjw    : 	at aeti.a(Unknown Source:10)
10-02 20:33:56.051  4384  5379 E anjw    : 	at anmn.run(PG:7)
10-02 20:33:56.051  4384  5379 E anjw    : 	at anls.execute(PG:3)
10-02 20:33:56.051  4384  5379 E anjw    : 	at anjw.b(PG:69)
10-02 20:33:56.051  4384  5379 E anjw    : 	at anjw.a(PG:25)
10-02 20:33:56.051  4384  5379 E anjw    : 	at anmr.a(PG:2)
10-02 20:33:56.051  4384  5379 E anjw    : 	at aetk.a(PG:16)
10-02 20:33:56.051  4384  5379 E anjw    : 	at aegk.c(PG:127)
10-02 20:33:56.051  4384  5379 E anjw    : 	at aegk.a(PG:119)
10-02 20:33:56.051  4384  5379 E anjw    : 	at aegk.b(PG:90)
10-02 20:33:56.051  4384  5379 E anjw    : 	at aeub.a(Unknown Source:6)
10-02 20:33:56.051  4384  5379 E anjw    : 	at anoc.b(Unknown Source:2)
10-02 20:33:56.051  4384  5379 E anjw    : 	at annd.run(PG:11)
10-02 20:33:56.051  4384  5379 E anjw    : 	at anoe.run(PG:10)
10-02 20:33:56.051  4384  5379 E anjw    : 	at ajnt.run(PG:1)
10-02 20:33:56.051  4384  5379 E anjw    : 	at java.util.concurrent.ThreadPoolExecutor.runWorker(ThreadPoolExecutor.java:1162)
10-02 20:33:56.051  4384  5379 E anjw    : 	at java.util.concurrent.ThreadPoolExecutor$Worker.run(ThreadPoolExecutor.java:636)
10-02 20:33:56.051  4384  5379 E anjw    : 	at ajme.run(Unknown Source:24)
10-02 20:33:56.051  4384  5379 E anjw    : 	at java.lang.Thread.run(Thread.java:764)
10-02 20:33:56.053  4384  5379 E anjw    : RuntimeException while executing runnable anmn{aeti@77444a7} with executor MoreExecutors.directExecutor()
10-02 20:33:56.053  4384  5379 E anjw    : java.lang.NullPointerException: Attempt to read from field 'java.lang.String aecq.b' on a null object reference
10-02 20:33:56.053  4384  5379 E anjw    : 	at aeti.a(Unknown Source:10)
10-02 20:33:56.053  4384  5379 E anjw    : 	at anmn.run(PG:7)
10-02 20:33:56.053  4384  5379 E anjw    : 	at anls.execute(PG:3)
10-02 20:33:56.053  4384  5379 E anjw    : 	at anjw.b(PG:69)
10-02 20:33:56.053  4384  5379 E anjw    : 	at anjw.a(PG:25)
10-02 20:33:56.053  4384  5379 E anjw    : 	at anmr.a(PG:2)
10-02 20:33:56.053  4384  5379 E anjw    : 	at aetk.a(PG:16)
10-02 20:33:56.053  4384  5379 E anjw    : 	at aegk.c(PG:127)
10-02 20:33:56.053  4384  5379 E anjw    : 	at aegk.a(PG:119)
10-02 20:33:56.053  4384  5379 E anjw    : 	at aegk.b(PG:90)
10-02 20:33:56.053  4384  5379 E anjw    : 	at aeub.a(Unknown Source:6)
10-02 20:33:56.053  4384  5379 E anjw    : 	at anoc.b(Unknown Source:2)
10-02 20:33:56.053  4384  5379 E anjw    : 	at annd.run(PG:11)
10-02 20:33:56.053  4384  5379 E anjw    : 	at anoe.run(PG:10)
10-02 20:33:56.053  4384  5379 E anjw    : 	at ajnt.run(PG:1)
10-02 20:33:56.053  4384  5379 E anjw    : 	at java.util.concurrent.ThreadPoolExecutor.runWorker(ThreadPoolExecutor.java:1162)
10-02 20:33:56.053  4384  5379 E anjw    : 	at java.util.concurrent.ThreadPoolExecutor$Worker.run(ThreadPoolExecutor.java:636)
10-02 20:33:56.053  4384  5379 E anjw    : 	at ajme.run(Unknown Source:24)
10-02 20:33:56.053  4384  5379 E anjw    : 	at java.lang.Thread.run(Thread.java:764)
10-02 20:33:56.145  4384  4398 I zygote  : WaitForGcToComplete blocked ProfileSaver on ProfileSaver for 121.589ms
10-02 20:33:56.206  4384  4389 I zygote  : Do partial code cache collection, code=122KB, data=70KB
10-02 20:33:56.208  4384  4389 I zygote  : After code cache collection, code=121KB, data=70KB
10-02 20:33:56.208  4384  4389 I zygote  : Increasing code cache capacity to 512KB
10-02 20:33:56.385  4384  5380 D PhFileGroupPop: Added file groups webref-model-local-index
10-02 20:33:56.391  4384  5380 D PhFileGroupPop: Added file groups smart_actions_grammars
10-02 20:33:56.400  4384  5380 D PhFileGroupPop: Added file groups smart_actions_ml_models
10-02 20:33:56.403  4384  5380 D PhFileGroupPop: Added file groups text_classifier
10-02 20:33:56.413  4384  5380 D PhFileGroupPop: Added file groups smart_actions_emotive_models
10-02 20:33:56.438  4384  5380 D PhFileGroupPop: Added file groups smarts_expressive_content_scoped_v1
10-02 20:33:56.441  4384  5380 D PhFileGroupPop: Added file groups scripted_reply
10-02 20:33:56.459  4384  5380 D PhFileGroupPop: Added file groups multitask_experiment
10-02 20:33:56.461  4384  5380 D PhFileGroupPop: Added file groups spam_verdict_enforcement_policy_config
10-02 20:33:56.463  4384  5380 D PhFileGroupPop: Added file groups smart_suggestion_reranker_models
10-02 20:33:56.465  4384  5380 D PhFileGroupPop: Added file groups smart_actions_duo_grammars
10-02 20:33:56.466  4384  4389 I zygote  : Do full code cache collection, code=195KB, data=112KB
10-02 20:33:56.466  4384  4389 I zygote  : After code cache collection, code=79KB, data=38KB
10-02 20:33:56.469  4384  5380 D WebrefLocalSlicingFGP: Added file group webref-model-local
10-02 20:33:56.590  4384  5379 D afiv    : Starting download: https://www.gstatic.com/messages/smarts/smart_actions_ml_models/emotion_reply_combined_003_confidence.pb
10-02 20:33:56.590  4384  5379 V afiv    : Is http uri, downloading (uri: https://www.gstatic.com/messages/smarts/smart_actions_ml_models/emotion_reply_combined_003_confidence.pb)
10-02 20:33:56.592  4384  5383 D afiv    : Starting download: https://www.gstatic.com/messages/smarts/smart_actions_ml_models/emotion_reply_combined_005_confidence.pb
10-02 20:33:56.592  4384  5383 V afiv    : Is http uri, downloading (uri: https://www.gstatic.com/messages/smarts/smart_actions_ml_models/emotion_reply_combined_005_confidence.pb)
10-02 20:33:56.636  4384  5385 W DynamiteModule: Local module descriptor class for providerinstaller not found.
10-02 20:33:56.636  4384  5384 W DynamiteModule: Local module descriptor class for providerinstaller not found.
10-02 20:33:56.646  4384  5384 I DynamiteModule: Considering local module providerinstaller:0 and remote module providerinstaller:0
10-02 20:33:56.646  4384  5384 W ProviderInstaller: Failed to load providerinstaller module: No acceptable module found. Local version is 0 and remote version is 0.
10-02 20:33:56.648  4384  5385 I DynamiteModule: Considering local module providerinstaller:0 and remote module providerinstaller:0
10-02 20:33:56.648  4384  5385 W ProviderInstaller: Failed to load providerinstaller module: No acceptable module found. Local version is 0 and remote version is 0.
10-02 20:33:56.661  4384  5385 I zygote  : The ClassLoaderContext is a special shared library.
10-02 20:33:56.663  4384  5385 I zygote  : The ClassLoaderContext is a special shared library.
10-02 20:33:56.766  4384  5385 V NativeCrypto: Registering com/google/android/gms/org/conscrypt/NativeCrypto's 286 native methods...
10-02 20:33:56.838  4384  5385 I ProviderInstaller: Installed default security provider GmsCore_OpenSSL
10-02 20:33:56.961  4384  5383 E afiv    : Non-success http response code 416 for: https://www.gstatic.com/messages/smarts/smart_actions_ml_models/emotion_reply_combined_005_confidence.pb
10-02 20:33:56.962  4384  5379 E afiv    : Non-success http response code 416 for: https://www.gstatic.com/messages/smarts/smart_actions_ml_models/emotion_reply_combined_003_confidence.pb
10-02 20:33:56.964  4384  5395 D afiv    : Starting download: https://www.gstatic.com/messages/smarts/smart_actions_ml_models/emotion_reply_individual_003_confidence.pb
10-02 20:33:56.964  4384  5395 V afiv    : Is http uri, downloading (uri: https://www.gstatic.com/messages/smarts/smart_actions_ml_models/emotion_reply_individual_003_confidence.pb)
10-02 20:33:56.964  4384  5380 E MDD     : FileValidator: Downloaded file at uri = android://com.google.android.apps.messaging/files/datadownload/shared/public/datadownloadfile_1601308961560, checksum = 07a91bb0c9de5786a4aa6fadea3d3f737e5e495c verification failed
10-02 20:33:56.965  4384  5383 D afiv    : Starting download: https://www.gstatic.com/messages/smarts/smart_actions_ml_models/emotion_reply_individual_005_confidence.pb
10-02 20:33:56.965  4384  5383 V afiv    : Is http uri, downloading (uri: https://www.gstatic.com/messages/smarts/smart_actions_ml_models/emotion_reply_individual_005_confidence.pb)
10-02 20:33:56.967  4384  5380 E MDD     : FileValidator: Downloaded file at uri = android://com.google.android.apps.messaging/files/datadownload/shared/public/datadownloadfile_1601308961559, checksum = 8121755cd9ba31f5c94ae3b45012eb59979bb3f6 verification failed
10-02 20:33:56.992  4384  5383 E afiv    : Non-success http response code 416 for: https://www.gstatic.com/messages/smarts/smart_actions_ml_models/emotion_reply_individual_005_confidence.pb
10-02 20:33:56.994  4384  5380 E MDD     : FileValidator: Downloaded file at uri = android://com.google.android.apps.messaging/files/datadownload/shared/public/datadownloadfile_1601308961562, checksum = cc396e284dd106483b6cff922b2cfb0ccf67861f verification failed
10-02 20:33:56.995  4384  5395 E afiv    : Non-success http response code 416 for: https://www.gstatic.com/messages/smarts/smart_actions_ml_models/emotion_reply_individual_003_confidence.pb
10-02 20:33:57.001  4384  5380 E MDD     : FileValidator: Downloaded file at uri = android://com.google.android.apps.messaging/files/datadownload/shared/public/datadownloadfile_1601308961561, checksum = 0e36ba4376bf0efe61a3f176663a385af4c1a683 verification failed
10-02 20:33:57.018  4384  5380 E MDD     : FileGroupManager downloadFileGroup smart_actions_emotive_models com.google.android.apps.messaging can't finish!
10-02 20:33:57.031  4384  5380 E PhFileGroupPop: Failed to add file group 
10-02 20:33:57.042  4384  5380 I chatty  : uid=10068(com.google.android.apps.messaging) Blocking Thread identical 9 lines
10-02 20:33:57.042  4384  5380 E PhFileGroupPop: Failed to add file group 
10-02 20:33:57.042  4384  5380 E anjw    : RuntimeException while executing runnable anmn{aeti@c581a35} with executor MoreExecutors.directExecutor()
10-02 20:33:57.042  4384  5380 E anjw    : java.lang.NullPointerException: Attempt to read from field 'java.lang.String aecq.b' on a null object reference
10-02 20:33:57.042  4384  5380 E anjw    : 	at aeti.a(Unknown Source:10)
10-02 20:33:57.042  4384  5380 E anjw    : 	at anmn.run(PG:7)
10-02 20:33:57.042  4384  5380 E anjw    : 	at anls.execute(PG:3)
10-02 20:33:57.042  4384  5380 E anjw    : 	at anjw.b(PG:69)
10-02 20:33:57.042  4384  5380 E anjw    : 	at anjw.a(PG:25)
10-02 20:33:57.042  4384  5380 E anjw    : 	at anmr.a(PG:2)
10-02 20:33:57.042  4384  5380 E anjw    : 	at aetk.a(PG:16)
10-02 20:33:57.042  4384  5380 E anjw    : 	at aegk.c(PG:127)
10-02 20:33:57.042  4384  5380 E anjw    : 	at aefm.a(Unknown Source:4)
10-02 20:33:57.042  4384  5380 E anjw    : 	at anjy.a(Unknown Source:2)
10-02 20:33:57.042  4384  5380 E anjw    : 	at anka.run(PG:22)
10-02 20:33:57.042  4384  5380 E anjw    : 	at annj.run(PG:1)
10-02 20:33:57.042  4384  5380 E anjw    : 	at annu.run(PG:5)
10-02 20:33:57.042  4384  5380 E anjw    : 	at ajnt.run(PG:1)
10-02 20:33:57.042  4384  5380 E anjw    : 	at java.util.concurrent.ThreadPoolExecutor.runWorker(ThreadPoolExecutor.java:1162)
10-02 20:33:57.042  4384  5380 E anjw    : 	at java.util.concurrent.ThreadPoolExecutor$Worker.run(ThreadPoolExecutor.java:636)
10-02 20:33:57.042  4384  5380 E anjw    : 	at ajme.run(Unknown Source:24)
10-02 20:33:57.042  4384  5380 E anjw    : 	at java.lang.Thread.run(Thread.java:764)
10-02 20:33:57.043  4384  5380 E anjw    : RuntimeException while executing runnable anmn{aeti@34cb83b} with executor MoreExecutors.directExecutor()
10-02 20:33:57.043  4384  5380 E anjw    : java.lang.NullPointerException: Attempt to read from field 'java.lang.String aecq.b' on a null object reference
10-02 20:33:57.043  4384  5380 E anjw    : 	at aeti.a(Unknown Source:10)
10-02 20:33:57.043  4384  5380 E anjw    : 	at anmn.run(PG:7)
10-02 20:33:57.043  4384  5380 E anjw    : 	at anls.execute(PG:3)
10-02 20:33:57.043  4384  5380 E anjw    : 	at anjw.b(PG:69)
10-02 20:33:57.043  4384  5380 E anjw    : 	at anjw.a(PG:25)
10-02 20:33:57.043  4384  5380 E anjw    : 	at anmr.a(PG:2)
10-02 20:33:57.043  4384  5380 E anjw    : 	at aetk.a(PG:16)
10-02 20:33:57.043  4384  5380 E anjw    : 	at aegk.c(PG:127)
10-02 20:33:57.043  4384  5380 E anjw    : 	at aefm.a(Unknown Source:4)
10-02 20:33:57.043  4384  5380 E anjw    : 	at anjy.a(Unknown Source:2)
10-02 20:33:57.043  4384  5380 E anjw    : 	at anka.run(PG:22)
10-02 20:33:57.043  4384  5380 E anjw    : 	at annj.run(PG:1)
10-02 20:33:57.043  4384  5380 E anjw    : 	at annu.run(PG:5)
10-02 20:33:57.043  4384  5380 E anjw    : 	at ajnt.run(PG:1)
10-02 20:33:57.043  4384  5380 E anjw    : 	at java.util.concurrent.ThreadPoolExecutor.runWorker(ThreadPoolExecutor.java:1162)
10-02 20:33:57.043  4384  5380 E anjw    : 	at java.util.concurrent.ThreadPoolExecutor$Worker.run(ThreadPoolExecutor.java:636)
10-02 20:33:57.043  4384  5380 E anjw    : 	at ajme.run(Unknown Source:24)
10-02 20:33:57.043  4384  5380 E anjw    : 	at java.lang.Thread.run(Thread.java:764)
10-02 20:33:57.236  4384  5380 D PhFileGroupPop: Added file groups webref-model-local-index
10-02 20:33:57.241  4384  5380 D PhFileGroupPop: Added file groups smart_actions_grammars
10-02 20:33:57.247  4384  5380 D PhFileGroupPop: Added file groups smart_actions_ml_models
10-02 20:33:57.249  4384  5380 D PhFileGroupPop: Added file groups text_classifier
10-02 20:33:57.255  4384  5380 D PhFileGroupPop: Added file groups smart_actions_emotive_models
10-02 20:33:57.269  4384  5380 D PhFileGroupPop: Added file groups smarts_expressive_content_scoped_v1
10-02 20:33:57.271  4384  5380 D PhFileGroupPop: Added file groups scripted_reply
10-02 20:33:57.287  4384  5380 D PhFileGroupPop: Added file groups multitask_experiment
10-02 20:33:57.289  4384  5380 D PhFileGroupPop: Added file groups spam_verdict_enforcement_policy_config
10-02 20:33:57.290  4384  5380 D PhFileGroupPop: Added file groups smart_suggestion_reranker_models
10-02 20:33:57.292  4384  5380 D PhFileGroupPop: Added file groups smart_actions_duo_grammars
10-02 20:33:57.294  4384  5380 D WebrefLocalSlicingFGP: Added file group webref-model-local
10-02 20:33:57.325  4384  5395 D afiv    : Starting download: https://www.gstatic.com/messages/smarts/smart_actions_ml_models/emotion_reply_combined_003_confidence.pb
10-02 20:33:57.325  4384  5395 V afiv    : Is http uri, downloading (uri: https://www.gstatic.com/messages/smarts/smart_actions_ml_models/emotion_reply_combined_003_confidence.pb)
10-02 20:33:57.326  4384  5383 D afiv    : Starting download: https://www.gstatic.com/messages/smarts/smart_actions_ml_models/emotion_reply_combined_005_confidence.pb
10-02 20:33:57.326  4384  5383 V afiv    : Is http uri, downloading (uri: https://www.gstatic.com/messages/smarts/smart_actions_ml_models/emotion_reply_combined_005_confidence.pb)
10-02 20:33:57.352  4384  5395 E afiv    : Non-success http response code 416 for: https://www.gstatic.com/messages/smarts/smart_actions_ml_models/emotion_reply_combined_003_confidence.pb
10-02 20:33:57.353  4384  5379 D afiv    : Starting download: https://www.gstatic.com/messages/smarts/smart_actions_ml_models/emotion_reply_individual_003_confidence.pb
10-02 20:33:57.353  4384  5379 V afiv    : Is http uri, downloading (uri: https://www.gstatic.com/messages/smarts/smart_actions_ml_models/emotion_reply_individual_003_confidence.pb)
10-02 20:33:57.354  4384  5380 E MDD     : FileValidator: Downloaded file at uri = android://com.google.android.apps.messaging/files/datadownload/shared/public/datadownloadfile_1601308961559, checksum = 8121755cd9ba31f5c94ae3b45012eb59979bb3f6 verification failed
10-02 20:33:57.355  4384  5383 E afiv    : Non-success http response code 416 for: https://www.gstatic.com/messages/smarts/smart_actions_ml_models/emotion_reply_combined_005_confidence.pb
10-02 20:33:57.357  4384  5395 D afiv    : Starting download: https://www.gstatic.com/messages/smarts/smart_actions_ml_models/emotion_reply_individual_005_confidence.pb
10-02 20:33:57.357  4384  5395 V afiv    : Is http uri, downloading (uri: https://www.gstatic.com/messages/smarts/smart_actions_ml_models/emotion_reply_individual_005_confidence.pb)
10-02 20:33:57.359  4384  5380 E MDD     : FileValidator: Downloaded file at uri = android://com.google.android.apps.messaging/files/datadownload/shared/public/datadownloadfile_1601308961560, checksum = 07a91bb0c9de5786a4aa6fadea3d3f737e5e495c verification failed
10-02 20:33:57.382  4384  5379 E afiv    : Non-success http response code 416 for: https://www.gstatic.com/messages/smarts/smart_actions_ml_models/emotion_reply_individual_003_confidence.pb
10-02 20:33:57.383  4384  5380 E MDD     : FileValidator: Downloaded file at uri = android://com.google.android.apps.messaging/files/datadownload/shared/public/datadownloadfile_1601308961561, checksum = 0e36ba4376bf0efe61a3f176663a385af4c1a683 verification failed
10-02 20:33:57.387  4384  5395 E afiv    : Non-success http response code 416 for: https://www.gstatic.com/messages/smarts/smart_actions_ml_models/emotion_reply_individual_005_confidence.pb
10-02 20:33:57.388  4384  5380 E MDD     : FileValidator: Downloaded file at uri = android://com.google.android.apps.messaging/files/datadownload/shared/public/datadownloadfile_1601308961562, checksum = cc396e284dd106483b6cff922b2cfb0ccf67861f verification failed
10-02 20:33:57.398  4384  5380 E MDD     : FileGroupManager downloadFileGroup smart_actions_emotive_models com.google.android.apps.messaging can't finish!
10-02 20:33:57.405  4384  4428 I WM-WorkerWrapper: Worker result SUCCESS for Work [ id=b1472706-80c8-4054-9e70-fc24e45ea5c4, tags={ MDD.WIFI.CHARGING.PERIODIC.TASK, com.google.android.libraries.mdi.download.workmanager.workers.PeriodicWorker } ]
10-02 20:33:57.412  1640  1714 D ConnectivityService: releasing NetworkRequest [ TRACK_DEFAULT id=128, [ Capabilities: INTERNET&NOT_RESTRICTED&TRUSTED&NOT_VPN] ] (release request)
10-02 20:33:58.356 13773 13876 I DeviceStateChecker: screenOn: true, isCharging: true
10-02 20:34:00.025  1440  1456 D hwcomposer: hw_composer sent 6 syncs in 60s
10-02 20:34:16.497  1447  1447 I boot-pipe: done populating /dev/random
10-02 20:34:25.948  1640  5025 W ActivityManager: Ignoring remove of inactive process: ProcessRecord{ad721b4 0:tk.jianmo.study/u0a106}
10-02 20:34:26.184  1640  1686 W AppOps  : Finishing op nesting under-run: uid 1000 pkg android code 24 time=0 duration=0 nesting=0
10-02 20:34:31.272  1431 13967 W audio_hw_generic: in_read_worker only could write 0 / 240 frames
10-02 20:34:31.763  1431 13967 I chatty  : uid=1041(audioserver) audio@2.0-servi identical 1 line
10-02 20:34:32.065  1431 13967 W audio_hw_generic: in_read_worker only could write 0 / 240 frames
10-02 20:34:36.847 22468 22478 I zygote  : Background concurrent copying GC freed 31966(2005KB) AllocSpace objects, 37(1988KB) LOS objects, 41% free, 8MB/14MB, paused 292us total 709.645ms
10-02 20:34:42.418  1431 13967 W audio_hw_generic: in_read_worker only could write 0 / 240 frames
10-02 20:34:42.538  1640  1655 W Looper  : Dispatch took 130ms on android.ui, h=Handler (com.android.server.policy.PhoneWindowManager$PolicyHandler) {8dca829} cb=com.android.server.policy.PhoneWindowManager$MyOrientationListener$1@9e647ae msg=0
10-02 20:34:42.788  1431 13967 I chatty  : uid=1041(audioserver) audio@2.0-servi identical 11 lines
10-02 20:34:42.859  1431 13967 W audio_hw_generic: in_read_worker only could write 0 / 240 frames
10-02 20:34:45.482  1640  2163 D WificondControl: Scan result ready event
10-02 20:34:50.202  1640  1653 E memtrack: Couldn't load memtrack module
10-02 20:34:50.202  1640  1653 W android.os.Debug: failed to get memory consumption info: -1
10-02 20:34:51.194  1640  1653 E memtrack: Couldn't load memtrack module
10-02 20:34:51.194  1640  1653 W android.os.Debug: failed to get memory consumption info: -1
10-02 20:34:54.714  1640  2163 D AlarmManagerService: Kernel timezone updated to -120 minutes west of GMT
10-02 20:34:54.732  1640  2163 D AlarmManagerService: Setting time of day to sec=1601725066
10-03 13:37:46.060  1640  2163 W AlarmManagerService: Unable to set rtc to 1601725066: No such device
10-03 13:37:46.072  1640  1640 D ConditionProviders.SCP: onReceive android.intent.action.TIME_SET
10-03 13:37:46.151  1640  1640 D ConditionProviders.SCP: notifyCondition condition://android/schedule?days=6.7&start=23.30&end=10.0&exitAtAlarm=false STATE_FALSE reason=!meetsSchedule
10-03 13:37:46.153  1640  1640 D ConditionProviders.SCP: notifyCondition condition://android/schedule?days=1.2.3.4.5&start=22.0&end=7.0&exitAtAlarm=false STATE_FALSE reason=!meetsSchedule
10-03 13:37:46.158  1640  1640 D ConditionProviders.SCP: Scheduling evaluate for Sat Oct 03 22:00:00 GMT+02:00 2020 (1601755200000), in +8h22m13s928ms, now=Sat Oct 03 13:37:46 GMT+02:00 2020 (1601725066072)
10-03 13:37:46.166  1640  1640 D ConditionProviders.SCP: onReceive ScheduleConditionProvider.EVALUATE
10-03 13:37:46.166  1640  1640 D ConditionProviders.SCP: notifyCondition condition://android/schedule?days=6.7&start=23.30&end=10.0&exitAtAlarm=false STATE_FALSE reason=!meetsSchedule
10-03 13:37:46.166  1640  1640 D ConditionProviders.SCP: notifyCondition condition://android/schedule?days=1.2.3.4.5&start=22.0&end=7.0&exitAtAlarm=false STATE_FALSE reason=!meetsSchedule
10-03 13:37:46.166  1640  1640 D ConditionProviders.SCP: Scheduling evaluate for Sat Oct 03 22:00:00 GMT+02:00 2020 (1601755200000), in +8h22m13s834ms, now=Sat Oct 03 13:37:46 GMT+02:00 2020 (1601725066166)
10-03 13:37:46.534  1640  1720 W ActivityManager: Slow operation: 331ms so far, now at startProcess: returned from zygote!
10-03 13:37:46.535  1640  1720 W ActivityManager: Slow operation: 332ms so far, now at startProcess: done updating battery stats
10-03 13:37:46.537  1640  1720 W ActivityManager: Slow operation: 335ms so far, now at startProcess: building log message
10-03 13:37:46.537  1640  1720 I ActivityManager: Start proc 5398:com.android.providers.calendar/u0a3 for content provider com.android.providers.calendar/.CalendarProvider2
10-03 13:37:46.537  1640  1720 W ActivityManager: Slow operation: 335ms so far, now at startProcess: starting to update pids map
10-03 13:37:46.538  1640  1720 W ActivityManager: Slow operation: 335ms so far, now at startProcess: done updating pids map
10-03 13:37:46.538  1640  1720 W ActivityManager: Slow operation: 337ms so far, now at startProcess: done starting proc!
10-03 13:37:46.539  1640  1720 W ActivityManager: Slow operation: 338ms so far, now at getContentProviderImpl: after start process
10-03 13:37:46.539  1640  1720 W ActivityManager: Slow operation: 340ms so far, now at getContentProviderImpl: updating data structures
10-03 13:37:46.539  1640  1720 W ActivityManager: Slow operation: 340ms so far, now at getContentProviderImpl: done!
10-03 13:37:46.564  5398  5398 W zygote  : Unexpected CPU variant for X86 using defaults: x86
10-03 13:37:46.596  1640  1653 I UsageStatsService: Time changed in UsageStats by 61371 seconds
10-03 13:37:46.597  1640  1653 I UsageStatsService: User[0] Flushing usage stats to disk
10-03 13:37:46.743  1640  1653 I UsageStatsDatabase: Time changed by +17h2m51s317ms. files deleted: 0 files moved: 17
10-03 13:37:46.814  1640  1653 I UsageStatsService: User[0] Rollover scheduled @ 2020-10-03 22:54:09(1601758449161)
10-03 13:37:46.979  5398  5398 I zygote  : The ClassLoaderContext is a special shared library.
10-03 13:37:47.001  5398  5398 I chatty  : uid=10003(com.android.providers.calendar) identical 1 line
10-03 13:37:47.031  5398  5398 I zygote  : The ClassLoaderContext is a special shared library.
10-03 13:37:47.206  5398  5398 I CalendarProvider2: Created com.android.providers.calendar.CalendarAlarmManager@613be2a(com.android.providers.calendar.CalendarProvider2@8d4f41b)
10-03 13:37:47.301  1862  1872 I zygote  : Background concurrent copying GC freed 38420(2MB) AllocSpace objects, 0(0B) LOS objects, 50% free, 2MB/4MB, paused 259us total 164.595ms
10-03 13:37:47.605  1640  2152 I ActivityManager: Start proc 5419:com.google.android.calendar/u0a45 for broadcast com.google.android.calendar/com.android.calendar.widget.CalendarAppWidgetProvider
10-03 13:37:47.620  5419  5419 W zygote  : Unexpected CPU variant for X86 using defaults: x86
10-03 13:37:48.414  5419  5424 I zygote  : Do partial code cache collection, code=12KB, data=19KB
10-03 13:37:48.414  5419  5424 I zygote  : After code cache collection, code=12KB, data=19KB
10-03 13:37:48.414  5419  5424 I zygote  : Increasing code cache capacity to 128KB
10-03 13:37:48.473  5419  5424 I zygote  : Do partial code cache collection, code=37KB, data=28KB
10-03 13:37:48.474  5419  5424 I zygote  : After code cache collection, code=26KB, data=23KB
10-03 13:37:48.474  5419  5424 I zygote  : Increasing code cache capacity to 256KB
10-03 13:37:48.491  5419  5448 I c.xga   : Obtained writable database SQLiteDatabase/110433671 instance with path /data/user/0/com.google.android.calendar/databases/cal_v2a
10-03 13:37:48.497  5419  5447 I c.xeh   : The schema version is 15, the database version is 15, and there are 0 migrations
10-03 13:37:48.653  5474  5474 W zygote  : Unexpected CPU variant for X86 using defaults: x86
10-03 13:37:48.653  1640  2163 I ActivityManager: Start proc 5474:com.google.android.deskclock/u0a67 for broadcast com.google.android.deskclock/com.android.deskclock.AlarmInitReceiver
10-03 13:37:48.682  5419  5419 W PrefService: Primary account is null
10-03 13:37:48.902  5474  5474 D PrimesApiImpl: Primes instant initialization
10-03 13:37:48.918  5474  5489 I PrimesApiImpl: background initialization
10-03 13:37:48.918  5474  5490 I GAv4    : Google Analytics 203.0.12 is starting up. To enable debug logging on a device run:
10-03 13:37:48.918  5474  5490 I GAv4    :   adb shell setprop log.tag.GAv4 DEBUG
10-03 13:37:48.918  5474  5490 I GAv4    :   adb logcat -s GAv4
10-03 13:37:48.965  5474  5494 W GAv4    : AnalyticsReceiver is not registered or is disabled. Register the receiver for reliable dispatching on non-Google Play devices. See http://goo.gl/8Rd3yj for instructions.
10-03 13:37:48.969  5474  5494 W GAv4    : CampaignTrackingReceiver is not registered, not exported or is disabled. Installation campaign tracking is not possible. See http://goo.gl/8Rd3yj for instructions.
10-03 13:37:48.970  5474  5494 W GAv4    : AnalyticsService not registered in the app manifest. Hits might not be delivered reliably. See http://goo.gl/8Rd3yj for instructions.
10-03 13:37:48.971 22522 22757 I FontLog : Received query Google Sans:500, URI content://com.google.android.gms.fonts [CONTEXT service_id=132 ]
10-03 13:37:48.977 22522 22757 I FontLog : Query [Google Sans:500] resolved to {Google Sans, wdth 100.0, wght 500, ital 0.0, bestEffort false} [CONTEXT service_id=132 ]
10-03 13:37:49.019 22522 22757 I FontLog : Font PFD returned from cache for {Google Sans, wdth 100.0, wght 500, ital 0.0, bestEffort false} [CONTEXT service_id=132 ]
10-03 13:37:49.047 22522 22757 I FontLog : Fetch {Google Sans, wdth 100.0, wght 500, ital 0.0, bestEffort false} end status Status{statusCode=SUCCESS, resolution=null} [CONTEXT service_id=132 ]
10-03 13:37:49.048 22522 22757 I zygote  : Deoptimizing java.lang.Object bpti.a(java.lang.Object, int, java.lang.Object, boolean) due to JIT inline cache
10-03 13:37:49.054 22522 22757 I FontLog : Pulling font file for id = 5, cache size = 5 [CONTEXT service_id=132 ]
10-03 13:37:49.083 22522 22757 I FontLog : Received query Google Sans, URI content://com.google.android.gms.fonts [CONTEXT service_id=132 ]
10-03 13:37:49.085 22522 22757 I FontLog : Query [Google Sans] resolved to {Google Sans, wdth 100.0, wght 400, ital 0.0, bestEffort false} [CONTEXT service_id=132 ]
10-03 13:37:49.088 22522 22757 I FontLog : Font PFD returned from cache for {Google Sans, wdth 100.0, wght 400, ital 0.0, bestEffort false} [CONTEXT service_id=132 ]
10-03 13:37:49.089 22522 22757 I FontLog : Fetch {Google Sans, wdth 100.0, wght 400, ital 0.0, bestEffort false} end status Status{statusCode=SUCCESS, resolution=null} [CONTEXT service_id=132 ]
10-03 13:37:49.093 22522 22757 I FontLog : Pulling font file for id = 6, cache size = 6 [CONTEXT service_id=132 ]
10-03 13:37:49.100  5474  5474 I AlarmClock: AlarmInitReceiver android.intent.action.TIME_SET
10-03 13:37:49.138  5474  5492 I AlarmClock: Connected Dock: null
10-03 13:37:49.140  5474  5492 I AlarmClock: Removing AlarmClockInfo
10-03 13:37:49.153  5474  5474 I AlarmClock: DigitalAppWidgetProvider processing Intent { act=android.intent.action.TIME_SET flg=0x25200010 cmp=com.google.android.deskclock/com.android.alarmclock.DigitalAppWidgetProvider }
10-03 13:37:49.184 22522  5411 I SystemUpdate: [Installation,ReceiverIntentOperation] Received intent: Intent { act=android.intent.action.TIME_SET flg=0x25200010 cmp=com.google.android.gms/.chimera.GmsIntentOperationService$PersistentTrustedReceiver }.
10-03 13:37:49.237  1640  3131 I ActivityManager: Start proc 5497:com.google.android.videos/u0a74 for broadcast com.google.android.videos/androidx.work.impl.background.systemalarm.RescheduleReceiver
10-03 13:37:49.246  5497  5497 W zygote  : Unexpected CPU variant for X86 using defaults: x86
10-03 13:37:49.321 22522  5413 I SystemUpdate: [Execution,InstallationEventIntentOperation] Handling event of type 6.
10-03 13:37:49.333 22522  5414 I SystemUpdate: [Execution,InstallationIntentOperation] Received intent: Intent { act=com.google.android.gms.update.INSTALL_UPDATE cat=[targeted_intent_op_prefix:.update.execution.InstallationIntentOperation] cmp=com.google.android.gms/.chimera.GmsIntentOperationService }.
10-03 13:37:49.343 22522  5414 I SystemUpdate: [Execution,ExecutionManager] Action finished-execution executed for 0.00 seconds.
10-03 13:37:49.449  1640  1649 I zygote  : Background concurrent copying GC freed 14400(873KB) AllocSpace objects, 12(496KB) LOS objects, 30% free, 13MB/19MB, paused 279us total 555.636ms
10-03 13:37:50.118  5497  5532 W PlayMovies: enb.run:2 User config found
10-03 13:37:50.118  5497  5532 W PlayMovies: 
10-03 13:37:50.217  5497  5497 W PlayMovies: bkd.onCreate:75 Installer Package: com.android.vending
10-03 13:37:50.217  5497  5497 W PlayMovies: 
10-03 13:37:50.273  5497  5497 V MediaRouter: Adding route: RouteInfo{ name=Phone, description=null, status=null, category=RouteCategory{ name=System types=ROUTE_TYPE_LIVE_AUDIO ROUTE_TYPE_LIVE_VIDEO  groupable=false }, supportedTypes=ROUTE_TYPE_LIVE_AUDIO ROUTE_TYPE_LIVE_VIDEO , presentationDisplay=null }
10-03 13:37:50.289  5497  5497 V MediaRouter: Selecting route: RouteInfo{ name=Phone, description=null, status=null, category=RouteCategory{ name=System types=ROUTE_TYPE_LIVE_AUDIO ROUTE_TYPE_LIVE_VIDEO  groupable=false }, supportedTypes=ROUTE_TYPE_LIVE_AUDIO ROUTE_TYPE_LIVE_VIDEO , presentationDisplay=null }
10-03 13:37:50.314  5497  5497 W MediaSessionCompat: Couldn't find a unique registered media button receiver in the given context.
10-03 13:37:50.317  1640  2163 D ConnectivityService: requestNetwork for uid/pid:10074/5497 NetworkRequest [ TRACK_DEFAULT id=129, [ Capabilities: INTERNET&NOT_RESTRICTED&TRUSTED&NOT_VPN] ]
10-03 13:37:50.324  1640  1710 D WIFI    : got request NetworkRequest [ TRACK_DEFAULT id=129, [ Capabilities: INTERNET&NOT_RESTRICTED&TRUSTED&NOT_VPN] ] with score 60
10-03 13:37:50.324  1862  1862 D PhoneSwitcherNetworkRequstListener: got request NetworkRequest [ TRACK_DEFAULT id=129, [ Capabilities: INTERNET&NOT_RESTRICTED&TRUSTED&NOT_VPN] ] with score 60
10-03 13:37:50.324  1640  1710 D WIFI_UT : got request NetworkRequest [ TRACK_DEFAULT id=129, [ Capabilities: INTERNET&NOT_RESTRICTED&TRUSTED&NOT_VPN] ] with score 60
10-03 13:37:50.351  5547  5547 W zygote  : Unexpected CPU variant for X86 using defaults: x86
10-03 13:37:50.352  1640  4141 I ActivityManager: Start proc 5547:com.google.android.youtube/u0a79 for broadcast com.google.android.youtube/androidx.work.impl.background.systemalarm.RescheduleReceiver
10-03 13:37:50.371  5497  5497 V MediaRouter: Selecting route: RouteInfo{ name=Phone, description=null, status=null, category=RouteCategory{ name=System types=ROUTE_TYPE_LIVE_AUDIO ROUTE_TYPE_LIVE_VIDEO  groupable=false }, supportedTypes=ROUTE_TYPE_LIVE_AUDIO ROUTE_TYPE_LIVE_VIDEO , presentationDisplay=null }
10-03 13:37:50.380  1903  1919 I zygote  : Deoptimizing void j$.util.stream.AbstractPipeline.copyInto(j$.util.stream.Sink, j$.util.Spliterator) due to JIT inline cache
10-03 13:37:50.395  1640  2163 I ActivityManager: Killing 4344:com.google.android.googlequicksearchbox/u0a32 (adj 906): empty #17
10-03 13:37:50.408  1640  1656 W zygote  : kill(-4344, 9) failed: No such process
10-03 13:37:50.421  1640  1714 D ConnectivityService: releasing NetworkRequest [ TRACK_DEFAULT id=129, [ Capabilities: INTERNET&NOT_RESTRICTED&TRUSTED&NOT_VPN] ] (release request)
10-03 13:37:50.428  1903  1919 I Finsky  : [1552] aahu.a(25): Will not allow first-party apps signed by test keys
10-03 13:37:50.436  1903  1919 I Finsky  : [1552] bge.a(7): Received content filters request from com.google.android.videos
10-03 13:37:50.446  1640  1656 W zygote  : kill(-4344, 9) failed: No such process
10-03 13:37:50.464  5547  5547 W ResourceType: ResTable_typeSpec entry count inconsistent: given 39, previously 44
10-03 13:37:50.464  5547  5547 W ResourceType: ResTable_typeSpec entry count inconsistent: given 2556, previously 2559
10-03 13:37:50.467  5547  5547 W ResourceType: ResTable_typeSpec entry count inconsistent: given 2661, previously 2664
10-03 13:37:50.467  5547  5547 W ResourceType: ResTable_typeSpec entry count inconsistent: given 303, previously 1709
10-03 13:37:50.485  1640  1656 W zygote  : kill(-4344, 9) failed: No such process
10-03 13:37:50.525  1640  1656 W zygote  : kill(-4344, 9) failed: No such process
10-03 13:37:50.525  1640  1656 I zygote  : Successfully killed process cgroup uid 10032 pid 4344 in 119ms
10-03 13:37:50.761  5547  5578 W YouTube : Fetching the Gservices key 'failsafe_clear_cache_release_13_02' before the end of the bulk initialization
10-03 13:37:50.984  5547  5576 W GooglePlayServicesUtil: Google Play services out of date for com.google.android.youtube.  Requires 203890000 but found 203315022
10-03 13:37:51.146  5547  5576 I zygote  : The ClassLoaderContext is a special shared library.
10-03 13:37:51.170  5547  5591 E GEL_DELAYED_EVENT_DEBUG: Failed delayed event dispatch, no dispatchers.
10-03 13:37:51.301  1640  1892 I WifiService: getConnectionInfo uid=10079
10-03 13:37:51.307  1640  1892 D WifiPermissionsUtil: Denied: no location permission
10-03 13:37:51.308  1640  1892 D WifiPermissionsUtil: Denied: caller is not the current USE_OPEN_WIFI_PACKAGE
10-03 13:37:51.320  5547  5622 D NetworkSecurityConfig: Using Network Security Config from resource network_security_config debugBuild: false
10-03 13:37:51.360  5547  5643 W zygote  : Unsupported class loader
10-03 13:37:51.403  1640  1892 I WifiService: getConnectionInfo uid=10079
10-03 13:37:51.404  1640  1892 D WifiPermissionsUtil: Denied: no location permission
10-03 13:37:51.404  1640  1892 D WifiPermissionsUtil: Denied: caller is not the current USE_OPEN_WIFI_PACKAGE
10-03 13:37:51.464  5547  5643 W zygote  : Skipping duplicate class check due to unsupported classloader
10-03 13:37:51.508  5547  5551 I zygote  : Do partial code cache collection, code=31KB, data=23KB
10-03 13:37:51.515  5547  5551 I zygote  : After code cache collection, code=31KB, data=23KB
10-03 13:37:51.515  5547  5551 I zygote  : Increasing code cache capacity to 128KB
10-03 13:37:51.522  5547  5547 V MediaRouter: Adding route: RouteInfo{ name=Phone, description=null, status=null, category=RouteCategory{ name=System types=ROUTE_TYPE_LIVE_AUDIO ROUTE_TYPE_LIVE_VIDEO  groupable=false }, supportedTypes=ROUTE_TYPE_LIVE_AUDIO ROUTE_TYPE_LIVE_VIDEO , presentationDisplay=null }
10-03 13:37:51.527  5547  5547 V MediaRouter: Selecting route: RouteInfo{ name=Phone, description=null, status=null, category=RouteCategory{ name=System types=ROUTE_TYPE_LIVE_AUDIO ROUTE_TYPE_LIVE_VIDEO  groupable=false }, supportedTypes=ROUTE_TYPE_LIVE_AUDIO ROUTE_TYPE_LIVE_VIDEO , presentationDisplay=null }
10-03 13:37:51.545  5547  5606 W Primes  : Primes.initialize() should only be called from the main thread.
10-03 13:37:51.568  1640  1892 I WifiService: getConnectionInfo uid=10079
10-03 13:37:51.568  1640  1892 D WifiPermissionsUtil: Denied: no location permission
10-03 13:37:51.568  1640  1892 D WifiPermissionsUtil: Denied: caller is not the current USE_OPEN_WIFI_PACKAGE
10-03 13:37:51.570  1640  4141 I WifiService: getConnectionInfo uid=10079
10-03 13:37:51.570  1640  4141 D WifiPermissionsUtil: Denied: no location permission
10-03 13:37:51.570  1640  4141 D WifiPermissionsUtil: Denied: caller is not the current USE_OPEN_WIFI_PACKAGE
10-03 13:37:51.576  5547  5547 V MediaRouter: Selecting route: RouteInfo{ name=Phone, description=null, status=null, category=RouteCategory{ name=System types=ROUTE_TYPE_LIVE_AUDIO ROUTE_TYPE_LIVE_VIDEO  groupable=false }, supportedTypes=ROUTE_TYPE_LIVE_AUDIO ROUTE_TYPE_LIVE_VIDEO , presentationDisplay=null }
10-03 13:37:51.597  1640  4141 I WifiService: getConnectionInfo uid=10079
10-03 13:37:51.597  1640  4141 D WifiPermissionsUtil: Denied: no location permission
10-03 13:37:51.597  1640  4141 D WifiPermissionsUtil: Denied: caller is not the current USE_OPEN_WIFI_PACKAGE
10-03 13:37:51.673  1640  4141 I ActivityManager: Killing 4367:com.google.android.gms.ui/u0a14 (adj 906): empty #17
10-03 13:37:51.676  1640  1656 W zygote  : kill(-4367, 9) failed: No such process
10-03 13:37:51.729  1640  2163 D ConnectivityService: requestNetwork for uid/pid:10079/5547 NetworkRequest [ TRACK_DEFAULT id=131, [ Capabilities: INTERNET&NOT_RESTRICTED&TRUSTED&NOT_VPN] ]
10-03 13:37:51.725  1640  1656 W zygote  : kill(-4367, 9) failed: No such process
10-03 13:37:51.730  1640  1710 D WIFI    : got request NetworkRequest [ TRACK_DEFAULT id=131, [ Capabilities: INTERNET&NOT_RESTRICTED&TRUSTED&NOT_VPN] ] with score 60
10-03 13:37:51.731  1640  1710 D WIFI_UT : got request NetworkRequest [ TRACK_DEFAULT id=131, [ Capabilities: INTERNET&NOT_RESTRICTED&TRUSTED&NOT_VPN] ] with score 60
10-03 13:37:51.731  1862  1862 D PhoneSwitcherNetworkRequstListener: got request NetworkRequest [ TRACK_DEFAULT id=131, [ Capabilities: INTERNET&NOT_RESTRICTED&TRUSTED&NOT_VPN] ] with score 60
10-03 13:37:51.765  1640  1656 W zygote  : kill(-4367, 9) failed: No such process
10-03 13:37:51.774  1440  1456 D hwcomposer: hw_composer sent 42 syncs in 60s
10-03 13:37:51.790  5419  5419 W GrowthKit: Failed to get phenotypeManager in PhenotypeBroadcastReceiver
10-03 13:37:51.790  5419  5419 W GrowthKit: java.lang.NullPointerException: Unable to get GrowthKit Component from host app: com.google.android.calendar
10-03 13:37:51.790  5419  5419 W GrowthKit: 	at cal.pxx.a(PG:12)
10-03 13:37:51.790  5419  5419 W GrowthKit: 	at com.google.android.libraries.internal.growth.growthkit.internal.experiments.impl.PhenotypeBroadcastReceiver.onReceive(PG:3)
10-03 13:37:51.790  5419  5419 W GrowthKit: 	at android.app.ActivityThread.handleReceiver(ActivityThread.java:3187)
10-03 13:37:51.790  5419  5419 W GrowthKit: 	at android.app.ActivityThread.-wrap17(Unknown Source:0)
10-03 13:37:51.790  5419  5419 W GrowthKit: 	at android.app.ActivityThread$H.handleMessage(ActivityThread.java:1672)
10-03 13:37:51.790  5419  5419 W GrowthKit: 	at android.os.Handler.dispatchMessage(Handler.java:106)
10-03 13:37:51.790  5419  5419 W GrowthKit: 	at android.os.Looper.loop(Looper.java:164)
10-03 13:37:51.790  5419  5419 W GrowthKit: 	at android.app.ActivityThread.main(ActivityThread.java:6494)
10-03 13:37:51.790  5419  5419 W GrowthKit: 	at java.lang.reflect.Method.invoke(Native Method)
10-03 13:37:51.790  5419  5419 W GrowthKit: 	at com.android.internal.os.RuntimeInit$MethodAndArgsCaller.run(RuntimeInit.java:438)
10-03 13:37:51.790  5419  5419 W GrowthKit: 	at com.android.internal.os.ZygoteInit.main(ZygoteInit.java:807)
10-03 13:37:51.796  5547  5630 I zygote  : Rejecting re-init on previously-failed class java.lang.Class<rtz>: java.lang.NoClassDefFoundError: Failed resolution of: Landroid/media/AudioTrack$StreamEventCallback;
10-03 13:37:51.796  5547  5630 I zygote  :   at void aker.<init>(android.content.Context, rtf, akck, android.os.Handler, akej) (PG:-1)
10-03 13:37:51.796  5547  5630 I zygote  :   at void akdl.<init>(ajuh, adey, ssq, akvi, akqv, akdz, akwv, acqn, android.content.Context, stm, aktg, ajmm, akxq, ajxl, akop, bmzm, atdu, atdu, ajev, bmzm, bkqt, akug, ajoq, bmzm, akhh, akav) (PG:11)
10-03 13:37:51.796  5547  5630 I zygote  :   at ajtl ajdw.a(android.content.Context, akwv, ajsh, acqn, akvi, bmzm, akxq, java.lang.String, java.util.concurrent.ScheduledExecutorService, ajuh, akto, aeww, aekk, ajfc, aktg, stm, bkqt, ajxl, adey, adey, ajmm, bmzm, akqv, akug, ajoq, ajoa, aksu, bmzm, akhh, akav) (PG:8)
10-03 13:37:51.796  5547  5630 I zygote  :   at ajtl dtw.cO() (PG:5106)
10-03 13:37:51.796  5547  5630 I zygote  :   at aowb dtf.I() (PG:408)
10-03 13:37:51.796  5547  5630 I zygote  :   at aowb amxk.a(amya) (PG:2)
10-03 13:37:51.796  5547  5630 I zygote  :   at aowb dtw.cw() (PG:4147)
10-03 13:37:51.796  5547  5630 I zygote  :   at java.lang.Object dtv.a() (PG:297)
10-03 13:37:51.796  5547  5630 I zygote  :   at java.lang.Object dtv.get() (PG:196)
10-03 13:37:51.796  5547  5630 I zygote  :   at void dvw.run() (PG:1)
10-03 13:37:51.796  5547  5630 I zygote  :   at java.lang.Object java.util.concurrent.Executors$RunnableAdapter.call() (Executors.java:457)
10-03 13:37:51.796  5547  5630 I zygote  :   at void java.util.concurrent.FutureTask.run() (FutureTask.java:266)
10-03 13:37:51.796  5547  5630 I zygote  :   at void java.util.concurrent.ScheduledThreadPoolExecutor$ScheduledFutureTask.run() (ScheduledThreadPoolExecutor.java:301)
10-03 13:37:51.796  5547  5630 I zygote  :   at void java.util.concurrent.ThreadPoolExecutor.runWorker(java.util.concurrent.ThreadPoolExecutor$Worker) (ThreadPoolExecutor.java:1162)
10-03 13:37:51.796  5547  5630 I zygote  :   at void java.util.concurrent.ThreadPoolExecutor$Worker.run() (ThreadPoolExecutor.java:636)
10-03 13:37:51.796  5547  5630 I zygote  :   at void acke.run() (PG:12)
10-03 13:37:51.796  5547  5630 I zygote  :   at void java.lang.Thread.run() (Thread.java:764)
