10-03 14:36:50.305  6171  6171 I zygote  : 
10-03 14:36:50.305  6171  6171 I zygote  : Rejecting re-init on previously-failed class java.lang.Class<fqx>: java.lang.NoClassDefFoundError: Failed resolution of: Landroid/os/StrictMode$OnThreadViolationListener;
10-03 14:36:50.305  6171  6171 I zygote  :   at java.lang.Object java.lang.Class.newInstance() (Class.java:-2)
10-03 14:36:50.305  6171  6171 I zygote  :   at android.app.Application android.app.Instrumentation.newApplication(java.lang.Class, android.content.Context) (Instrumentation.java:1102)
10-03 14:36:50.305  6171  6171 I zygote  :   at android.app.Application android.app.Instrumentation.newApplication(java.lang.ClassLoader, java.lang.String, android.content.Context) (Instrumentation.java:1087)
10-03 14:36:50.305  6171  6171 I zygote  :   at android.app.Application android.app.LoadedApk.makeApplication(boolean, android.app.Instrumentation) (LoadedApk.java:983)
10-03 14:36:50.305  6171  6171 I zygote  :   at void android.app.ActivityThread.handleBindApplication(android.app.ActivityThread$AppBindData) (ActivityThread.java:5715)
10-03 14:36:50.305  6171  6171 I zygote  :   at void android.app.ActivityThread.-wrap1(android.app.ActivityThread, android.app.ActivityThread$AppBindData) (ActivityThread.java:-1)
10-03 14:36:50.305  6171  6171 I zygote  :   at void android.app.ActivityThread$H.handleMessage(android.os.Message) (ActivityThread.java:1656)
10-03 14:36:50.305  6171  6171 I zygote  :   at void android.os.Handler.dispatchMessage(android.os.Message) (Handler.java:106)
10-03 14:36:50.305  6171  6171 I zygote  :   at void android.os.Looper.loop() (Looper.java:164)
10-03 14:36:50.305  6171  6171 I zygote  :   at void android.app.ActivityThread.main(java.lang.String[]) (ActivityThread.java:6494)
10-03 14:36:50.305  6171  6171 I zygote  :   at java.lang.Object java.lang.reflect.Method.invoke(java.lang.Object, java.lang.Object[]) (Method.java:-2)
10-03 14:36:50.305  6171  6171 I zygote  :   at void com.android.internal.os.RuntimeInit$MethodAndArgsCaller.run() (RuntimeInit.java:438)
10-03 14:36:50.305  6171  6171 I zygote  :   at void com.android.internal.os.ZygoteInit.main(java.lang.String[]) (ZygoteInit.java:807)
10-03 14:36:50.305  6171  6171 I zygote  : Caused by: java.lang.ClassNotFoundException: Didn't find class "android.os.StrictMode$OnThreadViolationListener" on path: DexPathList[[zip file "/data/app/com.google.android.apps.messaging-kfPM0kdZOROvESyjNfWtNw==/base.apk", zip file "/data/app/com.google.android.apps.messaging-kfPM0kdZOROvESyjNfWtNw==/split_config.en.apk", zip file "/data/app/com.google.android.apps.messaging-kfPM0kdZOROvESyjNfWtNw==/split_config.x86.apk", zip file "/data/app/com.google.android.apps.messaging-kfPM0kdZOROvESyjNfWtNw==/split_config.xxhdpi.apk"],nativeLibraryDirectories=[/data/app/com.google.android.apps.messaging-kfPM0kdZOROvESyjNfWtNw==/lib/x86, /data/app/com.google.android.apps.messaging-kfPM0kdZOROvESyjNfWtNw==/base.apk!/lib/x86, /data/app/com.google.android.apps.messaging-kfPM0kdZOROvESyjNfWtNw==/split_config.en.apk!/lib/x86, /data/app/com.google.android.apps.messaging-kfPM0kdZOROvESyjNfWtNw==/split_config.x86.apk!/lib/x86, /data/app/com.google.android.apps.messaging-kfPM0kdZOROvESyjNfWtNw==/split_config.xxhdpi.apk!/lib/x
10-03 14:36:50.305  6171  6171 I zygote  :   at java.lang.Class dalvik.system.BaseDexClassLoader.findClass(java.lang.String) (BaseDexClassLoader.java:125)
10-03 14:36:50.305  6171  6171 I zygote  :   at java.lang.Class java.lang.ClassLoader.loadClass(java.lang.String, boolean) (ClassLoader.java:379)
10-03 14:36:50.305  6171  6171 I zygote  :   at java.lang.Class java.lang.ClassLoader.loadClass(java.lang.String) (ClassLoader.java:312)
10-03 14:36:50.305  6171  6171 I zygote  :   at java.lang.Object java.lang.Class.newInstance() (Class.java:-2)
10-03 14:36:50.305  6171  6171 I zygote  :   at android.app.Application android.app.Instrumentation.newApplication(java.lang.Class, android.content.Context) (Instrumentation.java:1102)
10-03 14:36:50.305  6171  6171 I zygote  :   at android.app.Application android.app.Instrumentation.newApplication(java.lang.ClassLoader, java.lang.String, android.content.Context) (Instrumentation.java:1087)
10-03 14:36:50.305  6171  6171 I zygote  :   at android.app.Application android.app.LoadedApk.makeApplication(boolean, android.app.Instrumentation) (LoadedApk.java:983)
10-03 14:36:50.306  6171  6171 I zygote  :   at void android.app.ActivityThread.handleBindApplication(android.app.ActivityThread$AppBindData) (ActivityThread.java:5715)
10-03 14:36:50.306  6171  6171 I zygote  :   at void android.app.ActivityThread.-wrap1(android.app.ActivityThread, android.app.ActivityThread$AppBindData) (ActivityThread.java:-1)
10-03 14:36:50.306  6171  6171 I zygote  :   at void android.app.ActivityThread$H.handleMessage(android.os.Message) (ActivityThread.java:1656)
10-03 14:36:50.306  6171  6171 I zygote  :   at void android.os.Handler.dispatchMessage(android.os.Message) (Handler.java:106)
10-03 14:36:50.306  6171  6171 I zygote  :   at void android.os.Looper.loop() (Looper.java:164)
10-03 14:36:50.306  6171  6171 I zygote  :   at void android.app.ActivityThread.main(java.lang.String[]) (ActivityThread.java:6494)
10-03 14:36:50.306  6171  6171 I zygote  :   at java.lang.Object java.lang.reflect.Method.invoke(java.lang.Object, java.lang.Object[]) (Method.java:-2)
10-03 14:36:50.306  6171  6171 I zygote  :   at void com.android.internal.os.RuntimeInit$MethodAndArgsCaller.run() (RuntimeInit.java:438)
10-03 14:36:50.306  6171  6171 I zygote  :   at void com.android.internal.os.ZygoteInit.main(java.lang.String[]) (ZygoteInit.java:807)
10-03 14:36:50.306  6171  6171 I zygote  : 
10-03 14:36:50.306  6171  6171 I zygote  : Rejecting re-init on previously-failed class java.lang.Class<fqx>: java.lang.NoClassDefFoundError: Failed resolution of: Landroid/os/StrictMode$OnThreadViolationListener;
10-03 14:36:50.306  6171  6171 I zygote  :   at java.lang.Object java.lang.Class.newInstance() (Class.java:-2)
10-03 14:36:50.306  6171  6171 I zygote  :   at android.app.Application android.app.Instrumentation.newApplication(java.lang.Class, android.content.Context) (Instrumentation.java:1102)
10-03 14:36:50.306  6171  6171 I zygote  :   at android.app.Application android.app.Instrumentation.newApplication(java.lang.ClassLoader, java.lang.String, android.content.Context) (Instrumentation.java:1087)
10-03 14:36:50.306  6171  6171 I zygote  :   at android.app.Application android.app.LoadedApk.makeApplication(boolean, android.app.Instrumentation) (LoadedApk.java:983)
10-03 14:36:50.306  6171  6171 I zygote  :   at void android.app.ActivityThread.handleBindApplication(android.app.ActivityThread$AppBindData) (ActivityThread.java:5715)
10-03 14:36:50.306  6171  6171 I zygote  :   at void android.app.ActivityThread.-wrap1(android.app.ActivityThread, android.app.ActivityThread$AppBindData) (ActivityThread.java:-1)
10-03 14:36:50.306  6171  6171 I zygote  :   at void android.app.ActivityThread$H.handleMessage(android.os.Message) (ActivityThread.java:1656)
10-03 14:36:50.306  6171  6171 I zygote  :   at void android.os.Handler.dispatchMessage(android.os.Message) (Handler.java:106)
10-03 14:36:50.306  6171  6171 I zygote  :   at void android.os.Looper.loop() (Looper.java:164)
10-03 14:36:50.306  6171  6171 I zygote  :   at void android.app.ActivityThread.main(java.lang.String[]) (ActivityThread.java:6494)
10-03 14:36:50.306  6171  6171 I zygote  :   at java.lang.Object java.lang.reflect.Method.invoke(java.lang.Object, java.lang.Object[]) (Method.java:-2)
10-03 14:36:50.307  6171  6171 I zygote  :   at void com.android.internal.os.RuntimeInit$MethodAndArgsCaller.run() (RuntimeInit.java:438)
10-03 14:36:50.307  6171  6171 I zygote  :   at void com.android.internal.os.ZygoteInit.main(java.lang.String[]) (ZygoteInit.java:807)
10-03 14:36:50.307  6171  6171 I zygote  : Caused by: java.lang.ClassNotFoundException: Didn't find class "android.os.StrictMode$OnThreadViolationListener" on path: DexPathList[[zip file "/data/app/com.google.android.apps.messaging-kfPM0kdZOROvESyjNfWtNw==/base.apk", zip file "/data/app/com.google.android.apps.messaging-kfPM0kdZOROvESyjNfWtNw==/split_config.en.apk", zip file "/data/app/com.google.android.apps.messaging-kfPM0kdZOROvESyjNfWtNw==/split_config.x86.apk", zip file "/data/app/com.google.android.apps.messaging-kfPM0kdZOROvESyjNfWtNw==/split_config.xxhdpi.apk"],nativeLibraryDirectories=[/data/app/com.google.android.apps.messaging-kfPM0kdZOROvESyjNfWtNw==/lib/x86, /data/app/com.google.android.apps.messaging-kfPM0kdZOROvESyjNfWtNw==/base.apk!/lib/x86, /data/app/com.google.android.apps.messaging-kfPM0kdZOROvESyjNfWtNw==/split_config.en.apk!/lib/x86, /data/app/com.google.android.apps.messaging-kfPM0kdZOROvESyjNfWtNw==/split_config.x86.apk!/lib/x86, /data/app/com.google.android.apps.messaging-kfPM0kdZOROvESyjNfWtNw==/split_config.xxhdpi.apk!/lib/x
10-03 14:36:50.307  6171  6171 I zygote  :   at java.lang.Class dalvik.system.BaseDexClassLoader.findClass(java.lang.String) (BaseDexClassLoader.java:125)
10-03 14:36:50.307  6171  6171 I zygote  :   at java.lang.Class java.lang.ClassLoader.loadClass(java.lang.String, boolean) (ClassLoader.java:379)
10-03 14:36:50.307  6171  6171 I zygote  :   at java.lang.Class java.lang.ClassLoader.loadClass(java.lang.String) (ClassLoader.java:312)
10-03 14:36:50.307  6171  6171 I zygote  :   at java.lang.Object java.lang.Class.newInstance() (Class.java:-2)
10-03 14:36:50.307  6171  6171 I zygote  :   at android.app.Application android.app.Instrumentation.newApplication(java.lang.Class, android.content.Context) (Instrumentation.java:1102)
10-03 14:36:50.307  6171  6171 I zygote  :   at android.app.Application android.app.Instrumentation.newApplication(java.lang.ClassLoader, java.lang.String, android.content.Context) (Instrumentation.java:1087)
10-03 14:36:50.307  6171  6171 I zygote  :   at android.app.Application android.app.LoadedApk.makeApplication(boolean, android.app.Instrumentation) (LoadedApk.java:983)
10-03 14:36:50.307  6171  6171 I zygote  :   at void android.app.ActivityThread.handleBindApplication(android.app.ActivityThread$AppBindData) (ActivityThread.java:5715)
10-03 14:36:50.307  6171  6171 I zygote  :   at void android.app.ActivityThread.-wrap1(android.app.ActivityThread, android.app.ActivityThread$AppBindData) (ActivityThread.java:-1)
10-03 14:36:50.307  6171  6171 I zygote  :   at void android.app.ActivityThread$H.handleMessage(android.os.Message) (ActivityThread.java:1656)
10-03 14:36:50.307  6171  6171 I zygote  :   at void android.os.Handler.dispatchMessage(android.os.Message) (Handler.java:106)
10-03 14:36:50.307  6171  6171 I zygote  :   at void android.os.Looper.loop() (Looper.java:164)
10-03 14:36:50.307  6171  6171 I zygote  :   at void android.app.ActivityThread.main(java.lang.String[]) (ActivityThread.java:6494)
10-03 14:36:50.307  6171  6171 I zygote  :   at java.lang.Object java.lang.reflect.Method.invoke(java.lang.Object, java.lang.Object[]) (Method.java:-2)
10-03 14:36:50.307  6171  6171 I zygote  :   at void com.android.internal.os.RuntimeInit$MethodAndArgsCaller.run() (RuntimeInit.java:438)
10-03 14:36:50.307  6171  6171 I zygote  :   at void com.android.internal.os.ZygoteInit.main(java.lang.String[]) (ZygoteInit.java:807)
10-03 14:36:50.307  6171  6171 I zygote  : 
10-03 14:36:50.318  6171  6171 I MultiDex: VM with version 2.1.0 has multidex support
10-03 14:36:50.318  6171  6171 I MultiDex: install
10-03 14:36:50.318  6171  6171 I MultiDex: VM has multidex support, MultiDex support library is disabled.
10-03 14:36:50.318  6171  6171 I MultiDex: install
10-03 14:36:50.318  6171  6171 I MultiDex: VM has multidex support, MultiDex support library is disabled.
10-03 14:36:50.334  6114  6154 I zygote  : Deoptimizing java.lang.Object agjk.a() due to JIT inline cache
10-03 14:36:50.337 13773 13876 I DeviceStateChecker: screenOn: true, isCharging: true
10-03 14:36:50.343  6114  6154 D PhFileGroupPop: Added file groups webref-model-local-index
10-03 14:36:50.355  6114  6154 D PhFileGroupPop: Added file groups smart_actions_grammars
10-03 14:36:50.364  6114  6154 D PhFileGroupPop: Added file groups smart_actions_ml_models
10-03 14:36:50.367  6114  6154 D PhFileGroupPop: Added file groups text_classifier
10-03 14:36:50.375  6171  6171 I ahvr    : SslGuard completed installation.
10-03 14:36:50.377  6114  6154 D PhFileGroupPop: Added file groups smart_actions_emotive_models
10-03 14:36:50.377  6171  6171 I CarrierServices: [2] zvx.b: Reinitialize CSLib Flags: com.google.android.ims.library
10-03 14:36:50.378  6171  6187 I PrimesApiImpl: background initialization
10-03 14:36:50.395  6114  6120 I zygote  : Do full code cache collection, code=125KB, data=93KB
10-03 14:36:50.396  6171  6192 I Bugle   : GServicesValues:
10-03 14:36:50.396  6171  6192 I Bugle   : bugle_enable_primes_crash_metrics: true
10-03 14:36:50.396  6171  6192 I Bugle   : bugle_max_telemetry_upload_retries: 10
10-03 14:36:50.396  6171  6192 I Bugle   : bugle_sticker_set_list_version: 3
10-03 14:36:50.401  6114  6120 I zygote  : After code cache collection, code=88KB, data=50KB
10-03 14:36:50.403  6171  6171 I Bugle   : BugleApplicationBase: Bugle version: 6.4.044 (acacia_rc10.phone_dynamic)
10-03 14:36:50.411  6171  6194 I CarrierServices: [1774] ProvisioningEventReceiver.a: Received Provisioning Event: [Bugle information (100)]
10-03 14:36:50.419  6171  6194 I CarrierServices: [1774] ProvisioningEventReceiver.a: JibeService is not running
10-03 14:36:50.425  6171  6194 W CarrierServices: [1774] ProvisioningEventReceiver.a: Event is not a valid user action. Discarding it.
10-03 14:36:50.434  6114  6154 D PhFileGroupPop: Added file groups smarts_expressive_content_scoped_v1
10-03 14:36:50.440  6114  6154 D PhFileGroupPop: Added file groups scripted_reply
10-03 14:36:50.460  6114  6154 D PhFileGroupPop: Added file groups multitask_experiment
10-03 14:36:50.463  6114  6154 D PhFileGroupPop: Added file groups spam_verdict_enforcement_policy_config
10-03 14:36:50.467  6114  6154 D PhFileGroupPop: Added file groups smart_suggestion_reranker_models
10-03 14:36:50.470  6114  6154 D PhFileGroupPop: Added file groups smart_actions_duo_grammars
10-03 14:36:50.474  6114  6154 D WebrefLocalSlicingFGP: Added file group webref-model-local
10-03 14:36:50.545  6114  6154 D NetworkSecurityConfig: No Network Security Config specified, using platform default
10-03 14:36:50.554  6114  6153 D afiv    : Starting download: https://www.gstatic.com/messages/smarts/smart_actions_ml_models/emotion_reply_combined_003_confidence.pb
10-03 14:36:50.554  6114  6153 V afiv    : Is http uri, downloading (uri: https://www.gstatic.com/messages/smarts/smart_actions_ml_models/emotion_reply_combined_003_confidence.pb)
10-03 14:36:50.554  6114  6199 D afiv    : Starting download: https://www.gstatic.com/messages/smarts/smart_actions_ml_models/emotion_reply_combined_005_confidence.pb
10-03 14:36:50.554  6114  6199 V afiv    : Is http uri, downloading (uri: https://www.gstatic.com/messages/smarts/smart_actions_ml_models/emotion_reply_combined_005_confidence.pb)
10-03 14:36:50.580  6114  6201 W DynamiteModule: Local module descriptor class for providerinstaller not found.
10-03 14:36:50.580  6114  6200 W DynamiteModule: Local module descriptor class for providerinstaller not found.
10-03 14:36:50.583  6114  6201 I DynamiteModule: Considering local module providerinstaller:0 and remote module providerinstaller:0
10-03 14:36:50.583  6114  6201 W ProviderInstaller: Failed to load providerinstaller module: No acceptable module found. Local version is 0 and remote version is 0.
10-03 14:36:50.584  6114  6200 I DynamiteModule: Considering local module providerinstaller:0 and remote module providerinstaller:0
10-03 14:36:50.585  6114  6200 W ProviderInstaller: Failed to load providerinstaller module: No acceptable module found. Local version is 0 and remote version is 0.
10-03 14:36:50.585  6114  6201 I zygote  : The ClassLoaderContext is a special shared library.
10-03 14:36:50.586  6114  6201 I zygote  : The ClassLoaderContext is a special shared library.
10-03 14:36:50.600  6114  6201 V NativeCrypto: Registering com/google/android/gms/org/conscrypt/NativeCrypto's 286 native methods...
10-03 14:36:50.621  6114  6201 I ProviderInstaller: Installed default security provider GmsCore_OpenSSL
10-03 14:36:50.698  6114  6153 E afiv    : Non-success http response code 416 for: https://www.gstatic.com/messages/smarts/smart_actions_ml_models/emotion_reply_combined_003_confidence.pb
10-03 14:36:50.700  6114  6199 E afiv    : Non-success http response code 416 for: https://www.gstatic.com/messages/smarts/smart_actions_ml_models/emotion_reply_combined_005_confidence.pb
10-03 14:36:50.702  6114  6211 D afiv    : Starting download: https://www.gstatic.com/messages/smarts/smart_actions_ml_models/emotion_reply_individual_003_confidence.pb
10-03 14:36:50.702  6114  6211 V afiv    : Is http uri, downloading (uri: https://www.gstatic.com/messages/smarts/smart_actions_ml_models/emotion_reply_individual_003_confidence.pb)
10-03 14:36:50.702  6114  6154 E MDD     : FileValidator: Downloaded file at uri = android://com.google.android.apps.messaging/files/datadownload/shared/public/datadownloadfile_1601308961559, checksum = 8121755cd9ba31f5c94ae3b45012eb59979bb3f6 verification failed
10-03 14:36:50.703  6114  6153 D afiv    : Starting download: https://www.gstatic.com/messages/smarts/smart_actions_ml_models/emotion_reply_individual_005_confidence.pb
10-03 14:36:50.703  6114  6153 V afiv    : Is http uri, downloading (uri: https://www.gstatic.com/messages/smarts/smart_actions_ml_models/emotion_reply_individual_005_confidence.pb)
10-03 14:36:50.704  6114  6154 E MDD     : FileValidator: Downloaded file at uri = android://com.google.android.apps.messaging/files/datadownload/shared/public/datadownloadfile_1601308961560, checksum = 07a91bb0c9de5786a4aa6fadea3d3f737e5e495c verification failed
10-03 14:36:50.729  6114  6211 E afiv    : Non-success http response code 416 for: https://www.gstatic.com/messages/smarts/smart_actions_ml_models/emotion_reply_individual_003_confidence.pb
10-03 14:36:50.731  6114  6154 E MDD     : FileValidator: Downloaded file at uri = android://com.google.android.apps.messaging/files/datadownload/shared/public/datadownloadfile_1601308961561, checksum = 0e36ba4376bf0efe61a3f176663a385af4c1a683 verification failed
10-03 14:36:50.731  6114  6153 E afiv    : Non-success http response code 416 for: https://www.gstatic.com/messages/smarts/smart_actions_ml_models/emotion_reply_individual_005_confidence.pb
10-03 14:36:50.736  6114  6154 E MDD     : FileValidator: Downloaded file at uri = android://com.google.android.apps.messaging/files/datadownload/shared/public/datadownloadfile_1601308961562, checksum = cc396e284dd106483b6cff922b2cfb0ccf67861f verification failed
10-03 14:36:50.745  6114  6154 E MDD     : FileGroupManager downloadFileGroup smart_actions_emotive_models com.google.android.apps.messaging can't finish!
10-03 14:36:50.750  6114  6154 E PhFileGroupPop: Failed to add file group 
10-03 14:36:50.755  6114  6154 I chatty  : uid=10068(com.google.android.apps.messaging) Blocking Thread identical 9 lines
10-03 14:36:50.755  6114  6154 E PhFileGroupPop: Failed to add file group 
10-03 14:36:50.757  6114  6154 E anjw    : RuntimeException while executing runnable anmn{aeti@e1fbab0} with executor MoreExecutors.directExecutor()
10-03 14:36:50.757  6114  6154 E anjw    : java.lang.NullPointerException: Attempt to read from field 'java.lang.String aecq.b' on a null object reference
10-03 14:36:50.757  6114  6154 E anjw    : 	at aeti.a(Unknown Source:10)
10-03 14:36:50.757  6114  6154 E anjw    : 	at anmn.run(PG:7)
10-03 14:36:50.757  6114  6154 E anjw    : 	at anls.execute(PG:3)
10-03 14:36:50.757  6114  6154 E anjw    : 	at anjw.b(PG:69)
10-03 14:36:50.757  6114  6154 E anjw    : 	at anjw.a(PG:25)
10-03 14:36:50.757  6114  6154 E anjw    : 	at anmr.a(PG:2)
10-03 14:36:50.757  6114  6154 E anjw    : 	at aetk.a(PG:16)
10-03 14:36:50.757  6114  6154 E anjw    : 	at aegk.c(PG:127)
10-03 14:36:50.757  6114  6154 E anjw    : 	at aefm.a(Unknown Source:4)
10-03 14:36:50.757  6114  6154 E anjw    : 	at anjy.a(Unknown Source:2)
10-03 14:36:50.757  6114  6154 E anjw    : 	at anka.run(PG:22)
10-03 14:36:50.757  6114  6154 E anjw    : 	at annj.run(PG:1)
10-03 14:36:50.757  6114  6154 E anjw    : 	at annu.run(PG:5)
10-03 14:36:50.757  6114  6154 E anjw    : 	at ajnt.run(PG:1)
10-03 14:36:50.757  6114  6154 E anjw    : 	at java.util.concurrent.ThreadPoolExecutor.runWorker(ThreadPoolExecutor.java:1162)
10-03 14:36:50.757  6114  6154 E anjw    : 	at java.util.concurrent.ThreadPoolExecutor$Worker.run(ThreadPoolExecutor.java:636)
10-03 14:36:50.757  6114  6154 E anjw    : 	at ajme.run(Unknown Source:24)
10-03 14:36:50.757  6114  6154 E anjw    : 	at java.lang.Thread.run(Thread.java:764)
10-03 14:36:50.758  6114  6154 E anjw    : RuntimeException while executing runnable anmn{aeti@88d88ae} with executor MoreExecutors.directExecutor()
10-03 14:36:50.758  6114  6154 E anjw    : java.lang.NullPointerException: Attempt to read from field 'java.lang.String aecq.b' on a null object reference
10-03 14:36:50.758  6114  6154 E anjw    : 	at aeti.a(Unknown Source:10)
10-03 14:36:50.758  6114  6154 E anjw    : 	at anmn.run(PG:7)
10-03 14:36:50.758  6114  6154 E anjw    : 	at anls.execute(PG:3)
10-03 14:36:50.758  6114  6154 E anjw    : 	at anjw.b(PG:69)
10-03 14:36:50.758  6114  6154 E anjw    : 	at anjw.a(PG:25)
10-03 14:36:50.758  6114  6154 E anjw    : 	at anmr.a(PG:2)
10-03 14:36:50.758  6114  6154 E anjw    : 	at aetk.a(PG:16)
10-03 14:36:50.758  6114  6154 E anjw    : 	at aegk.c(PG:127)
10-03 14:36:50.758  6114  6154 E anjw    : 	at aefm.a(Unknown Source:4)
10-03 14:36:50.758  6114  6154 E anjw    : 	at anjy.a(Unknown Source:2)
10-03 14:36:50.758  6114  6154 E anjw    : 	at anka.run(PG:22)
10-03 14:36:50.758  6114  6154 E anjw    : 	at annj.run(PG:1)
10-03 14:36:50.758  6114  6154 E anjw    : 	at annu.run(PG:5)
10-03 14:36:50.758  6114  6154 E anjw    : 	at ajnt.run(PG:1)
10-03 14:36:50.758  6114  6154 E anjw    : 	at java.util.concurrent.ThreadPoolExecutor.runWorker(ThreadPoolExecutor.java:1162)
10-03 14:36:50.758  6114  6154 E anjw    : 	at java.util.concurrent.ThreadPoolExecutor$Worker.run(ThreadPoolExecutor.java:636)
10-03 14:36:50.758  6114  6154 E anjw    : 	at ajme.run(Unknown Source:24)
10-03 14:36:50.758  6114  6154 E anjw    : 	at java.lang.Thread.run(Thread.java:764)
10-03 14:36:50.840  6114  6154 D PhFileGroupPop: Added file groups webref-model-local-index
10-03 14:36:50.845  6114  6154 D PhFileGroupPop: Added file groups smart_actions_grammars
10-03 14:36:50.850  6114  6154 D PhFileGroupPop: Added file groups smart_actions_ml_models
10-03 14:36:50.850  6114  6120 I zygote  : Do partial code cache collection, code=118KB, data=70KB
10-03 14:36:50.850  6114  6120 I zygote  : After code cache collection, code=103KB, data=60KB
10-03 14:36:50.850  6114  6120 I zygote  : Increasing code cache capacity to 512KB
10-03 14:36:50.852  6114  6154 D PhFileGroupPop: Added file groups text_classifier
10-03 14:36:50.858  6114  6154 D PhFileGroupPop: Added file groups smart_actions_emotive_models
10-03 14:36:50.869  6114  6154 D PhFileGroupPop: Added file groups smarts_expressive_content_scoped_v1
10-03 14:36:50.871  6114  6154 D PhFileGroupPop: Added file groups scripted_reply
10-03 14:36:50.882  6114  6154 D PhFileGroupPop: Added file groups multitask_experiment
10-03 14:36:50.884  6114  6154 D PhFileGroupPop: Added file groups spam_verdict_enforcement_policy_config
10-03 14:36:50.886  6114  6154 D PhFileGroupPop: Added file groups smart_suggestion_reranker_models
10-03 14:36:50.888  6114  6154 D PhFileGroupPop: Added file groups smart_actions_duo_grammars
10-03 14:36:50.890  6114  6154 D WebrefLocalSlicingFGP: Added file group webref-model-local
10-03 14:36:50.919  6114  6153 D afiv    : Starting download: https://www.gstatic.com/messages/smarts/smart_actions_ml_models/emotion_reply_combined_003_confidence.pb
10-03 14:36:50.919  6114  6153 V afiv    : Is http uri, downloading (uri: https://www.gstatic.com/messages/smarts/smart_actions_ml_models/emotion_reply_combined_003_confidence.pb)
10-03 14:36:50.921  6114  6211 D afiv    : Starting download: https://www.gstatic.com/messages/smarts/smart_actions_ml_models/emotion_reply_combined_005_confidence.pb
10-03 14:36:50.921  6114  6211 V afiv    : Is http uri, downloading (uri: https://www.gstatic.com/messages/smarts/smart_actions_ml_models/emotion_reply_combined_005_confidence.pb)
10-03 14:36:50.947  6114  6153 E afiv    : Non-success http response code 416 for: https://www.gstatic.com/messages/smarts/smart_actions_ml_models/emotion_reply_combined_003_confidence.pb
10-03 14:36:50.948  6114  6154 E MDD     : FileValidator: Downloaded file at uri = android://com.google.android.apps.messaging/files/datadownload/shared/public/datadownloadfile_1601308961559, checksum = 8121755cd9ba31f5c94ae3b45012eb59979bb3f6 verification failed
10-03 14:36:50.950  6114  6211 E afiv    : Non-success http response code 416 for: https://www.gstatic.com/messages/smarts/smart_actions_ml_models/emotion_reply_combined_005_confidence.pb
10-03 14:36:50.950  6114  6199 D afiv    : Starting download: https://www.gstatic.com/messages/smarts/smart_actions_ml_models/emotion_reply_individual_003_confidence.pb
10-03 14:36:50.950  6114  6199 V afiv    : Is http uri, downloading (uri: https://www.gstatic.com/messages/smarts/smart_actions_ml_models/emotion_reply_individual_003_confidence.pb)
10-03 14:36:50.951  6114  6153 D afiv    : Starting download: https://www.gstatic.com/messages/smarts/smart_actions_ml_models/emotion_reply_individual_005_confidence.pb
10-03 14:36:50.951  6114  6153 V afiv    : Is http uri, downloading (uri: https://www.gstatic.com/messages/smarts/smart_actions_ml_models/emotion_reply_individual_005_confidence.pb)
10-03 14:36:50.956  6114  6154 E MDD     : FileValidator: Downloaded file at uri = android://com.google.android.apps.messaging/files/datadownload/shared/public/datadownloadfile_1601308961560, checksum = 07a91bb0c9de5786a4aa6fadea3d3f737e5e495c verification failed
10-03 14:36:50.978  6114  6199 E afiv    : Non-success http response code 416 for: https://www.gstatic.com/messages/smarts/smart_actions_ml_models/emotion_reply_individual_003_confidence.pb
10-03 14:36:50.980  6114  6153 E afiv    : Non-success http response code 416 for: https://www.gstatic.com/messages/smarts/smart_actions_ml_models/emotion_reply_individual_005_confidence.pb
10-03 14:36:50.982  6114  6154 E MDD     : FileValidator: Downloaded file at uri = android://com.google.android.apps.messaging/files/datadownload/shared/public/datadownloadfile_1601308961561, checksum = 0e36ba4376bf0efe61a3f176663a385af4c1a683 verification failed
10-03 14:36:50.983  6114  6154 E MDD     : FileValidator: Downloaded file at uri = android://com.google.android.apps.messaging/files/datadownload/shared/public/datadownloadfile_1601308961562, checksum = cc396e284dd106483b6cff922b2cfb0ccf67861f verification failed
10-03 14:36:50.998  6114  6154 E MDD     : FileGroupManager downloadFileGroup smart_actions_emotive_models com.google.android.apps.messaging can't finish!
10-03 14:36:51.003  6114  6145 I WM-WorkerWrapper: Worker result SUCCESS for Work [ id=b1472706-80c8-4054-9e70-fc24e45ea5c4, tags={ MDD.WIFI.CHARGING.PERIODIC.TASK, com.google.android.libraries.mdi.download.workmanager.workers.PeriodicWorker } ]
10-03 14:36:51.008  1640  3817 I ActivityManager: Killing 5547:com.google.android.youtube/u0a79 (adj 906): empty for 3540s
10-03 14:36:51.010  1640  1656 W zygote  : kill(-5547, 9) failed: No such process
10-03 14:36:51.020  1640  3817 D ConnectivityService: requestNetwork for uid/pid:10068/6114 NetworkRequest [ TRACK_DEFAULT id=133, [ Capabilities: INTERNET&NOT_RESTRICTED&TRUSTED&NOT_VPN] ]
10-03 14:36:51.022  1640  1710 D WIFI    : got request NetworkRequest [ TRACK_DEFAULT id=133, [ Capabilities: INTERNET&NOT_RESTRICTED&TRUSTED&NOT_VPN] ] with score 60
10-03 14:36:51.022  1640  1710 D WIFI_UT : got request NetworkRequest [ TRACK_DEFAULT id=133, [ Capabilities: INTERNET&NOT_RESTRICTED&TRUSTED&NOT_VPN] ] with score 60
10-03 14:36:51.023  1862  1862 D PhoneSwitcherNetworkRequstListener: got request NetworkRequest [ TRACK_DEFAULT id=133, [ Capabilities: INTERNET&NOT_RESTRICTED&TRUSTED&NOT_VPN] ] with score 60
10-03 14:36:51.026  6114  6145 D MddListenableWorkerFactory: createWorker for class: com.google.android.libraries.mdi.download.workmanager.workers.PeriodicWorker
10-03 14:36:51.027  6114  6114 D MddPeriodicWorker: PeriodicWorker: startWork
10-03 14:36:51.030  6114  6153 E PhFileGroupPop: Failed to add file group 
10-03 14:36:51.032  6114  6153 I chatty  : uid=10068(com.google.android.apps.messaging) Blocking Thread identical 3 lines
10-03 14:36:51.034  6114  6153 E PhFileGroupPop: Failed to add file group 
10-03 14:36:51.034  6114  6145 D MddListenableWorkerFactory: createWorker for class: com.google.android.libraries.mdi.download.workmanager.workers.PeriodicWorker
10-03 14:36:51.034  6114  6153 E PhFileGroupPop: Failed to add file group 
10-03 14:36:51.035  6114  6153 I chatty  : uid=10068(com.google.android.apps.messaging) Blocking Thread identical 4 lines
10-03 14:36:51.036  6114  6153 E PhFileGroupPop: Failed to add file group 
10-03 14:36:51.038  6114  6153 E anjw    : RuntimeException while executing runnable anmn{aeti@66829e3} with executor MoreExecutors.directExecutor()
10-03 14:36:51.038  6114  6153 E anjw    : java.lang.NullPointerException: Attempt to read from field 'java.lang.String aecq.b' on a null object reference
10-03 14:36:51.038  6114  6153 E anjw    : 	at aeti.a(Unknown Source:10)
10-03 14:36:51.038  6114  6153 E anjw    : 	at anmn.run(PG:7)
10-03 14:36:51.038  6114  6153 E anjw    : 	at anls.execute(PG:3)
10-03 14:36:51.038  6114  6153 E anjw    : 	at anjw.b(PG:69)
10-03 14:36:51.038  6114  6153 E anjw    : 	at anjw.a(PG:25)
10-03 14:36:51.038  6114  6153 E anjw    : 	at anmr.a(PG:2)
10-03 14:36:51.038  6114  6153 E anjw    : 	at aetk.a(PG:16)
10-03 14:36:51.038  6114  6153 E anjw    : 	at aegk.c(PG:127)
10-03 14:36:51.038  6114  6153 E anjw    : 	at aegk.a(PG:119)
10-03 14:36:51.038  6114  6153 E anjw    : 	at aegk.b(PG:91)
10-03 14:36:51.038  6114  6153 E anjw    : 	at aeub.a(Unknown Source:6)
10-03 14:36:51.038  6114  6153 E anjw    : 	at anoc.b(Unknown Source:2)
10-03 14:36:51.038  6114  6153 E anjw    : 	at annd.run(PG:11)
10-03 14:36:51.038  6114  6153 E anjw    : 	at anoe.run(PG:10)
10-03 14:36:51.038  6114  6153 E anjw    : 	at ajnt.run(PG:1)
10-03 14:36:51.038  6114  6153 E anjw    : 	at java.util.concurrent.ThreadPoolExecutor.runWorker(ThreadPoolExecutor.java:1162)
10-03 14:36:51.038  6114  6153 E anjw    : 	at java.util.concurrent.ThreadPoolExecutor$Worker.run(ThreadPoolExecutor.java:636)
10-03 14:36:51.038  6114  6153 E anjw    : 	at ajme.run(Unknown Source:24)
10-03 14:36:51.038  6114  6153 E anjw    : 	at java.lang.Thread.run(Thread.java:764)
10-03 14:36:51.038  6114  6114 D MddPeriodicWorker: PeriodicWorker: startWork
10-03 14:36:51.040  6114  6153 E anjw    : RuntimeException while executing runnable anmn{aeti@56dd299} with executor MoreExecutors.directExecutor()
10-03 14:36:51.040  6114  6153 E anjw    : java.lang.NullPointerException: Attempt to read from field 'java.lang.String aecq.b' on a null object reference
10-03 14:36:51.040  6114  6153 E anjw    : 	at aeti.a(Unknown Source:10)
10-03 14:36:51.040  6114  6153 E anjw    : 	at anmn.run(PG:7)
10-03 14:36:51.040  6114  6153 E anjw    : 	at anls.execute(PG:3)
10-03 14:36:51.040  6114  6153 E anjw    : 	at anjw.b(PG:69)
10-03 14:36:51.040  6114  6153 E anjw    : 	at anjw.a(PG:25)
10-03 14:36:51.040  6114  6153 E anjw    : 	at anmr.a(PG:2)
10-03 14:36:51.040  6114  6153 E anjw    : 	at aetk.a(PG:16)
10-03 14:36:51.040  6114  6153 E anjw    : 	at aegk.c(PG:127)
10-03 14:36:51.040  6114  6153 E anjw    : 	at aegk.a(PG:119)
10-03 14:36:51.040  6114  6153 E anjw    : 	at aegk.b(PG:91)
10-03 14:36:51.040  6114  6153 E anjw    : 	at aeub.a(Unknown Source:6)
10-03 14:36:51.040  6114  6153 E anjw    : 	at anoc.b(Unknown Source:2)
10-03 14:36:51.040  6114  6153 E anjw    : 	at annd.run(PG:11)
10-03 14:36:51.040  6114  6153 E anjw    : 	at anoe.run(PG:10)
10-03 14:36:51.040  6114  6153 E anjw    : 	at ajnt.run(PG:1)
10-03 14:36:51.040  6114  6153 E anjw    : 	at java.util.concurrent.ThreadPoolExecutor.runWorker(ThreadPoolExecutor.java:1162)
10-03 14:36:51.040  6114  6153 E anjw    : 	at java.util.concurrent.ThreadPoolExecutor$Worker.run(ThreadPoolExecutor.java:636)
10-03 14:36:51.040  6114  6153 E anjw    : 	at ajme.run(Unknown Source:24)
10-03 14:36:51.040  6114  6153 E anjw    : 	at java.lang.Thread.run(Thread.java:764)
10-03 14:36:51.045  1640  1656 W zygote  : kill(-5547, 9) failed: No such process
10-03 14:36:51.067  1640  7100 D ConnectivityService: ConnectivityService NetworkRequestInfo binderDied(NetworkRequest [ LISTEN id=130, [ Capabilities: INTERNET&NOT_RESTRICTED&TRUSTED&FOREGROUND] ], android.os.BinderProxy@d78f910)
10-03 14:36:51.085  1640  1656 W zygote  : kill(-5547, 9) failed: No such process
10-03 14:36:51.085  1640  1656 I zygote  : Successfully killed process cgroup uid 10079 pid 5547 in 75ms
10-03 14:36:51.177  6114  6154 D PhFileGroupPop: Added file groups webref-model-local-index
10-03 14:36:51.179  6114  6154 D PhFileGroupPop: Added file groups smart_actions_grammars
10-03 14:36:51.182  6114  6154 D PhFileGroupPop: Added file groups smart_actions_ml_models
10-03 14:36:51.183  6114  6154 D PhFileGroupPop: Added file groups text_classifier
10-03 14:36:51.187  6114  6154 D PhFileGroupPop: Added file groups smart_actions_emotive_models
10-03 14:36:51.193  6114  6154 D PhFileGroupPop: Added file groups smarts_expressive_content_scoped_v1
10-03 14:36:51.194  6114  6154 D PhFileGroupPop: Added file groups scripted_reply
10-03 14:36:51.200  6114  6154 D PhFileGroupPop: Added file groups multitask_experiment
10-03 14:36:51.201  6114  6154 D PhFileGroupPop: Added file groups spam_verdict_enforcement_policy_config
10-03 14:36:51.203  6114  6154 D PhFileGroupPop: Added file groups smart_suggestion_reranker_models
10-03 14:36:51.205  6114  6154 D PhFileGroupPop: Added file groups smart_actions_duo_grammars
10-03 14:36:51.277  6114  6154 I zygote  : Deoptimizing void anka.run() due to JIT inline cache
10-03 14:36:51.330  6114  6120 I zygote  : Do full code cache collection, code=249KB, data=129KB
10-03 14:36:51.331  6114  6120 I zygote  : After code cache collection, code=233KB, data=112KB
10-03 14:36:51.459  6114  6120 I zygote  : Do partial code cache collection, code=241KB, data=116KB
10-03 14:36:51.460  6114  6120 I zygote  : After code cache collection, code=241KB, data=116KB
10-03 14:36:51.460  6114  6120 I zygote  : Increasing code cache capacity to 1024KB
10-03 14:36:51.716  1640  7100 D WificondControl: Scan result ready event
10-03 14:36:51.899  6114  6152 I zygote  : Deoptimizing java.lang.Object j$.util.concurrent.ConcurrentHashMap.get(java.lang.Object) due to JIT inline cache
10-03 14:36:51.903  6114  6152 I zygote  : Deoptimizing aqlr aqll.f() due to JIT same target
10-03 14:36:51.905  6114  6154 I zygote  : Deoptimizing void annk.execute(java.lang.Runnable) due to JIT inline cache
10-03 14:36:51.906  6114  6153 I zygote  : Deoptimizing java.lang.Object anmr.a(java.util.concurrent.Future) due to JIT inline cache
10-03 14:36:51.907  6114  6148 I WM-WorkerWrapper: Worker result SUCCESS for Work [ id=4d5fb9f3-f142-410a-bc36-7e05fea68c4a, tags={ MDD.MAINTENANCE.PERIODIC.GCM.TASK, com.google.android.libraries.mdi.download.workmanager.workers.PeriodicWorker } ]
10-03 14:36:51.907  6114  6154 D WebrefLocalSlicingFGP: Added file group webref-model-local
10-03 14:36:51.909  6114  6154 E PhFileGroupPop: Failed to add file group 
10-03 14:36:51.912  6114  6154 I chatty  : uid=10068(com.google.android.apps.messaging) Blocking Thread identical 9 lines
10-03 14:36:51.912  6114  6154 E PhFileGroupPop: Failed to add file group 
10-03 14:36:51.912  6114  6154 E anjw    : RuntimeException while executing runnable anmn{aeti@f3b9409} with executor MoreExecutors.directExecutor()
10-03 14:36:51.912  6114  6154 E anjw    : java.lang.NullPointerException: Attempt to read from field 'java.lang.String aecq.b' on a null object reference
10-03 14:36:51.912  6114  6154 E anjw    : 	at aeti.a(Unknown Source:10)
10-03 14:36:51.912  6114  6154 E anjw    : 	at anmn.run(PG:7)
10-03 14:36:51.912  6114  6154 E anjw    : 	at anls.execute(PG:3)
10-03 14:36:51.912  6114  6154 E anjw    : 	at anjw.b(PG:69)
10-03 14:36:51.912  6114  6154 E anjw    : 	at anjw.a(PG:25)
10-03 14:36:51.912  6114  6154 E anjw    : 	at anmr.a(PG:2)
10-03 14:36:51.912  6114  6154 E anjw    : 	at aetk.a(PG:16)
10-03 14:36:51.912  6114  6154 E anjw    : 	at aegk.c(PG:127)
10-03 14:36:51.912  6114  6154 E anjw    : 	at aefm.a(Unknown Source:4)
10-03 14:36:51.912  6114  6154 E anjw    : 	at anjy.a(Unknown Source:2)
10-03 14:36:51.912  6114  6154 E anjw    : 	at anka.run(PG:22)
10-03 14:36:51.912  6114  6154 E anjw    : 	at annj.run(PG:1)
10-03 14:36:51.912  6114  6154 E anjw    : 	at annu.run(PG:5)
10-03 14:36:51.912  6114  6154 E anjw    : 	at ajnt.run(PG:1)
10-03 14:36:51.912  6114  6154 E anjw    : 	at java.util.concurrent.ThreadPoolExecutor.runWorker(ThreadPoolExecutor.java:1162)
10-03 14:36:51.912  6114  6154 E anjw    : 	at java.util.concurrent.ThreadPoolExecutor$Worker.run(ThreadPoolExecutor.java:636)
10-03 14:36:51.912  6114  6154 E anjw    : 	at ajme.run(Unknown Source:24)
10-03 14:36:51.912  6114  6154 E anjw    : 	at java.lang.Thread.run(Thread.java:764)
10-03 14:36:51.912  6114  6154 E anjw    : RuntimeException while executing runnable anmn{aeti@53f6e3c} with executor MoreExecutors.directExecutor()
10-03 14:36:51.912  6114  6154 E anjw    : java.lang.NullPointerException: Attempt to read from field 'java.lang.String aecq.b' on a null object reference
10-03 14:36:51.912  6114  6154 E anjw    : 	at aeti.a(Unknown Source:10)
10-03 14:36:51.912  6114  6154 E anjw    : 	at anmn.run(PG:7)
10-03 14:36:51.912  6114  6154 E anjw    : 	at anls.execute(PG:3)
10-03 14:36:51.912  6114  6154 E anjw    : 	at anjw.b(PG:69)
10-03 14:36:51.912  6114  6154 E anjw    : 	at anjw.a(PG:25)
10-03 14:36:51.912  6114  6154 E anjw    : 	at anmr.a(PG:2)
10-03 14:36:51.912  6114  6154 E anjw    : 	at aetk.a(PG:16)
10-03 14:36:51.912  6114  6154 E anjw    : 	at aegk.c(PG:127)
10-03 14:36:51.912  6114  6154 E anjw    : 	at aefm.a(Unknown Source:4)
10-03 14:36:51.912  6114  6154 E anjw    : 	at anjy.a(Unknown Source:2)
10-03 14:36:51.912  6114  6154 E anjw    : 	at anka.run(PG:22)
10-03 14:36:51.912  6114  6154 E anjw    : 	at annj.run(PG:1)
10-03 14:36:51.912  6114  6154 E anjw    : 	at annu.run(PG:5)
10-03 14:36:51.912  6114  6154 E anjw    : 	at ajnt.run(PG:1)
10-03 14:36:51.912  6114  6154 E anjw    : 	at java.util.concurrent.ThreadPoolExecutor.runWorker(ThreadPoolExecutor.java:1162)
10-03 14:36:51.912  6114  6154 E anjw    : 	at java.util.concurrent.ThreadPoolExecutor$Worker.run(ThreadPoolExecutor.java:636)
10-03 14:36:51.912  6114  6154 E anjw    : 	at ajme.run(Unknown Source:24)
10-03 14:36:51.912  6114  6154 E anjw    : 	at java.lang.Thread.run(Thread.java:764)
10-03 14:36:51.998  6114  6154 D PhFileGroupPop: Added file groups webref-model-local-index
10-03 14:36:52.001  6114  6154 D PhFileGroupPop: Added file groups smart_actions_grammars
10-03 14:36:52.004  6114  6154 D PhFileGroupPop: Added file groups smart_actions_ml_models
10-03 14:36:52.006  6114  6154 D PhFileGroupPop: Added file groups text_classifier
10-03 14:36:52.009  6114  6154 D PhFileGroupPop: Added file groups smart_actions_emotive_models
10-03 14:36:52.013  6114  6154 D PhFileGroupPop: Added file groups smarts_expressive_content_scoped_v1
10-03 14:36:52.014  6114  6154 D PhFileGroupPop: Added file groups scripted_reply
10-03 14:36:52.021  6114  6154 D PhFileGroupPop: Added file groups multitask_experiment
10-03 14:36:52.022  6114  6154 D PhFileGroupPop: Added file groups spam_verdict_enforcement_policy_config
10-03 14:36:52.023  6114  6154 D PhFileGroupPop: Added file groups smart_suggestion_reranker_models
10-03 14:36:52.024  6114  6154 D PhFileGroupPop: Added file groups smart_actions_duo_grammars
10-03 14:36:52.026  6114  6154 D WebrefLocalSlicingFGP: Added file group webref-model-local
10-03 14:36:52.028  6114  6148 I WM-WorkerWrapper: Worker result SUCCESS for Work [ id=b434430f-e185-4c48-8b3e-14dde42cb088, tags={ MDD.CELLULAR.CHARGING.PERIODIC.TASK, com.google.android.libraries.mdi.download.workmanager.workers.PeriodicWorker } ]
10-03 14:36:52.031  1640  1714 D ConnectivityService: releasing NetworkRequest [ TRACK_DEFAULT id=133, [ Capabilities: INTERNET&NOT_RESTRICTED&TRUSTED&NOT_VPN] ] (release request)
10-03 14:36:54.920  6114  6148 W ResourceType: For resource 0x7f130649, entry index(1609) is beyond type entryCount(715)
10-03 14:36:54.920  6114  6148 W ResourceType: For resource 0x7f1302ea, entry index(746) is beyond type entryCount(715)
10-03 14:36:54.921  6114  6148 W BugleRcsEngine: [1778] abgl.d: Carrier Services Apk was not found.
10-03 14:36:54.929  6114  6144 V AssistantIntegClient: #getAssistantConfig()
10-03 14:36:54.932  6114  6114 I Bugle   : Carrier config changed. Reloading MMS config.
10-03 14:36:54.932  6114  6148 I BugleRcsEngine: [1778] abgl.a: Cannot get service version because CS.apk was not found, not pre-loaded or disabled.
10-03 14:36:54.939  6114  6146 I BugleRcsEngine: [1776] abbi.<init>: (Sim): Initializing SimStateTracker with multi-sim support
10-03 14:36:54.944  6114  6144 I BugleNetwork: Startup: registering tachyon.
10-03 14:36:54.945  6114  6148 W BugleRcsEngine: [1778] abgl.a: Service with meta data key: JibeServiceApiVersions is not compatible. Service Version 1 is not supported. Supported versions: []
10-03 14:36:54.947  6114  6159 I Forking : Starting analysis.
10-03 14:36:54.947  6114  6146 I BugleRcsEngine: [1776] abbp.<init>: (SingleSim): Initializing SimStateTracker for single-sim device
10-03 14:36:54.951 22468 22515 W ResourceType: ResTable_typeSpec entry count inconsistent: given 891, previously 906
10-03 14:36:54.951 22468 22515 W ResourceType: ResTable_typeSpec entry count inconsistent: given 715, previously 2338
10-03 14:36:54.951 22468 22515 W ResourceType: ResTable_typeSpec entry count inconsistent: given 278, previously 1369
10-03 14:36:54.953  6114  6148 I BugleRcsEngine: [1778] abgl.b: Not using CS JibeService because it is not compatible with AM.
10-03 14:36:54.953  6114  6151 W ResourceType: ResTable_typeSpec entry count inconsistent: given 891, previously 906
10-03 14:36:54.953  6114  6151 W ResourceType: ResTable_typeSpec entry count inconsistent: given 715, previously 2338
10-03 14:36:54.953  6114  6151 W ResourceType: ResTable_typeSpec entry count inconsistent: given 278, previously 1369
10-03 14:36:54.955  6114  6151 W Bugle   : BuglePhoneNumberUtils: canonicalizeMccMnc: invalid mccmnc. mcc: null, mnc: null
10-03 14:36:55.041  6171  6221 I CarrierServices: [1779] ProvisioningEventReceiver.a: Received Provisioning Event: [Bugle information (100)]
10-03 14:36:55.041  6114  6142 W ConnectionTracker: Exception thrown while unbinding
10-03 14:36:55.041  6114  6142 W ConnectionTracker: java.lang.IllegalArgumentException: Service not registered: lx@37d94f7
10-03 14:36:55.041  6114  6142 W ConnectionTracker: 	at android.app.LoadedApk.forgetServiceDispatcher(LoadedApk.java:1484)
10-03 14:36:55.041  6114  6142 W ConnectionTracker: 	at android.app.ContextImpl.unbindService(ContextImpl.java:1638)
10-03 14:36:55.041  6114  6142 W ConnectionTracker: 	at android.content.ContextWrapper.unbindService(ContextWrapper.java:703)
10-03 14:36:55.041  6114  6142 W ConnectionTracker: 	at ci.b(:com.google.android.gms.dynamite_measurementdynamite@203315052@20.33.15 (040700-0):1)
10-03 14:36:55.041  6114  6142 W ConnectionTracker: 	at ci.a(:com.google.android.gms.dynamite_measurementdynamite@203315052@20.33.15 (040700-0):6)
10-03 14:36:55.041  6114  6142 W ConnectionTracker: 	at ly.A(:com.google.android.gms.dynamite_measurementdynamite@203315052@20.33.15 (040700-0):10)
10-03 14:36:55.041  6114  6142 W ConnectionTracker: 	at li.a(:com.google.android.gms.dynamite_measurementdynamite@203315052@20.33.15 (040700-0):3)
10-03 14:36:55.041  6114  6142 W ConnectionTracker: 	at ec.run(:com.google.android.gms.dynamite_measurementdynamite@203315052@20.33.15 (040700-0):3)
10-03 14:36:55.041  6114  6142 W ConnectionTracker: 	at java.util.concurrent.Executors$RunnableAdapter.call(Executors.java:457)
10-03 14:36:55.041  6114  6142 W ConnectionTracker: 	at java.util.concurrent.FutureTask.run(FutureTask.java:266)
10-03 14:36:55.041  6114  6142 W ConnectionTracker: 	at jb.run(:com.google.android.gms.dynamite_measurementdynamite@203315052@20.33.15 (040700-0):6)
10-03 14:36:55.047  6171  6221 I CarrierServices: [1779] ProvisioningEventReceiver.a: JibeService is not running
10-03 14:36:55.063  6114  6151 W Bugle   : Obsolete carrier config resource: smsToMmsTextThreshold res: 12, sys: -1
10-03 14:36:55.065  6171  6221 W CarrierServices: [1779] ProvisioningEventReceiver.a: Event is not a valid user action. Discarding it.
10-03 14:36:55.083  6114  6148 I BugleJobs: Scheduling IcingRecurringWorker. [CONTEXT class_name="IcingMonitoringUtils" ]
10-03 14:36:55.095  6114  6151 W BugleRcsEngine: [1781] abbi.a: (Sim): Unexpected action: android.intent.action.ACTION_DEFAULT_DATA_SUBSCRIPTION_CHANGED
10-03 14:36:55.103  6114  6146 I BugleRcsEngine: [1776] zvx.b: Reinitialize CSLib Flags: com.google.android.ims.library
10-03 14:36:55.117  6114  6220 I BugleRcsEngine: [1816] abbm.a: do not delay first event
10-03 14:36:55.117  6114  6151 W BugleRcsEngine: [1781] abbi.a: (Sim): Unexpected action: android.intent.action.ACTION_DEFAULT_VOICE_SUBSCRIPTION_CHANGED
10-03 14:36:55.126 22468 22515 W ResourceType: ResTable_typeSpec entry count inconsistent: given 891, previously 906
10-03 14:36:55.126 22468 22515 W ResourceType: ResTable_typeSpec entry count inconsistent: given 715, previously 2338
10-03 14:36:55.127 22468 22515 W ResourceType: ResTable_typeSpec entry count inconsistent: given 278, previously 1369
10-03 14:36:55.130  6114  6146 W ResourceType: For resource 0x7f130600, entry index(1536) is beyond type entryCount(715)
10-03 14:36:55.136  6114  6153 I GnpSdk  : [PhenotypeManagerImpl] Phenotype registration SUCCESS
10-03 14:36:55.137  6114  6144 I BugleNetwork: Startup: registering tachyon for phone.
10-03 14:36:55.139  6114  6144 I BugleNetwork: Profile service is not connected at startup task.
10-03 14:36:55.143  6114  6151 W BugleRcsEngine: [1781] abbi.a: (Sim): Unexpected action: android.telephony.action.CARRIER_CONFIG_CHANGED
10-03 14:36:55.144  6114  6144 W ResourceType: For resource 0x7f1308c7, entry index(2247) is beyond type entryCount(715)
10-03 14:36:55.167  6114  6160 I BugleRcsEngine: [1790] abbm.a: SIM delay is not enabled
10-03 14:36:55.179  6114  6146 W ResourceType: ResTable_typeSpec entry count inconsistent: given 891, previously 906
10-03 14:36:55.179  6114  6146 W ResourceType: ResTable_typeSpec entry count inconsistent: given 715, previously 2338
10-03 14:36:55.179  6114  6146 W ResourceType: ResTable_typeSpec entry count inconsistent: given 278, previously 1369
10-03 14:36:55.185  6114  6160 W BugleRcsEngine: [1790] abbi.c: (Sim): process intent: android.intent.action.SIM_STATE_CHANGED
10-03 14:36:55.185  6114  6146 W Bugle   : BuglePhoneNumberUtils: canonicalizeMccMnc: invalid mccmnc. mcc: null, mnc: null
10-03 14:36:55.188  6114  6219 W AssistantConfig: appIntegrationDataInBase64 is null
10-03 14:36:55.189  6114  6146 W Bugle   : Obsolete carrier config resource: smsToMmsTextThreshold res: 12, sys: -1
10-03 14:36:55.202  6114  6220 I BugleRcsEngine: [1816] abbi.e: (Sim): Processing an intent
10-03 14:36:55.205  6114  6211 D MDD WorkManagerTaskScheduler: Scheduling periodic tasks for MDD lib MDD.CHARGING.PERIODIC.TASK 21600
10-03 14:36:55.206  6114  6146 I zygote  : Deoptimizing void annv.execute(java.lang.Runnable) due to JIT inline cache
10-03 14:36:55.207  6114  6151 W Bugle   : BuglePhoneNumberUtils: canonicalizeMccMnc: invalid mccmnc. mcc: null, mnc: null
10-03 14:36:55.210  6114  6211 D MDD WorkManagerTaskScheduler: Scheduling periodic tasks for MDD lib MDD.MAINTENANCE.PERIODIC.GCM.TASK 86400
10-03 14:36:55.210  6114  6151 W Bugle   : Obsolete carrier config resource: smsToMmsTextThreshold res: 12, sys: -1
10-03 14:36:55.210  6114  6211 D MDD WorkManagerTaskScheduler: Scheduling periodic tasks for MDD lib MDD.CELLULAR.CHARGING.PERIODIC.TASK 21600
10-03 14:36:55.211  6114  6146 I BugleRcsEngine: [1776] fmw.a: Provisioning task in Bugle is disabled by P/H flag
10-03 14:36:55.211  6114  6211 D MDD WorkManagerTaskScheduler: Scheduling periodic tasks for MDD lib MDD.WIFI.CHARGING.PERIODIC.TASK 3600
10-03 14:36:55.211  6114  6211 I BugleMDD: MddBackgroundStartupTask: Scheduled MDD periodic tasks.
10-03 14:36:55.216  6114  6220 I BugleRcsEngine: [1816] abbi.a: (Sim): SIM state LOADED
10-03 14:36:55.217  6114  6153 I GnpSdk  : [PhenotypeManagerImpl] Phenotype registration SUCCESS
10-03 14:36:55.268  6114  6146 W ResourceType: For resource 0x7f130399, entry index(921) is beyond type entryCount(715)
10-03 14:36:55.284  6114  6144 I BugleRcsEngine: [1774] zvx.b: Reinitialize CSLib Flags: com.google.android.ims.library
10-03 14:36:55.290  6114  6146 D MDD WorkManagerTaskScheduler: Successfully updated periodic tasks for MDD lib MDD.MAINTENANCE.PERIODIC.GCM.TASK 86400
10-03 14:36:55.290  6114  6146 D MDD WorkManagerTaskScheduler: Successfully updated periodic tasks for MDD lib MDD.CELLULAR.CHARGING.PERIODIC.TASK 21600
10-03 14:36:55.291  6114  6146 D MDD WorkManagerTaskScheduler: Successfully updated periodic tasks for MDD lib MDD.WIFI.CHARGING.PERIODIC.TASK 3600
